Archive member included to satisfy reference by file (symbol)

D:/Desktop/new_carrycar/test/Middlewares/ST/ARM/DSP/Lib\libarm_cortexM4lf_math.a(arm_sin_f32.o)
                              CMakeFiles/test.elf.dir/User_File/1_Middleware/1_Driver/Math/drv_math.cpp.obj (arm_sin_f32)
D:/Desktop/new_carrycar/test/Middlewares/ST/ARM/DSP/Lib\libarm_cortexM4lf_math.a(arm_cos_f32.o)
                              CMakeFiles/test.elf.dir/User_File/3_Chariot/1_Module/Chassis/crt_chassis.cpp.obj (arm_cos_f32)
D:/Desktop/new_carrycar/test/Middlewares/ST/ARM/DSP/Lib\libarm_cortexM4lf_math.a(arm_common_tables.o)
                              D:/Desktop/new_carrycar/test/Middlewares/ST/ARM/DSP/Lib\libarm_cortexM4lf_math.a(arm_sin_f32.o) (sinTable_f32)
C:/msys64/mingw64/bin/../lib/gcc/arm-none-eabi/13.3.0/../../../../arm-none-eabi/lib/thumb/v7e-m+fp/hard\libm.a(libm_a-wf_atan2.o)
                              CMakeFiles/test.elf.dir/User_File/3_Chariot/1_Module/Chassis/crt_chassis.cpp.obj (atan2f)
C:/msys64/mingw64/bin/../lib/gcc/arm-none-eabi/13.3.0/../../../../arm-none-eabi/lib/thumb/v7e-m+fp/hard\libm.a(libm_a-wf_fmod.o)
                              CMakeFiles/test.elf.dir/User_File/3_Chariot/1_Module/Chassis/crt_chassis.cpp.obj (fmodf)
C:/msys64/mingw64/bin/../lib/gcc/arm-none-eabi/13.3.0/../../../../arm-none-eabi/lib/thumb/v7e-m+fp/hard\libm.a(libm_a-wf_pow.o)
                              CMakeFiles/test.elf.dir/User_File/2_Device/Serialplot/dvc_serialplot.cpp.obj (powf)
C:/msys64/mingw64/bin/../lib/gcc/arm-none-eabi/13.3.0/../../../../arm-none-eabi/lib/thumb/v7e-m+fp/hard\libm.a(libm_a-sf_finite.o)
                              C:/msys64/mingw64/bin/../lib/gcc/arm-none-eabi/13.3.0/../../../../arm-none-eabi/lib/thumb/v7e-m+fp/hard\libm.a(libm_a-wf_pow.o) (finitef)
C:/msys64/mingw64/bin/../lib/gcc/arm-none-eabi/13.3.0/../../../../arm-none-eabi/lib/thumb/v7e-m+fp/hard\libm.a(libm_a-ef_atan2.o)
                              C:/msys64/mingw64/bin/../lib/gcc/arm-none-eabi/13.3.0/../../../../arm-none-eabi/lib/thumb/v7e-m+fp/hard\libm.a(libm_a-wf_atan2.o) (__ieee754_atan2f)
C:/msys64/mingw64/bin/../lib/gcc/arm-none-eabi/13.3.0/../../../../arm-none-eabi/lib/thumb/v7e-m+fp/hard\libm.a(libm_a-ef_fmod.o)
                              C:/msys64/mingw64/bin/../lib/gcc/arm-none-eabi/13.3.0/../../../../arm-none-eabi/lib/thumb/v7e-m+fp/hard\libm.a(libm_a-wf_fmod.o) (__ieee754_fmodf)
C:/msys64/mingw64/bin/../lib/gcc/arm-none-eabi/13.3.0/../../../../arm-none-eabi/lib/thumb/v7e-m+fp/hard\libm.a(libm_a-ef_pow.o)
                              C:/msys64/mingw64/bin/../lib/gcc/arm-none-eabi/13.3.0/../../../../arm-none-eabi/lib/thumb/v7e-m+fp/hard\libm.a(libm_a-wf_pow.o) (__ieee754_powf)
C:/msys64/mingw64/bin/../lib/gcc/arm-none-eabi/13.3.0/../../../../arm-none-eabi/lib/thumb/v7e-m+fp/hard\libm.a(libm_a-sf_atan.o)
                              C:/msys64/mingw64/bin/../lib/gcc/arm-none-eabi/13.3.0/../../../../arm-none-eabi/lib/thumb/v7e-m+fp/hard\libm.a(libm_a-ef_atan2.o) (atanf)
C:/msys64/mingw64/bin/../lib/gcc/arm-none-eabi/13.3.0/../../../../arm-none-eabi/lib/thumb/v7e-m+fp/hard\libm.a(libm_a-sf_fabs.o)
                              C:/msys64/mingw64/bin/../lib/gcc/arm-none-eabi/13.3.0/../../../../arm-none-eabi/lib/thumb/v7e-m+fp/hard\libm.a(libm_a-ef_atan2.o) (fabsf)
C:/msys64/mingw64/bin/../lib/gcc/arm-none-eabi/13.3.0/../../../../arm-none-eabi/lib/thumb/v7e-m+fp/hard\libm.a(libm_a-sf_scalbn.o)
                              C:/msys64/mingw64/bin/../lib/gcc/arm-none-eabi/13.3.0/../../../../arm-none-eabi/lib/thumb/v7e-m+fp/hard\libm.a(libm_a-ef_pow.o) (scalbnf)
C:/msys64/mingw64/bin/../lib/gcc/arm-none-eabi/13.3.0/../../../../arm-none-eabi/lib/thumb/v7e-m+fp/hard\libm.a(libm_a-math_errf.o)
                              C:/msys64/mingw64/bin/../lib/gcc/arm-none-eabi/13.3.0/../../../../arm-none-eabi/lib/thumb/v7e-m+fp/hard\libm.a(libm_a-ef_pow.o) (__math_uflowf)
C:/msys64/mingw64/bin/../lib/gcc/arm-none-eabi/13.3.0/../../../../arm-none-eabi/lib/thumb/v7e-m+fp/hard\libm.a(libm_a-ef_sqrt.o)
                              C:/msys64/mingw64/bin/../lib/gcc/arm-none-eabi/13.3.0/../../../../arm-none-eabi/lib/thumb/v7e-m+fp/hard\libm.a(libm_a-ef_pow.o) (__ieee754_sqrtf)
C:/msys64/mingw64/bin/../lib/gcc/arm-none-eabi/13.3.0/thumb/v7e-m+fp/hard\libgcc.a(_aeabi_ldivmod.o)
                              CMakeFiles/test.elf.dir/Drivers/STM32F4xx_HAL_Driver/Src/stm32f4xx_hal_rcc.c.obj (__aeabi_ldivmod)
C:/msys64/mingw64/bin/../lib/gcc/arm-none-eabi/13.3.0/thumb/v7e-m+fp/hard\libgcc.a(_aeabi_uldivmod.o)
                              CMakeFiles/test.elf.dir/Drivers/STM32F4xx_HAL_Driver/Src/stm32f4xx_hal_rcc.c.obj (__aeabi_uldivmod)
C:/msys64/mingw64/bin/../lib/gcc/arm-none-eabi/13.3.0/thumb/v7e-m+fp/hard\libgcc.a(_udivmoddi4.o)
                              C:/msys64/mingw64/bin/../lib/gcc/arm-none-eabi/13.3.0/thumb/v7e-m+fp/hard\libgcc.a(_aeabi_ldivmod.o) (__udivmoddi4)
[...]
Memory Configuration

Name             Origin             Length             Attributes
CCMRAM           0x10000000         0x00010000         xrw
RAM              0x20000000         0x00030000         xrw
FLASH            0x08000000         0x00200000         xr
*default*        0x00000000         0xffffffff

Linker script and memory map

LOAD C:/msys64/mingw64/bin/../lib/gcc/arm-none-eabi/13.3.0/thumb/v7e-m+fp/hard/crti.o
LOAD C:/msys64/mingw64/bin/../lib/gcc/arm-none-eabi/13.3.0/thumb/v7e-m+fp/hard/crtbegin.o
LOAD C:/msys64/mingw64/bin/../lib/gcc/arm-none-eabi/13.3.0/../../../../arm-none-eabi/lib/thumb/v7e-m+fp/hard/crt0.o
LOAD CMakeFiles/test.elf.dir/Core/Src/adc.c.obj
LOAD CMakeFiles/test.elf.dir/Core/Src/can.c.obj
LOAD CMakeFiles/test.elf.dir/Core/Src/dma.c.obj
LOAD CMakeFiles/test.elf.dir/Core/Src/gpio.c.obj
LOAD CMakeFiles/test.elf.dir/Core/Src/iwdg.c.obj
LOAD CMakeFiles/test.elf.dir/Core/Src/main.c.obj
LOAD CMakeFiles/test.elf.dir/Core/Src/spi.c.obj
LOAD CMakeFiles/test.elf.dir/Core/Src/stm32f4xx_hal_msp.c.obj
LOAD CMakeFiles/test.elf.dir/Core/Src/stm32f4xx_it.c.obj
LOAD CMakeFiles/test.elf.dir/Core/Src/syscalls.c.obj
LOAD CMakeFiles/test.elf.dir/Core/Src/sysmem.c.obj
LOAD CMakeFiles/test.elf.dir/Core/Src/system_stm32f4xx.c.obj
LOAD CMakeFiles/test.elf.dir/Core/Src/tim.c.obj
LOAD CMakeFiles/test.elf.dir/Core/Src/usart.c.obj
LOAD CMakeFiles/test.elf.dir/Core/Startup/startup_stm32f427iihx.s.obj
LOAD CMakeFiles/test.elf.dir/Drivers/STM32F4xx_HAL_Driver/Src/stm32f4xx_hal.c.obj
LOAD CMakeFiles/test.elf.dir/Drivers/STM32F4xx_HAL_Driver/Src/stm32f4xx_hal_adc.c.obj
LOAD CMakeFiles/test.elf.dir/Drivers/STM32F4xx_HAL_Driver/Src/stm32f4xx_hal_adc_ex.c.obj
LOAD CMakeFiles/test.elf.dir/Drivers/STM32F4xx_HAL_Driver/Src/stm32f4xx_hal_can.c.obj
LOAD CMakeFiles/test.elf.dir/Drivers/STM32F4xx_HAL_Driver/Src/stm32f4xx_hal_cortex.c.obj
LOAD CMakeFiles/test.elf.dir/Drivers/STM32F4xx_HAL_Driver/Src/stm32f4xx_hal_dma.c.obj
LOAD CMakeFiles/test.elf.dir/Drivers/STM32F4xx_HAL_Driver/Src/stm32f4xx_hal_dma_ex.c.obj
LOAD CMakeFiles/test.elf.dir/Drivers/STM32F4xx_HAL_Driver/Src/stm32f4xx_hal_exti.c.obj
LOAD CMakeFiles/test.elf.dir/Drivers/STM32F4xx_HAL_Driver/Src/stm32f4xx_hal_flash.c.obj
LOAD CMakeFiles/test.elf.dir/Drivers/STM32F4xx_HAL_Driver/Src/stm32f4xx_hal_flash_ex.c.obj
LOAD CMakeFiles/test.elf.dir/Drivers/STM32F4xx_HAL_Driver/Src/stm32f4xx_hal_flash_ramfunc.c.obj
LOAD CMakeFiles/test.elf.dir/Drivers/STM32F4xx_HAL_Driver/Src/stm32f4xx_hal_gpio.c.obj
LOAD CMakeFiles/test.elf.dir/Drivers/STM32F4xx_HAL_Driver/Src/stm32f4xx_hal_iwdg.c.obj
LOAD CMakeFiles/test.elf.dir/Drivers/STM32F4xx_HAL_Driver/Src/stm32f4xx_hal_pcd.c.obj
LOAD CMakeFiles/test.elf.dir/Drivers/STM32F4xx_HAL_Driver/Src/stm32f4xx_hal_pcd_ex.c.obj
LOAD CMakeFiles/test.elf.dir/Drivers/STM32F4xx_HAL_Driver/Src/stm32f4xx_hal_pwr.c.obj
LOAD CMakeFiles/test.elf.dir/Drivers/STM32F4xx_HAL_Driver/Src/stm32f4xx_hal_pwr_ex.c.obj
LOAD CMakeFiles/test.elf.dir/Drivers/STM32F4xx_HAL_Driver/Src/stm32f4xx_hal_rcc.c.obj
LOAD CMakeFiles/test.elf.dir/Drivers/STM32F4xx_HAL_Driver/Src/stm32f4xx_hal_rcc_ex.c.obj
LOAD CMakeFiles/test.elf.dir/Drivers/STM32F4xx_HAL_Driver/Src/stm32f4xx_hal_spi.c.obj
LOAD CMakeFiles/test.elf.dir/Drivers/STM32F4xx_HAL_Driver/Src/stm32f4xx_hal_tim.c.obj
LOAD CMakeFiles/test.elf.dir/Drivers/STM32F4xx_HAL_Driver/Src/stm32f4xx_hal_tim_ex.c.obj
LOAD CMakeFiles/test.elf.dir/Drivers/STM32F4xx_HAL_Driver/Src/stm32f4xx_hal_uart.c.obj
LOAD CMakeFiles/test.elf.dir/Drivers/STM32F4xx_HAL_Driver/Src/stm32f4xx_ll_adc.c.obj
LOAD CMakeFiles/test.elf.dir/Drivers/STM32F4xx_HAL_Driver/Src/stm32f4xx_ll_usb.c.obj
LOAD CMakeFiles/test.elf.dir/Middlewares/ST/STM32_USB_Device_Library/Class/CDC/Src/usbd_cdc.c.obj
LOAD CMakeFiles/test.elf.dir/Middlewares/ST/STM32_USB_Device_Library/Core/Src/usbd_core.c.obj
LOAD CMakeFiles/test.elf.dir/Middlewares/ST/STM32_USB_Device_Library/Core/Src/usbd_ctlreq.c.obj
LOAD CMakeFiles/test.elf.dir/Middlewares/ST/STM32_USB_Device_Library/Core/Src/usbd_ioreq.c.obj
LOAD CMakeFiles/test.elf.dir/USB_DEVICE/App/usb_device.c.obj
LOAD CMakeFiles/test.elf.dir/USB_DEVICE/App/usbd_cdc_if.c.obj
LOAD CMakeFiles/test.elf.dir/USB_DEVICE/App/usbd_desc.c.obj
LOAD CMakeFiles/test.elf.dir/USB_DEVICE/Target/usbd_conf.c.obj
LOAD CMakeFiles/test.elf.dir/User_File/1_Middleware/1_Driver/ADC/drv_adc.cpp.obj
LOAD CMakeFiles/test.elf.dir/User_File/1_Middleware/1_Driver/BSP/drv_djiboarda.cpp.obj
LOAD CMakeFiles/test.elf.dir/User_File/1_Middleware/1_Driver/CAN/drv_can.cpp.obj
LOAD CMakeFiles/test.elf.dir/User_File/1_Middleware/1_Driver/Math/drv_math.cpp.obj
LOAD CMakeFiles/test.elf.dir/User_File/1_Middleware/1_Driver/SPI/drv_spi.cpp.obj
LOAD CMakeFiles/test.elf.dir/User_File/1_Middleware/1_Driver/TIM/drv_tim.cpp.obj
LOAD CMakeFiles/test.elf.dir/User_File/1_Middleware/1_Driver/UART/drv_uart.cpp.obj
LOAD CMakeFiles/test.elf.dir/User_File/1_Middleware/1_Driver/WDG/drv_wdg.cpp.obj
LOAD CMakeFiles/test.elf.dir/User_File/1_Middleware/2_Algorithm/FSM/alg_fsm.cpp.obj
LOAD CMakeFiles/test.elf.dir/User_File/1_Middleware/2_Algorithm/Filter/alg_filter.cpp.obj
LOAD CMakeFiles/test.elf.dir/User_File/1_Middleware/2_Algorithm/PID/alg_pid.cpp.obj
LOAD CMakeFiles/test.elf.dir/User_File/1_Middleware/2_Algorithm/Queue/alg_queue.cpp.obj
LOAD CMakeFiles/test.elf.dir/User_File/1_Middleware/2_Algorithm/Slope/alg_slope.cpp.obj
LOAD CMakeFiles/test.elf.dir/User_File/1_Middleware/2_Algorithm/Timer/alg_timer.cpp.obj
LOAD CMakeFiles/test.elf.dir/User_File/2_Device/AHRS/AHRS_WHEELTEC/dvc_ahrs_wheeltec.cpp.obj
LOAD CMakeFiles/test.elf.dir/User_File/2_Device/AHRS/AHRS_WIT/dvc_ahrs_wit.cpp.obj
LOAD CMakeFiles/test.elf.dir/User_File/2_Device/DR16/dvc_dr16.cpp.obj
LOAD CMakeFiles/test.elf.dir/User_File/2_Device/Manifold/dvc_manifold.cpp.obj
LOAD CMakeFiles/test.elf.dir/User_File/2_Device/Motor/Motor_DJI/dvc_motor_dji.cpp.obj
LOAD CMakeFiles/test.elf.dir/User_File/2_Device/Motor/Motor_DM/dvc_motor_dm.cpp.obj
LOAD CMakeFiles/test.elf.dir/User_File/2_Device/Powermeter/dvc_powermeter.cpp.obj
LOAD CMakeFiles/test.elf.dir/User_File/2_Device/Referee/dvc_referee.cpp.obj
LOAD CMakeFiles/test.elf.dir/User_File/2_Device/Sampler/dvc_sampler.cpp.obj
LOAD CMakeFiles/test.elf.dir/User_File/2_Device/Serialplot/dvc_serialplot.cpp.obj
LOAD CMakeFiles/test.elf.dir/User_File/2_Device/Supercap/Supercap_23/dvc_supercap_23.cpp.obj
LOAD CMakeFiles/test.elf.dir/User_File/2_Device/Supercap/Supercap_24/dvc_supercap_24.cpp.obj
LOAD CMakeFiles/test.elf.dir/User_File/3_Chariot/1_Module/Booster/Booster_Motor/crt_booster_motor.cpp.obj
LOAD CMakeFiles/test.elf.dir/User_File/3_Chariot/1_Module/Booster/crt_booster.cpp.obj
LOAD CMakeFiles/test.elf.dir/User_File/3_Chariot/1_Module/Chassis/crt_chassis.cpp.obj
LOAD CMakeFiles/test.elf.dir/User_File/3_Chariot/1_Module/Gimbal/Gimbal_Motor/crt_gimbal_motor.cpp.obj
LOAD CMakeFiles/test.elf.dir/User_File/3_Chariot/1_Module/Gimbal/crt_gimbal.cpp.obj
LOAD CMakeFiles/test.elf.dir/User_File/3_Chariot/2_Posture/Posture/crt_posture.cpp.obj
LOAD CMakeFiles/test.elf.dir/User_File/4_Interaction/ita_robot.cpp.obj
LOAD CMakeFiles/test.elf.dir/User_File/5_Task/tsk_config_and_callback.cpp.obj
LOAD D:/Desktop/new_carrycar/test/Middlewares/ST/ARM/DSP/Lib\libarm_cortexM4lf_math.a
LOAD C:/msys64/mingw64/bin/../lib/gcc/arm-none-eabi/13.3.0/../../../../arm-none-eabi/lib/thumb/v7e-m+fp/hard\libstdc++.a
LOAD C:/msys64/mingw64/bin/../lib/gcc/arm-none-eabi/13.3.0/../../../../arm-none-eabi/lib/thumb/v7e-m+fp/hard\libm.a
START GROUP
LOAD C:/msys64/mingw64/bin/../lib/gcc/arm-none-eabi/13.3.0/thumb/v7e-m+fp/hard\libgcc.a
LOAD C:/msys64/mingw64/bin/../lib/gcc/arm-none-eabi/13.3.0/../../../../arm-none-eabi/lib/thumb/v7e-m+fp/hard\libg.a
LOAD C:/msys64/mingw64/bin/../lib/gcc/arm-none-eabi/13.3.0/../../../../arm-none-eabi/lib/thumb/v7e-m+fp/hard\libc.a
END GROUP
LOAD C:/msys64/mingw64/bin/../lib/gcc/arm-none-eabi/13.3.0/thumb/v7e-m+fp/hard/crtend.o
LOAD C:/msys64/mingw64/bin/../lib/gcc/arm-none-eabi/13.3.0/thumb/v7e-m+fp/hard/crtn.o
                0x20030000                        _estack = (ORIGIN (RAM) + LENGTH (RAM))
                0x00004000                        _Min_Heap_Size = 0x4000
                0x00008000                        _Min_Stack_Size = 0x8000

.isr_vector     0x08000000      0x1ac
                0x08000000                        . = ALIGN (0x4)
 *(.isr_vector)
 .isr_vector    0x08000000      0x1ac CMakeFiles/test.elf.dir/Core/Startup/startup_stm32f427iihx.s.obj
                0x08000000                g_pfnVectors
                0x080001ac                        . = ALIGN (0x4)

.text           0x080001c0    0x14e8c
                0x080001c0                        . = ALIGN (0x4)
 *(.text)
 .text          0x080001c0        0x4 C:/msys64/mingw64/bin/../lib/gcc/arm-none-eabi/13.3.0/../../../../arm-none-eabi/lib/thumb/v7e-m+fp/hard\libm.a(libm_a-wf_atan2.o)
                0x080001c0                atan2f
 .text          0x080001c4       0x48 C:/msys64/mingw64/bin/../lib/gcc/arm-none-eabi/13.3.0/../../../../arm-none-eabi/lib/thumb/v7e-m+fp/hard\libm.a(libm_a-wf_fmod.o)
                0x080001c4                fmodf
 .text          0x0800020c       0xbc C:/msys64/mingw64/bin/../lib/gcc/arm-none-eabi/13.3.0/../../../../arm-none-eabi/lib/thumb/v7e-m+fp/hard\libm.a(libm_a-wf_pow.o)
                0x0800020c                powf
 .text          0x080002c8       0x14 C:/msys64/mingw64/bin/../lib/gcc/arm-none-eabi/13.3.0/../../../../arm-none-eabi/lib/thumb/v7e-m+fp/hard\libm.a(libm_a-sf_finite.o)
                0x080002c8                finitef
 .text          0x080002dc      0x14c C:/msys64/mingw64/bin/../lib/gcc/arm-none-eabi/13.3.0/../../../../arm-none-eabi/lib/thumb/v7e-m+fp/hard\libm.a(libm_a-ef_atan2.o)
                0x080002dc                __ieee754_atan2f
 .text          0x08000428      0x164 C:/msys64/mingw64/bin/../lib/gcc/arm-none-eabi/13.3.0/../../../../arm-none-eabi/lib/thumb/v7e-m+fp/hard\libm.a(libm_a-ef_fmod.o)
                0x08000428                __ieee754_fmodf
 .text          0x0800058c      0x68c C:/msys64/mingw64/bin/../lib/gcc/arm-none-eabi/13.3.0/../../../../arm-none-eabi/lib/thumb/v7e-m+fp/hard\libm.a(libm_a-ef_pow.o)
                0x0800058c                __ieee754_powf
 .text          0x08000c18      0x1a0 C:/msys64/mingw64/bin/../lib/gcc/arm-none-eabi/13.3.0/../../../../arm-none-eabi/lib/thumb/v7e-m+fp/hard\libm.a(libm_a-sf_atan.o)
                0x08000c18                atanf
 .text          0x08000db8       0x10 C:/msys64/mingw64/bin/../lib/gcc/arm-none-eabi/13.3.0/../../../../arm-none-eabi/lib/thumb/v7e-m+fp/hard\libm.a(libm_a-sf_fabs.o)
                0x08000db8                fabsf
 .text          0x08000dc8       0xe4 C:/msys64/mingw64/bin/../lib/gcc/arm-none-eabi/13.3.0/../../../../arm-none-eabi/lib/thumb/v7e-m+fp/hard\libm.a(libm_a-sf_scalbn.o)
                0x08000dc8                scalbnf
 .text          0x08000eac       0x8c C:/msys64/mingw64/bin/../lib/gcc/arm-none-eabi/13.3.0/../../../../arm-none-eabi/lib/thumb/v7e-m+fp/hard\libm.a(libm_a-math_errf.o)
                0x08000ee4                __math_uflowf
                0x08000ef0                __math_oflowf
                0x08000efc                __math_divzerof
                0x08000f1c                __math_invalidf
 .text          0x08000f38        0x8 C:/msys64/mingw64/bin/../lib/gcc/arm-none-eabi/13.3.0/../../../../arm-none-eabi/lib/thumb/v7e-m+fp/hard\libm.a(libm_a-ef_sqrt.o)
                0x08000f38                __ieee754_sqrtf
 .text          0x08000f40       0x30 C:/msys64/mingw64/bin/../lib/gcc/arm-none-eabi/13.3.0/thumb/v7e-m+fp/hard\libgcc.a(_aeabi_uldivmod.o)
                0x08000f40                __aeabi_uldivmod
 .text          0x08000f70      0x1ac C:/msys64/mingw64/bin/../lib/gcc/arm-none-eabi/13.3.0/thumb/v7e-m+fp/hard\libgcc.a(libunwind.o)
                0x08000f70                __restore_core_regs
                0x08000f70                restore_core_regs
                0x08000f88                __gnu_Unwind_Restore_VFP
                0x08000f90                __gnu_Unwind_Save_VFP
                0x08000f98                __gnu_Unwind_Restore_VFP_D
                0x08000fa0                __gnu_Unwind_Save_VFP_D
                0x08000fa8                __gnu_Unwind_Restore_VFP_D_16_to_31
                0x08000fb0                __gnu_Unwind_Save_VFP_D_16_to_31
                0x08000fb8                __gnu_Unwind_Restore_WMMXD
                0x08000ffc                __gnu_Unwind_Save_WMMXD
                0x08001040                __gnu_Unwind_Restore_WMMXC
                0x08001054                __gnu_Unwind_Save_WMMXC
                0x08001068                ___Unwind_RaiseException
                0x08001068                _Unwind_RaiseException
                0x0800108c                _Unwind_Resume
                0x0800108c                ___Unwind_Resume
                0x080010b0                _Unwind_Resume_or_Rethrow
                0x080010b0                ___Unwind_Resume_or_Rethrow
                0x080010d4                _Unwind_ForcedUnwind
                0x080010d4                ___Unwind_ForcedUnwind
                0x080010f8                ___Unwind_Backtrace
                0x080010f8                _Unwind_Backtrace
 .text          0x0800111c        0x4 C:/msys64/mingw64/bin/../lib/gcc/arm-none-eabi/13.3.0/thumb/v7e-m+fp/hard\libgcc.a(_dvmd_tls.o)
                0x0800111c                __aeabi_idiv0
                0x0800111c                __aeabi_ldiv0
 .text          0x08001120       0x10 C:/msys64/mingw64/bin/../lib/gcc/arm-none-eabi/13.3.0/../../../../arm-none-eabi/lib/thumb/v7e-m+fp/hard\libg.a(libc_a-abort.o)
                0x08001120                abort
 .text          0x08001130        0xc C:/msys64/mingw64/bin/../lib/gcc/arm-none-eabi/13.3.0/../../../../arm-none-eabi/lib/thumb/v7e-m+fp/hard\libg.a(libc_a-atexit.o)
                0x08001130                atexit
 .text          0x0800113c       0xa4 C:/msys64/mingw64/bin/../lib/gcc/arm-none-eabi/13.3.0/../../../../arm-none-eabi/lib/thumb/v7e-m+fp/hard\libg.a(libc_a-memset.o)
                0x0800113c                memset
 .text          0x080011e0      0x280 C:/msys64/mingw64/bin/../lib/gcc/arm-none-eabi/13.3.0/../../../../arm-none-eabi/lib/thumb/v7e-m+fp/hard\libg.a(libc_a-signal.o)
                0x080011e0                _init_signal_r
                0x08001210                _signal_r
                0x08001260                _raise_r
                0x080012b4                __sigtramp_r
                0x08001318                raise
                0x08001370                signal
                0x080013c0                _init_signal
                0x080013f8                __sigtramp
 .text          0x08001460       0x30 C:/msys64/mingw64/bin/../lib/gcc/arm-none-eabi/13.3.0/../../../../arm-none-eabi/lib/thumb/v7e-m+fp/hard\libg.a(libc_a-signalr.o)
                0x08001460                _kill_r
                0x0800148c                _getpid_r
 .text          0x08001490        0xc C:/msys64/mingw64/bin/../lib/gcc/arm-none-eabi/13.3.0/../../../../arm-none-eabi/lib/thumb/v7e-m+fp/hard\libg.a(libc_a-errno.o)
                0x08001490                __errno
 .text          0x0800149c       0x50 C:/msys64/mingw64/bin/../lib/gcc/arm-none-eabi/13.3.0/../../../../arm-none-eabi/lib/thumb/v7e-m+fp/hard\libg.a(libc_a-init.o)
                0x0800149c                __libc_init_array
 .text          0x080014ec       0x28 C:/msys64/mingw64/bin/../lib/gcc/arm-none-eabi/13.3.0/../../../../arm-none-eabi/lib/thumb/v7e-m+fp/hard\libg.a(libc_a-fini.o)
                0x080014ec                __libc_fini_array
 .text          0x08001514       0x28 C:/msys64/mingw64/bin/../lib/gcc/arm-none-eabi/13.3.0/../../../../arm-none-eabi/lib/thumb/v7e-m+fp/hard\libg.a(libc_a-lock.o)
                0x08001514                __retarget_lock_init
                0x08001518                __retarget_lock_init_recursive
                0x0800151c                __retarget_lock_close
                0x08001520                __retarget_lock_close_recursive
                0x08001524                __retarget_lock_acquire
                0x08001528                __retarget_lock_acquire_recursive
                0x0800152c                __retarget_lock_try_acquire
                0x08001530                __retarget_lock_try_acquire_recursive
                0x08001534                __retarget_lock_release
                0x08001538                __retarget_lock_release_recursive
 *fill*         0x0800153c        0x4 
 .text          0x08001540      0x2e0 C:/msys64/mingw64/bin/../lib/gcc/arm-none-eabi/13.3.0/../../../../arm-none-eabi/lib/thumb/v7e-m+fp/hard\libg.a(libc_a-strcmp.o)
                0x08001540                strcmp
 .text          0x08001820       0xbc C:/msys64/mingw64/bin/../lib/gcc/arm-none-eabi/13.3.0/../../../../arm-none-eabi/lib/thumb/v7e-m+fp/hard\libg.a(libc_a-strcpy.o)
                0x08001820                strcpy
 .text          0x080018dc      0x134 C:/msys64/mingw64/bin/../lib/gcc/arm-none-eabi/13.3.0/../../../../arm-none-eabi/lib/thumb/v7e-m+fp/hard\libg.a(libc_a-memcpy.o)
                0x080018dc                memcpy
 *fill*         0x08001a10       0x30 
 .text          0x08001a40       0xd8 C:/msys64/mingw64/bin/../lib/gcc/arm-none-eabi/13.3.0/../../../../arm-none-eabi/lib/thumb/v7e-m+fp/hard\libg.a(libc_a-strlen.o)
                0x08001a40                strlen
 .text          0x08001b18       0x80 C:/msys64/mingw64/bin/../lib/gcc/arm-none-eabi/13.3.0/../../../../arm-none-eabi/lib/thumb/v7e-m+fp/hard\libg.a(libc_a-__atexit.o)
                0x08001b18                __register_exitproc
 .text          0x08001b98      0x2b4 C:/msys64/mingw64/bin/../lib/gcc/arm-none-eabi/13.3.0/../../../../arm-none-eabi/lib/thumb/v7e-m+fp/hard\libg.a(libc_a-freer.o)
                0x08001b98                _malloc_trim_r
                0x08001c50                _free_r
 .text          0x08001e4c      0x574 C:/msys64/mingw64/bin/../lib/gcc/arm-none-eabi/13.3.0/../../../../arm-none-eabi/lib/thumb/v7e-m+fp/hard\libg.a(libc_a-mallocr.o)
                0x08001e4c                _malloc_r
 .text          0x080023c0       0x18 C:/msys64/mingw64/bin/../lib/gcc/arm-none-eabi/13.3.0/../../../../arm-none-eabi/lib/thumb/v7e-m+fp/hard\libg.a(libc_a-mlock.o)
                0x080023c0                __malloc_lock
                0x080023cc                __malloc_unlock
 .text          0x080023d8       0x24 C:/msys64/mingw64/bin/../lib/gcc/arm-none-eabi/13.3.0/../../../../arm-none-eabi/lib/thumb/v7e-m+fp/hard\libg.a(libc_a-sbrkr.o)
                0x080023d8                _sbrk_r
 .text          0x080023fc       0x1c C:/msys64/mingw64/bin/../lib/gcc/arm-none-eabi/13.3.0/../../../../arm-none-eabi/lib/thumb/v7e-m+fp/hard\libg.a(libc_a-sysconf.o)
                0x080023fc                sysconf
 *(.text*)
 .text.__do_global_dtors_aux
                0x08002418       0x24 C:/msys64/mingw64/bin/../lib/gcc/arm-none-eabi/13.3.0/thumb/v7e-m+fp/hard/crtbegin.o
 .text.frame_dummy
                0x0800243c       0x1c C:/msys64/mingw64/bin/../lib/gcc/arm-none-eabi/13.3.0/thumb/v7e-m+fp/hard/crtbegin.o
 .text.MX_ADC1_Init
                0x08002458       0x84 CMakeFiles/test.elf.dir/Core/Src/adc.c.obj
                0x08002458                MX_ADC1_Init
 .text.HAL_ADC_MspInit
                0x080024dc       0xb8 CMakeFiles/test.elf.dir/Core/Src/adc.c.obj
                0x080024dc                HAL_ADC_MspInit
 .text.MX_CAN1_Init
                0x08002594       0x40 CMakeFiles/test.elf.dir/Core/Src/can.c.obj
                0x08002594                MX_CAN1_Init
 .text.MX_CAN2_Init
                0x080025d4       0x40 CMakeFiles/test.elf.dir/Core/Src/can.c.obj
                0x080025d4                MX_CAN2_Init
 *fill*         0x08002614        0x4 
 .text.HAL_CAN_MspInit
                0x08002618      0x150 CMakeFiles/test.elf.dir/Core/Src/can.c.obj
                0x08002618                HAL_CAN_MspInit
 .text.MX_DMA_Init
                0x08002768       0xec CMakeFiles/test.elf.dir/Core/Src/dma.c.obj
                0x08002768                MX_DMA_Init
 *fill*         0x08002854        0x4 
 .text.MX_GPIO_Init
                0x08002858      0x294 CMakeFiles/test.elf.dir/Core/Src/gpio.c.obj
                0x08002858                MX_GPIO_Init
 .text.MX_IWDG_Init
                0x08002aec       0x28 CMakeFiles/test.elf.dir/Core/Src/iwdg.c.obj
                0x08002aec                MX_IWDG_Init
 .text.SystemClock_Config
                0x08002b14       0xa4 CMakeFiles/test.elf.dir/Core/Src/main.c.obj
                0x08002b14                SystemClock_Config
 .text.startup.main
                0x08002bb8       0x5c CMakeFiles/test.elf.dir/Core/Src/main.c.obj
                0x08002bb8                main
 .text.Error_Handler
                0x08002c14        0x4 CMakeFiles/test.elf.dir/Core/Src/main.c.obj
                0x08002c14                Error_Handler
 .text.MX_SPI5_Init
                0x08002c18       0x48 CMakeFiles/test.elf.dir/Core/Src/spi.c.obj
                0x08002c18                MX_SPI5_Init
 .text.HAL_SPI_MspInit
                0x08002c60      0x10c CMakeFiles/test.elf.dir/Core/Src/spi.c.obj
                0x08002c60                HAL_SPI_MspInit
 .text.HAL_MspInit
                0x08002d6c       0x38 CMakeFiles/test.elf.dir/Core/Src/stm32f4xx_hal_msp.c.obj
                0x08002d6c                HAL_MspInit
 .text.NMI_Handler
                0x08002da4        0x4 CMakeFiles/test.elf.dir/Core/Src/stm32f4xx_it.c.obj
                0x08002da4                NMI_Handler
 .text.HardFault_Handler
                0x08002da8        0x4 CMakeFiles/test.elf.dir/Core/Src/stm32f4xx_it.c.obj
                0x08002da8                HardFault_Handler
 .text.MemManage_Handler
                0x08002dac        0x4 CMakeFiles/test.elf.dir/Core/Src/stm32f4xx_it.c.obj
                0x08002dac                MemManage_Handler
 .text.BusFault_Handler
                0x08002db0        0x4 CMakeFiles/test.elf.dir/Core/Src/stm32f4xx_it.c.obj
                0x08002db0                BusFault_Handler
 .text.UsageFault_Handler
                0x08002db4        0x4 CMakeFiles/test.elf.dir/Core/Src/stm32f4xx_it.c.obj
                0x08002db4                UsageFault_Handler
 .text.SVC_Handler
                0x08002db8        0x4 CMakeFiles/test.elf.dir/Core/Src/stm32f4xx_it.c.obj
                0x08002db8                SVC_Handler
 .text.DebugMon_Handler
                0x08002dbc        0x4 CMakeFiles/test.elf.dir/Core/Src/stm32f4xx_it.c.obj
                0x08002dbc                DebugMon_Handler
 .text.PendSV_Handler
                0x08002dc0        0x4 CMakeFiles/test.elf.dir/Core/Src/stm32f4xx_it.c.obj
                0x08002dc0                PendSV_Handler
 .text.SysTick_Handler
                0x08002dc4        0x4 CMakeFiles/test.elf.dir/Core/Src/stm32f4xx_it.c.obj
                0x08002dc4                SysTick_Handler
 .text.DMA1_Stream1_IRQHandler
                0x08002dc8        0xc CMakeFiles/test.elf.dir/Core/Src/stm32f4xx_it.c.obj
                0x08002dc8                DMA1_Stream1_IRQHandler
 .text.DMA1_Stream3_IRQHandler
                0x08002dd4        0xc CMakeFiles/test.elf.dir/Core/Src/stm32f4xx_it.c.obj
                0x08002dd4                DMA1_Stream3_IRQHandler
 .text.DMA1_Stream4_IRQHandler
                0x08002de0        0xc CMakeFiles/test.elf.dir/Core/Src/stm32f4xx_it.c.obj
                0x08002de0                DMA1_Stream4_IRQHandler
 .text.DMA1_Stream5_IRQHandler
                0x08002dec        0xc CMakeFiles/test.elf.dir/Core/Src/stm32f4xx_it.c.obj
                0x08002dec                DMA1_Stream5_IRQHandler
 .text.DMA1_Stream6_IRQHandler
                0x08002df8        0xc CMakeFiles/test.elf.dir/Core/Src/stm32f4xx_it.c.obj
                0x08002df8                DMA1_Stream6_IRQHandler
 .text.ADC_IRQHandler
                0x08002e04        0xc CMakeFiles/test.elf.dir/Core/Src/stm32f4xx_it.c.obj
                0x08002e04                ADC_IRQHandler
 .text.CAN1_RX0_IRQHandler
                0x08002e10        0xc CMakeFiles/test.elf.dir/Core/Src/stm32f4xx_it.c.obj
                0x08002e10                CAN1_RX0_IRQHandler
 .text.CAN1_RX1_IRQHandler
                0x08002e1c        0xc CMakeFiles/test.elf.dir/Core/Src/stm32f4xx_it.c.obj
                0x08002e1c                CAN1_RX1_IRQHandler
 .text.TIM4_IRQHandler
                0x08002e28        0xc CMakeFiles/test.elf.dir/Core/Src/stm32f4xx_it.c.obj
                0x08002e28                TIM4_IRQHandler
 .text.USART1_IRQHandler
                0x08002e34        0xc CMakeFiles/test.elf.dir/Core/Src/stm32f4xx_it.c.obj
                0x08002e34                USART1_IRQHandler
 .text.USART2_IRQHandler
                0x08002e40        0xc CMakeFiles/test.elf.dir/Core/Src/stm32f4xx_it.c.obj
                0x08002e40                USART2_IRQHandler
 .text.USART3_IRQHandler
                0x08002e4c        0xc CMakeFiles/test.elf.dir/Core/Src/stm32f4xx_it.c.obj
                0x08002e4c                USART3_IRQHandler
 .text.TIM5_IRQHandler
                0x08002e58        0xc CMakeFiles/test.elf.dir/Core/Src/stm32f4xx_it.c.obj
                0x08002e58                TIM5_IRQHandler
 .text.DMA2_Stream0_IRQHandler
                0x08002e64        0xc CMakeFiles/test.elf.dir/Core/Src/stm32f4xx_it.c.obj
                0x08002e64                DMA2_Stream0_IRQHandler
 .text.DMA2_Stream1_IRQHandler
                0x08002e70        0xc CMakeFiles/test.elf.dir/Core/Src/stm32f4xx_it.c.obj
                0x08002e70                DMA2_Stream1_IRQHandler
 .text.DMA2_Stream2_IRQHandler
                0x08002e7c        0xc CMakeFiles/test.elf.dir/Core/Src/stm32f4xx_it.c.obj
                0x08002e7c                DMA2_Stream2_IRQHandler
 .text.DMA2_Stream3_IRQHandler
                0x08002e88        0xc CMakeFiles/test.elf.dir/Core/Src/stm32f4xx_it.c.obj
                0x08002e88                DMA2_Stream3_IRQHandler
 .text.DMA2_Stream4_IRQHandler
                0x08002e94        0xc CMakeFiles/test.elf.dir/Core/Src/stm32f4xx_it.c.obj
                0x08002e94                DMA2_Stream4_IRQHandler
 .text.CAN2_RX0_IRQHandler
                0x08002ea0        0xc CMakeFiles/test.elf.dir/Core/Src/stm32f4xx_it.c.obj
                0x08002ea0                CAN2_RX0_IRQHandler
 .text.CAN2_RX1_IRQHandler
                0x08002eac        0xc CMakeFiles/test.elf.dir/Core/Src/stm32f4xx_it.c.obj
                0x08002eac                CAN2_RX1_IRQHandler
 .text.OTG_FS_IRQHandler
                0x08002eb8        0xc CMakeFiles/test.elf.dir/Core/Src/stm32f4xx_it.c.obj
                0x08002eb8                OTG_FS_IRQHandler
 .text.DMA2_Stream6_IRQHandler
                0x08002ec4        0xc CMakeFiles/test.elf.dir/Core/Src/stm32f4xx_it.c.obj
                0x08002ec4                DMA2_Stream6_IRQHandler
 .text.USART6_IRQHandler
                0x08002ed0        0xc CMakeFiles/test.elf.dir/Core/Src/stm32f4xx_it.c.obj
                0x08002ed0                USART6_IRQHandler
 .text.UART7_IRQHandler
                0x08002edc        0xc CMakeFiles/test.elf.dir/Core/Src/stm32f4xx_it.c.obj
                0x08002edc                UART7_IRQHandler
 .text.UART8_IRQHandler
                0x08002ee8        0xc CMakeFiles/test.elf.dir/Core/Src/stm32f4xx_it.c.obj
                0x08002ee8                UART8_IRQHandler
 .text.SPI5_IRQHandler
                0x08002ef4        0xc CMakeFiles/test.elf.dir/Core/Src/stm32f4xx_it.c.obj
                0x08002ef4                SPI5_IRQHandler
 .text._getpid  0x08002f00        0x4 CMakeFiles/test.elf.dir/Core/Src/syscalls.c.obj
                0x08002f00                _getpid
 .text._kill    0x08002f04       0x10 CMakeFiles/test.elf.dir/Core/Src/syscalls.c.obj
                0x08002f04                _kill
 .text._exit    0x08002f14        0xc CMakeFiles/test.elf.dir/Core/Src/syscalls.c.obj
                0x08002f14                _exit
 .text._sbrk    0x08002f20       0x44 CMakeFiles/test.elf.dir/Core/Src/sysmem.c.obj
                0x08002f20                _sbrk
 .text.SystemInit
                0x08002f64       0x14 CMakeFiles/test.elf.dir/Core/Src/system_stm32f4xx.c.obj
                0x08002f64                SystemInit
 .text.MX_TIM3_Init
                0x08002f78      0x120 CMakeFiles/test.elf.dir/Core/Src/tim.c.obj
                0x08002f78                MX_TIM3_Init
 .text.MX_TIM4_Init
                0x08003098       0x74 CMakeFiles/test.elf.dir/Core/Src/tim.c.obj
                0x08003098                MX_TIM4_Init
 .text.MX_TIM5_Init
                0x0800310c       0x74 CMakeFiles/test.elf.dir/Core/Src/tim.c.obj
                0x0800310c                MX_TIM5_Init
 .text.MX_TIM12_Init
                0x08003180      0x100 CMakeFiles/test.elf.dir/Core/Src/tim.c.obj
                0x08003180                MX_TIM12_Init
 .text.HAL_TIM_PWM_MspInit
                0x08003280       0x58 CMakeFiles/test.elf.dir/Core/Src/tim.c.obj
                0x08003280                HAL_TIM_PWM_MspInit
 .text.HAL_TIM_Base_MspInit
                0x080032d8       0x7c CMakeFiles/test.elf.dir/Core/Src/tim.c.obj
                0x080032d8                HAL_TIM_Base_MspInit
 .text.MX_UART7_Init
                0x08003354       0x38 CMakeFiles/test.elf.dir/Core/Src/usart.c.obj
                0x08003354                MX_UART7_Init
 .text.MX_UART8_Init
                0x0800338c       0x38 CMakeFiles/test.elf.dir/Core/Src/usart.c.obj
                0x0800338c                MX_UART8_Init
 .text.MX_USART1_UART_Init
                0x080033c4       0x40 CMakeFiles/test.elf.dir/Core/Src/usart.c.obj
                0x080033c4                MX_USART1_UART_Init
 .text.MX_USART2_UART_Init
                0x08003404       0x38 CMakeFiles/test.elf.dir/Core/Src/usart.c.obj
                0x08003404                MX_USART2_UART_Init
 .text.MX_USART3_UART_Init
                0x0800343c       0x38 CMakeFiles/test.elf.dir/Core/Src/usart.c.obj
                0x0800343c                MX_USART3_UART_Init
 .text.MX_USART6_UART_Init
                0x08003474       0x38 CMakeFiles/test.elf.dir/Core/Src/usart.c.obj
                0x08003474                MX_USART6_UART_Init
 .text.HAL_UART_MspInit
                0x080034ac      0x4ac CMakeFiles/test.elf.dir/Core/Src/usart.c.obj
                0x080034ac                HAL_UART_MspInit
 .text.Reset_Handler
                0x08003958       0x50 CMakeFiles/test.elf.dir/Core/Startup/startup_stm32f427iihx.s.obj
                0x08003958                Reset_Handler
 .text.Default_Handler
                0x080039a8        0x2 CMakeFiles/test.elf.dir/Core/Startup/startup_stm32f427iihx.s.obj
                0x080039a8                RTC_Alarm_IRQHandler
                0x080039a8                HASH_RNG_IRQHandler
                0x080039a8                EXTI2_IRQHandler
                0x080039a8                TIM8_CC_IRQHandler
                0x080039a8                SPI4_IRQHandler
                0x080039a8                TIM1_CC_IRQHandler
                0x080039a8                DMA2_Stream5_IRQHandler
                0x080039a8                PVD_IRQHandler
                0x080039a8                SDIO_IRQHandler
                0x080039a8                TAMP_STAMP_IRQHandler
                0x080039a8                EXTI3_IRQHandler
                0x080039a8                TIM8_TRG_COM_TIM14_IRQHandler
                0x080039a8                TIM1_UP_TIM10_IRQHandler
                0x080039a8                TIM8_UP_TIM13_IRQHandler
                0x080039a8                I2C3_ER_IRQHandler
                0x080039a8                EXTI0_IRQHandler
                0x080039a8                I2C2_EV_IRQHandler
                0x080039a8                DMA1_Stream2_IRQHandler
                0x080039a8                FPU_IRQHandler
                0x080039a8                OTG_HS_WKUP_IRQHandler
                0x080039a8                CAN2_SCE_IRQHandler
                0x080039a8                SPI1_IRQHandler
                0x080039a8                TIM6_DAC_IRQHandler
                0x080039a8                TIM1_BRK_TIM9_IRQHandler
                0x080039a8                DCMI_IRQHandler
                0x080039a8                UART5_IRQHandler
                0x080039a8                I2C1_EV_IRQHandler
                0x080039a8                UART4_IRQHandler
                0x080039a8                TIM3_IRQHandler
                0x080039a8                RCC_IRQHandler
                0x080039a8                TIM8_BRK_TIM12_IRQHandler
                0x080039a8                Default_Handler
                0x080039a8                EXTI15_10_IRQHandler
                0x080039a8                DMA1_Stream7_IRQHandler
                0x080039a8                TIM7_IRQHandler
                0x080039a8                CAN2_TX_IRQHandler
                0x080039a8                DMA2_Stream7_IRQHandler
                0x080039a8                I2C3_EV_IRQHandler
                0x080039a8                EXTI9_5_IRQHandler
                0x080039a8                RTC_WKUP_IRQHandler
                0x080039a8                ETH_WKUP_IRQHandler
                0x080039a8                SPI2_IRQHandler
                0x080039a8                OTG_HS_EP1_IN_IRQHandler
                0x080039a8                DMA1_Stream0_IRQHandler
                0x080039a8                CAN1_TX_IRQHandler
                0x080039a8                EXTI4_IRQHandler
                0x080039a8                ETH_IRQHandler
                0x080039a8                OTG_HS_EP1_OUT_IRQHandler
                0x080039a8                WWDG_IRQHandler
                0x080039a8                SPI6_IRQHandler
                0x080039a8                TIM2_IRQHandler
                0x080039a8                OTG_FS_WKUP_IRQHandler
                0x080039a8                TIM1_TRG_COM_TIM11_IRQHandler
                0x080039a8                OTG_HS_IRQHandler
                0x080039a8                DMA2D_IRQHandler
                0x080039a8                EXTI1_IRQHandler
                0x080039a8                I2C2_ER_IRQHandler
                0x080039a8                CAN1_SCE_IRQHandler
                0x080039a8                FLASH_IRQHandler
                0x080039a8                SPI3_IRQHandler
                0x080039a8                I2C1_ER_IRQHandler
                0x080039a8                FMC_IRQHandler
                0x080039a8                SAI1_IRQHandler
 *fill*         0x080039aa        0x2 
 .text.HAL_InitTick
                0x080039ac       0x48 CMakeFiles/test.elf.dir/Drivers/STM32F4xx_HAL_Driver/Src/stm32f4xx_hal.c.obj
                0x080039ac                HAL_InitTick
 .text.HAL_Init
                0x080039f4       0x34 CMakeFiles/test.elf.dir/Drivers/STM32F4xx_HAL_Driver/Src/stm32f4xx_hal.c.obj
                0x080039f4                HAL_Init
 .text.HAL_IncTick
                0x08003a28       0x18 CMakeFiles/test.elf.dir/Drivers/STM32F4xx_HAL_Driver/Src/stm32f4xx_hal.c.obj
                0x08003a28                HAL_IncTick
 .text.HAL_GetTick
                0x08003a40        0xc CMakeFiles/test.elf.dir/Drivers/STM32F4xx_HAL_Driver/Src/stm32f4xx_hal.c.obj
                0x08003a40                HAL_GetTick
 .text.HAL_Delay
                0x08003a4c       0x24 CMakeFiles/test.elf.dir/Drivers/STM32F4xx_HAL_Driver/Src/stm32f4xx_hal.c.obj
                0x08003a4c                HAL_Delay
 .text.HAL_ADC_Init
                0x08003a70      0x158 CMakeFiles/test.elf.dir/Drivers/STM32F4xx_HAL_Driver/Src/stm32f4xx_hal_adc.c.obj
                0x08003a70                HAL_ADC_Init
 .text.HAL_ADC_ConvCpltCallback
                0x08003bc8        0x4 CMakeFiles/test.elf.dir/Drivers/STM32F4xx_HAL_Driver/Src/stm32f4xx_hal_adc.c.obj
                0x08003bc8                HAL_ADC_ConvCpltCallback
 .text.HAL_ADC_LevelOutOfWindowCallback
                0x08003bcc        0x4 CMakeFiles/test.elf.dir/Drivers/STM32F4xx_HAL_Driver/Src/stm32f4xx_hal_adc.c.obj
                0x08003bcc                HAL_ADC_LevelOutOfWindowCallback
 .text.HAL_ADC_ErrorCallback
                0x08003bd0        0x4 CMakeFiles/test.elf.dir/Drivers/STM32F4xx_HAL_Driver/Src/stm32f4xx_hal_adc.c.obj
                0x08003bd0                HAL_ADC_ErrorCallback
 .text.HAL_ADC_IRQHandler
                0x08003bd4      0x120 CMakeFiles/test.elf.dir/Drivers/STM32F4xx_HAL_Driver/Src/stm32f4xx_hal_adc.c.obj
                0x08003bd4                HAL_ADC_IRQHandler
 .text.HAL_ADC_ConfigChannel
                0x08003cf4      0x16c CMakeFiles/test.elf.dir/Drivers/STM32F4xx_HAL_Driver/Src/stm32f4xx_hal_adc.c.obj
                0x08003cf4                HAL_ADC_ConfigChannel
 .text.HAL_ADCEx_InjectedConvCpltCallback
                0x08003e60        0x4 CMakeFiles/test.elf.dir/Drivers/STM32F4xx_HAL_Driver/Src/stm32f4xx_hal_adc_ex.c.obj
                0x08003e60                HAL_ADCEx_InjectedConvCpltCallback
 .text.HAL_CAN_Init
                0x08003e64      0x100 CMakeFiles/test.elf.dir/Drivers/STM32F4xx_HAL_Driver/Src/stm32f4xx_hal_can.c.obj
                0x08003e64                HAL_CAN_Init
 .text.HAL_CAN_ConfigFilter
                0x08003f64      0x120 CMakeFiles/test.elf.dir/Drivers/STM32F4xx_HAL_Driver/Src/stm32f4xx_hal_can.c.obj
                0x08003f64                HAL_CAN_ConfigFilter
 .text.HAL_CAN_Start
                0x08004084       0x5c CMakeFiles/test.elf.dir/Drivers/STM32F4xx_HAL_Driver/Src/stm32f4xx_hal_can.c.obj
                0x08004084                HAL_CAN_Start
 .text.HAL_CAN_AddTxMessage
                0x080040e0       0xb4 CMakeFiles/test.elf.dir/Drivers/STM32F4xx_HAL_Driver/Src/stm32f4xx_hal_can.c.obj
                0x080040e0                HAL_CAN_AddTxMessage
 .text.HAL_CAN_GetRxMessage
                0x08004194       0xfc CMakeFiles/test.elf.dir/Drivers/STM32F4xx_HAL_Driver/Src/stm32f4xx_hal_can.c.obj
                0x08004194                HAL_CAN_GetRxMessage
 .text.HAL_CAN_TxMailbox0CompleteCallback
                0x08004290        0x4 CMakeFiles/test.elf.dir/Drivers/STM32F4xx_HAL_Driver/Src/stm32f4xx_hal_can.c.obj
                0x08004290                HAL_CAN_TxMailbox0CompleteCallback
 .text.HAL_CAN_TxMailbox1CompleteCallback
                0x08004294        0x4 CMakeFiles/test.elf.dir/Drivers/STM32F4xx_HAL_Driver/Src/stm32f4xx_hal_can.c.obj
                0x08004294                HAL_CAN_TxMailbox1CompleteCallback
 .text.HAL_CAN_TxMailbox2CompleteCallback
                0x08004298        0x4 CMakeFiles/test.elf.dir/Drivers/STM32F4xx_HAL_Driver/Src/stm32f4xx_hal_can.c.obj
                0x08004298                HAL_CAN_TxMailbox2CompleteCallback
 .text.HAL_CAN_TxMailbox0AbortCallback
                0x0800429c        0x4 CMakeFiles/test.elf.dir/Drivers/STM32F4xx_HAL_Driver/Src/stm32f4xx_hal_can.c.obj
                0x0800429c                HAL_CAN_TxMailbox0AbortCallback
 .text.HAL_CAN_TxMailbox1AbortCallback
                0x080042a0        0x4 CMakeFiles/test.elf.dir/Drivers/STM32F4xx_HAL_Driver/Src/stm32f4xx_hal_can.c.obj
                0x080042a0                HAL_CAN_TxMailbox1AbortCallback
 .text.HAL_CAN_TxMailbox2AbortCallback
                0x080042a4        0x4 CMakeFiles/test.elf.dir/Drivers/STM32F4xx_HAL_Driver/Src/stm32f4xx_hal_can.c.obj
                0x080042a4                HAL_CAN_TxMailbox2AbortCallback
 .text.HAL_CAN_RxFifo0FullCallback
                0x080042a8        0x4 CMakeFiles/test.elf.dir/Drivers/STM32F4xx_HAL_Driver/Src/stm32f4xx_hal_can.c.obj
                0x080042a8                HAL_CAN_RxFifo0FullCallback
 .text.HAL_CAN_RxFifo1FullCallback
                0x080042ac        0x4 CMakeFiles/test.elf.dir/Drivers/STM32F4xx_HAL_Driver/Src/stm32f4xx_hal_can.c.obj
                0x080042ac                HAL_CAN_RxFifo1FullCallback
 .text.HAL_CAN_SleepCallback
                0x080042b0        0x4 CMakeFiles/test.elf.dir/Drivers/STM32F4xx_HAL_Driver/Src/stm32f4xx_hal_can.c.obj
                0x080042b0                HAL_CAN_SleepCallback
 .text.HAL_CAN_WakeUpFromRxMsgCallback
                0x080042b4        0x4 CMakeFiles/test.elf.dir/Drivers/STM32F4xx_HAL_Driver/Src/stm32f4xx_hal_can.c.obj
                0x080042b4                HAL_CAN_WakeUpFromRxMsgCallback
 .text.HAL_CAN_ErrorCallback
                0x080042b8        0x4 CMakeFiles/test.elf.dir/Drivers/STM32F4xx_HAL_Driver/Src/stm32f4xx_hal_can.c.obj
                0x080042b8                HAL_CAN_ErrorCallback
 .text.HAL_CAN_IRQHandler
                0x080042bc      0x2c4 CMakeFiles/test.elf.dir/Drivers/STM32F4xx_HAL_Driver/Src/stm32f4xx_hal_can.c.obj
                0x080042bc                HAL_CAN_IRQHandler
 .text.HAL_NVIC_SetPriorityGrouping
                0x08004580       0x24 CMakeFiles/test.elf.dir/Drivers/STM32F4xx_HAL_Driver/Src/stm32f4xx_hal_cortex.c.obj
                0x08004580                HAL_NVIC_SetPriorityGrouping
 .text.HAL_NVIC_SetPriority
                0x080045a4       0x78 CMakeFiles/test.elf.dir/Drivers/STM32F4xx_HAL_Driver/Src/stm32f4xx_hal_cortex.c.obj
                0x080045a4                HAL_NVIC_SetPriority
 .text.HAL_NVIC_EnableIRQ
                0x0800461c       0x1c CMakeFiles/test.elf.dir/Drivers/STM32F4xx_HAL_Driver/Src/stm32f4xx_hal_cortex.c.obj
                0x0800461c                HAL_NVIC_EnableIRQ
 .text.HAL_NVIC_SystemReset
                0x08004638       0x24 CMakeFiles/test.elf.dir/Drivers/STM32F4xx_HAL_Driver/Src/stm32f4xx_hal_cortex.c.obj
                0x08004638                HAL_NVIC_SystemReset
 .text.HAL_SYSTICK_Config
                0x0800465c       0x34 CMakeFiles/test.elf.dir/Drivers/STM32F4xx_HAL_Driver/Src/stm32f4xx_hal_cortex.c.obj
                0x0800465c                HAL_SYSTICK_Config
 .text.HAL_DMA_Init
                0x08004690      0x128 CMakeFiles/test.elf.dir/Drivers/STM32F4xx_HAL_Driver/Src/stm32f4xx_hal_dma.c.obj
                0x08004690                HAL_DMA_Init
 .text.HAL_DMA_Start_IT
                0x080047b8       0x78 CMakeFiles/test.elf.dir/Drivers/STM32F4xx_HAL_Driver/Src/stm32f4xx_hal_dma.c.obj
                0x080047b8                HAL_DMA_Start_IT
 .text.HAL_DMA_Abort
                0x08004830       0x94 CMakeFiles/test.elf.dir/Drivers/STM32F4xx_HAL_Driver/Src/stm32f4xx_hal_dma.c.obj
                0x08004830                HAL_DMA_Abort
 .text.HAL_DMA_Abort_IT
                0x080048c4       0x24 CMakeFiles/test.elf.dir/Drivers/STM32F4xx_HAL_Driver/Src/stm32f4xx_hal_dma.c.obj
                0x080048c4                HAL_DMA_Abort_IT
 .text.HAL_DMA_IRQHandler
                0x080048e8      0x1ac CMakeFiles/test.elf.dir/Drivers/STM32F4xx_HAL_Driver/Src/stm32f4xx_hal_dma.c.obj
                0x080048e8                HAL_DMA_IRQHandler
 .text.HAL_GPIO_Init
                0x08004a94      0x40c CMakeFiles/test.elf.dir/Drivers/STM32F4xx_HAL_Driver/Src/stm32f4xx_hal_gpio.c.obj
                0x08004a94                HAL_GPIO_Init
 .text.HAL_GPIO_WritePin
                0x08004ea0        0x8 CMakeFiles/test.elf.dir/Drivers/STM32F4xx_HAL_Driver/Src/stm32f4xx_hal_gpio.c.obj
                0x08004ea0                HAL_GPIO_WritePin
 .text.HAL_IWDG_Init
                0x08004ea8       0x50 CMakeFiles/test.elf.dir/Drivers/STM32F4xx_HAL_Driver/Src/stm32f4xx_hal_iwdg.c.obj
                0x08004ea8                HAL_IWDG_Init
 .text.HAL_IWDG_Refresh
                0x08004ef8        0xc CMakeFiles/test.elf.dir/Drivers/STM32F4xx_HAL_Driver/Src/stm32f4xx_hal_iwdg.c.obj
                0x08004ef8                HAL_IWDG_Refresh
 .text.HAL_PCD_Init
                0x08004f04      0x110 CMakeFiles/test.elf.dir/Drivers/STM32F4xx_HAL_Driver/Src/stm32f4xx_hal_pcd.c.obj
                0x08004f04                HAL_PCD_Init
 .text.HAL_PCD_Start
                0x08005014       0x44 CMakeFiles/test.elf.dir/Drivers/STM32F4xx_HAL_Driver/Src/stm32f4xx_hal_pcd.c.obj
                0x08005014                HAL_PCD_Start
 .text.HAL_PCD_IRQHandler
                0x08005058      0xb0c CMakeFiles/test.elf.dir/Drivers/STM32F4xx_HAL_Driver/Src/stm32f4xx_hal_pcd.c.obj
                0x08005058                HAL_PCD_IRQHandler
 .text.HAL_PCD_SetAddress
                0x08005b64       0x2c CMakeFiles/test.elf.dir/Drivers/STM32F4xx_HAL_Driver/Src/stm32f4xx_hal_pcd.c.obj
                0x08005b64                HAL_PCD_SetAddress
 .text.HAL_PCD_EP_Open
                0x08005b90       0x7c CMakeFiles/test.elf.dir/Drivers/STM32F4xx_HAL_Driver/Src/stm32f4xx_hal_pcd.c.obj
                0x08005b90                HAL_PCD_EP_Open
 .text.HAL_PCD_EP_Close
                0x08005c0c       0x68 CMakeFiles/test.elf.dir/Drivers/STM32F4xx_HAL_Driver/Src/stm32f4xx_hal_pcd.c.obj
                0x08005c0c                HAL_PCD_EP_Close
 .text.HAL_PCD_EP_Receive
                0x08005c74       0x50 CMakeFiles/test.elf.dir/Drivers/STM32F4xx_HAL_Driver/Src/stm32f4xx_hal_pcd.c.obj
                0x08005c74                HAL_PCD_EP_Receive
 .text.HAL_PCD_EP_GetRxCount
                0x08005cc4       0x14 CMakeFiles/test.elf.dir/Drivers/STM32F4xx_HAL_Driver/Src/stm32f4xx_hal_pcd.c.obj
                0x08005cc4                HAL_PCD_EP_GetRxCount
 .text.HAL_PCD_EP_Transmit
                0x08005cd8       0x50 CMakeFiles/test.elf.dir/Drivers/STM32F4xx_HAL_Driver/Src/stm32f4xx_hal_pcd.c.obj
                0x08005cd8                HAL_PCD_EP_Transmit
 .text.HAL_PCD_EP_SetStall
                0x08005d28       0x88 CMakeFiles/test.elf.dir/Drivers/STM32F4xx_HAL_Driver/Src/stm32f4xx_hal_pcd.c.obj
                0x08005d28                HAL_PCD_EP_SetStall
 .text.HAL_PCD_EP_ClrStall
                0x08005db0       0x70 CMakeFiles/test.elf.dir/Drivers/STM32F4xx_HAL_Driver/Src/stm32f4xx_hal_pcd.c.obj
                0x08005db0                HAL_PCD_EP_ClrStall
 .text.HAL_PCDEx_SetTxFiFo
                0x08005e20      0x104 CMakeFiles/test.elf.dir/Drivers/STM32F4xx_HAL_Driver/Src/stm32f4xx_hal_pcd_ex.c.obj
                0x08005e20                HAL_PCDEx_SetTxFiFo
 .text.HAL_PCDEx_SetRxFiFo
                0x08005f24        0x8 CMakeFiles/test.elf.dir/Drivers/STM32F4xx_HAL_Driver/Src/stm32f4xx_hal_pcd_ex.c.obj
                0x08005f24                HAL_PCDEx_SetRxFiFo
 .text.HAL_PCDEx_LPM_Callback
                0x08005f2c        0x4 CMakeFiles/test.elf.dir/Drivers/STM32F4xx_HAL_Driver/Src/stm32f4xx_hal_pcd_ex.c.obj
                0x08005f2c                HAL_PCDEx_LPM_Callback
 .text.HAL_RCC_OscConfig
                0x08005f30      0x3c4 CMakeFiles/test.elf.dir/Drivers/STM32F4xx_HAL_Driver/Src/stm32f4xx_hal_rcc.c.obj
                0x08005f30                HAL_RCC_OscConfig
 .text.HAL_RCC_GetSysClockFreq
                0x080062f4       0x68 CMakeFiles/test.elf.dir/Drivers/STM32F4xx_HAL_Driver/Src/stm32f4xx_hal_rcc.c.obj
                0x080062f4                HAL_RCC_GetSysClockFreq
 .text.HAL_RCC_ClockConfig
                0x0800635c      0x13c CMakeFiles/test.elf.dir/Drivers/STM32F4xx_HAL_Driver/Src/stm32f4xx_hal_rcc.c.obj
                0x0800635c                HAL_RCC_ClockConfig
 .text.HAL_RCC_GetHCLKFreq
                0x08006498        0xc CMakeFiles/test.elf.dir/Drivers/STM32F4xx_HAL_Driver/Src/stm32f4xx_hal_rcc.c.obj
                0x08006498                HAL_RCC_GetHCLKFreq
 .text.HAL_RCC_GetPCLK1Freq
                0x080064a4       0x20 CMakeFiles/test.elf.dir/Drivers/STM32F4xx_HAL_Driver/Src/stm32f4xx_hal_rcc.c.obj
                0x080064a4                HAL_RCC_GetPCLK1Freq
 .text.HAL_RCC_GetPCLK2Freq
                0x080064c4       0x20 CMakeFiles/test.elf.dir/Drivers/STM32F4xx_HAL_Driver/Src/stm32f4xx_hal_rcc.c.obj
                0x080064c4                HAL_RCC_GetPCLK2Freq
 .text.HAL_SPI_Init
                0x080064e4       0xc4 CMakeFiles/test.elf.dir/Drivers/STM32F4xx_HAL_Driver/Src/stm32f4xx_hal_spi.c.obj
                0x080064e4                HAL_SPI_Init
 .text.HAL_SPI_ErrorCallback
                0x080065a8        0x4 CMakeFiles/test.elf.dir/Drivers/STM32F4xx_HAL_Driver/Src/stm32f4xx_hal_spi.c.obj
                0x080065a8                HAL_SPI_ErrorCallback
 .text.HAL_SPI_IRQHandler
                0x080065ac      0x150 CMakeFiles/test.elf.dir/Drivers/STM32F4xx_HAL_Driver/Src/stm32f4xx_hal_spi.c.obj
                0x080065ac                HAL_SPI_IRQHandler
 .text.SPI_DMAAbortOnError
                0x080066fc       0x10 CMakeFiles/test.elf.dir/Drivers/STM32F4xx_HAL_Driver/Src/stm32f4xx_hal_spi.c.obj
 .text.HAL_TIM_Base_Init
                0x0800670c      0x120 CMakeFiles/test.elf.dir/Drivers/STM32F4xx_HAL_Driver/Src/stm32f4xx_hal_tim.c.obj
                0x0800670c                HAL_TIM_Base_Init
 .text.HAL_TIM_Base_Start_IT
                0x0800682c       0x74 CMakeFiles/test.elf.dir/Drivers/STM32F4xx_HAL_Driver/Src/stm32f4xx_hal_tim.c.obj
                0x0800682c                HAL_TIM_Base_Start_IT
 .text.HAL_TIM_PWM_Init
                0x080068a0      0x120 CMakeFiles/test.elf.dir/Drivers/STM32F4xx_HAL_Driver/Src/stm32f4xx_hal_tim.c.obj
                0x080068a0                HAL_TIM_PWM_Init
 .text.HAL_TIM_PWM_Start
                0x080069c0       0xd0 CMakeFiles/test.elf.dir/Drivers/STM32F4xx_HAL_Driver/Src/stm32f4xx_hal_tim.c.obj
                0x080069c0                HAL_TIM_PWM_Start
 .text.HAL_TIM_PWM_ConfigChannel
                0x08006a90      0x20c CMakeFiles/test.elf.dir/Drivers/STM32F4xx_HAL_Driver/Src/stm32f4xx_hal_tim.c.obj
                0x08006a90                HAL_TIM_PWM_ConfigChannel
 .text.HAL_TIM_ConfigClockSource
                0x08006c9c      0x154 CMakeFiles/test.elf.dir/Drivers/STM32F4xx_HAL_Driver/Src/stm32f4xx_hal_tim.c.obj
                0x08006c9c                HAL_TIM_ConfigClockSource
 .text.HAL_TIM_OC_DelayElapsedCallback
                0x08006df0        0x4 CMakeFiles/test.elf.dir/Drivers/STM32F4xx_HAL_Driver/Src/stm32f4xx_hal_tim.c.obj
                0x08006df0                HAL_TIM_OC_DelayElapsedCallback
 .text.HAL_TIM_IC_CaptureCallback
                0x08006df4        0x4 CMakeFiles/test.elf.dir/Drivers/STM32F4xx_HAL_Driver/Src/stm32f4xx_hal_tim.c.obj
                0x08006df4                HAL_TIM_IC_CaptureCallback
 .text.HAL_TIM_PWM_PulseFinishedCallback
                0x08006df8        0x4 CMakeFiles/test.elf.dir/Drivers/STM32F4xx_HAL_Driver/Src/stm32f4xx_hal_tim.c.obj
                0x08006df8                HAL_TIM_PWM_PulseFinishedCallback
 .text.HAL_TIM_TriggerCallback
                0x08006dfc        0x4 CMakeFiles/test.elf.dir/Drivers/STM32F4xx_HAL_Driver/Src/stm32f4xx_hal_tim.c.obj
                0x08006dfc                HAL_TIM_TriggerCallback
 .text.HAL_TIM_IRQHandler
                0x08006e00      0x154 CMakeFiles/test.elf.dir/Drivers/STM32F4xx_HAL_Driver/Src/stm32f4xx_hal_tim.c.obj
                0x08006e00                HAL_TIM_IRQHandler
 .text.HAL_TIMEx_MasterConfigSynchronization
                0x08006f54       0x80 CMakeFiles/test.elf.dir/Drivers/STM32F4xx_HAL_Driver/Src/stm32f4xx_hal_tim_ex.c.obj
                0x08006f54                HAL_TIMEx_MasterConfigSynchronization
 .text.HAL_TIMEx_CommutCallback
                0x08006fd4        0x4 CMakeFiles/test.elf.dir/Drivers/STM32F4xx_HAL_Driver/Src/stm32f4xx_hal_tim_ex.c.obj
                0x08006fd4                HAL_TIMEx_CommutCallback
 .text.HAL_TIMEx_BreakCallback
                0x08006fd8        0x4 CMakeFiles/test.elf.dir/Drivers/STM32F4xx_HAL_Driver/Src/stm32f4xx_hal_tim_ex.c.obj
                0x08006fd8                HAL_TIMEx_BreakCallback
 .text.HAL_UART_Init
                0x08006fdc      0x124 CMakeFiles/test.elf.dir/Drivers/STM32F4xx_HAL_Driver/Src/stm32f4xx_hal_uart.c.obj
                0x08006fdc                HAL_UART_Init
 .text.HAL_UART_Transmit
                0x08007100      0x18c CMakeFiles/test.elf.dir/Drivers/STM32F4xx_HAL_Driver/Src/stm32f4xx_hal_uart.c.obj
                0x08007100                HAL_UART_Transmit
 .text.HAL_UART_Transmit_IT
                0x0800728c       0x44 CMakeFiles/test.elf.dir/Drivers/STM32F4xx_HAL_Driver/Src/stm32f4xx_hal_uart.c.obj
                0x0800728c                HAL_UART_Transmit_IT
 .text.HAL_UART_Transmit_DMA
                0x080072d0       0x88 CMakeFiles/test.elf.dir/Drivers/STM32F4xx_HAL_Driver/Src/stm32f4xx_hal_uart.c.obj
                0x080072d0                HAL_UART_Transmit_DMA
 .text.HAL_UART_TxCpltCallback
                0x08007358        0x4 CMakeFiles/test.elf.dir/Drivers/STM32F4xx_HAL_Driver/Src/stm32f4xx_hal_uart.c.obj
                0x08007358                HAL_UART_TxCpltCallback
 .text.UART_DMATransmitCplt
                0x0800735c       0x4c CMakeFiles/test.elf.dir/Drivers/STM32F4xx_HAL_Driver/Src/stm32f4xx_hal_uart.c.obj
 .text.HAL_UART_TxHalfCpltCallback
                0x080073a8        0x4 CMakeFiles/test.elf.dir/Drivers/STM32F4xx_HAL_Driver/Src/stm32f4xx_hal_uart.c.obj
                0x080073a8                HAL_UART_TxHalfCpltCallback
 .text.UART_DMATxHalfCplt
                0x080073ac        0xc CMakeFiles/test.elf.dir/Drivers/STM32F4xx_HAL_Driver/Src/stm32f4xx_hal_uart.c.obj
 .text.HAL_UART_RxCpltCallback
                0x080073b8        0x4 CMakeFiles/test.elf.dir/Drivers/STM32F4xx_HAL_Driver/Src/stm32f4xx_hal_uart.c.obj
                0x080073b8                HAL_UART_RxCpltCallback
 .text.HAL_UART_RxHalfCpltCallback
                0x080073bc        0x4 CMakeFiles/test.elf.dir/Drivers/STM32F4xx_HAL_Driver/Src/stm32f4xx_hal_uart.c.obj
                0x080073bc                HAL_UART_RxHalfCpltCallback
 .text.UART_DMAError
                0x080073c0       0xbc CMakeFiles/test.elf.dir/Drivers/STM32F4xx_HAL_Driver/Src/stm32f4xx_hal_uart.c.obj
 .text.UART_DMAAbortOnError
                0x0800747c       0x10 CMakeFiles/test.elf.dir/Drivers/STM32F4xx_HAL_Driver/Src/stm32f4xx_hal_uart.c.obj
 .text.UART_DMARxHalfCplt
                0x0800748c       0x1c CMakeFiles/test.elf.dir/Drivers/STM32F4xx_HAL_Driver/Src/stm32f4xx_hal_uart.c.obj
 .text.UART_DMAReceiveCplt
                0x080074a8       0x94 CMakeFiles/test.elf.dir/Drivers/STM32F4xx_HAL_Driver/Src/stm32f4xx_hal_uart.c.obj
 .text.UART_Receive_IT.part.0.isra.0
                0x0800753c       0xbc CMakeFiles/test.elf.dir/Drivers/STM32F4xx_HAL_Driver/Src/stm32f4xx_hal_uart.c.obj
 .text.HAL_UART_IRQHandler
                0x080075f8      0x35c CMakeFiles/test.elf.dir/Drivers/STM32F4xx_HAL_Driver/Src/stm32f4xx_hal_uart.c.obj
                0x080075f8                HAL_UART_IRQHandler
 .text.UART_Start_Receive_DMA
                0x08007954       0xa0 CMakeFiles/test.elf.dir/Drivers/STM32F4xx_HAL_Driver/Src/stm32f4xx_hal_uart.c.obj
                0x08007954                UART_Start_Receive_DMA
 .text.HAL_UARTEx_ReceiveToIdle_DMA
                0x080079f4       0x6c CMakeFiles/test.elf.dir/Drivers/STM32F4xx_HAL_Driver/Src/stm32f4xx_hal_uart.c.obj
                0x080079f4                HAL_UARTEx_ReceiveToIdle_DMA
 .text.USB_CoreInit
                0x08007a60      0x104 CMakeFiles/test.elf.dir/Drivers/STM32F4xx_HAL_Driver/Src/stm32f4xx_ll_usb.c.obj
                0x08007a60                USB_CoreInit
 .text.USB_SetTurnaroundTime
                0x08007b64       0xf4 CMakeFiles/test.elf.dir/Drivers/STM32F4xx_HAL_Driver/Src/stm32f4xx_ll_usb.c.obj
                0x08007b64                USB_SetTurnaroundTime
 .text.USB_EnableGlobalInt
                0x08007c58       0x10 CMakeFiles/test.elf.dir/Drivers/STM32F4xx_HAL_Driver/Src/stm32f4xx_ll_usb.c.obj
                0x08007c58                USB_EnableGlobalInt
 .text.USB_DisableGlobalInt
                0x08007c68       0x10 CMakeFiles/test.elf.dir/Drivers/STM32F4xx_HAL_Driver/Src/stm32f4xx_ll_usb.c.obj
                0x08007c68                USB_DisableGlobalInt
 .text.USB_SetCurrentMode
                0x08007c78       0x70 CMakeFiles/test.elf.dir/Drivers/STM32F4xx_HAL_Driver/Src/stm32f4xx_ll_usb.c.obj
                0x08007c78                USB_SetCurrentMode
 .text.USB_DevInit
                0x08007ce8      0x240 CMakeFiles/test.elf.dir/Drivers/STM32F4xx_HAL_Driver/Src/stm32f4xx_ll_usb.c.obj
                0x08007ce8                USB_DevInit
 .text.USB_FlushTxFifo
                0x08007f28       0x54 CMakeFiles/test.elf.dir/Drivers/STM32F4xx_HAL_Driver/Src/stm32f4xx_ll_usb.c.obj
                0x08007f28                USB_FlushTxFifo
 .text.USB_GetDevSpeed
                0x08007f7c       0x18 CMakeFiles/test.elf.dir/Drivers/STM32F4xx_HAL_Driver/Src/stm32f4xx_ll_usb.c.obj
                0x08007f7c                USB_GetDevSpeed
 .text.USB_ActivateEndpoint
                0x08007f94       0x90 CMakeFiles/test.elf.dir/Drivers/STM32F4xx_HAL_Driver/Src/stm32f4xx_ll_usb.c.obj
                0x08007f94                USB_ActivateEndpoint
 .text.USB_DeactivateEndpoint
                0x08008024       0xc4 CMakeFiles/test.elf.dir/Drivers/STM32F4xx_HAL_Driver/Src/stm32f4xx_ll_usb.c.obj
                0x08008024                USB_DeactivateEndpoint
 .text.USB_EPStartXfer
                0x080080e8      0x218 CMakeFiles/test.elf.dir/Drivers/STM32F4xx_HAL_Driver/Src/stm32f4xx_ll_usb.c.obj
                0x080080e8                USB_EPStartXfer
 .text.USB_EP0StartXfer
                0x08008300       0xf8 CMakeFiles/test.elf.dir/Drivers/STM32F4xx_HAL_Driver/Src/stm32f4xx_ll_usb.c.obj
                0x08008300                USB_EP0StartXfer
 .text.USB_EPStopXfer
                0x080083f8       0x94 CMakeFiles/test.elf.dir/Drivers/STM32F4xx_HAL_Driver/Src/stm32f4xx_ll_usb.c.obj
                0x080083f8                USB_EPStopXfer
 .text.USB_WritePacket
                0x0800848c       0x2c CMakeFiles/test.elf.dir/Drivers/STM32F4xx_HAL_Driver/Src/stm32f4xx_ll_usb.c.obj
                0x0800848c                USB_WritePacket
 .text.USB_ReadPacket
                0x080084b8       0x4c CMakeFiles/test.elf.dir/Drivers/STM32F4xx_HAL_Driver/Src/stm32f4xx_ll_usb.c.obj
                0x080084b8                USB_ReadPacket
 .text.USB_EPSetStall
                0x08008504       0x5c CMakeFiles/test.elf.dir/Drivers/STM32F4xx_HAL_Driver/Src/stm32f4xx_ll_usb.c.obj
                0x08008504                USB_EPSetStall
 .text.USB_EPClearStall
                0x08008560       0x58 CMakeFiles/test.elf.dir/Drivers/STM32F4xx_HAL_Driver/Src/stm32f4xx_ll_usb.c.obj
                0x08008560                USB_EPClearStall
 .text.USB_SetDevAddress
                0x080085b8       0x20 CMakeFiles/test.elf.dir/Drivers/STM32F4xx_HAL_Driver/Src/stm32f4xx_ll_usb.c.obj
                0x080085b8                USB_SetDevAddress
 .text.USB_DevConnect
                0x080085d8       0x20 CMakeFiles/test.elf.dir/Drivers/STM32F4xx_HAL_Driver/Src/stm32f4xx_ll_usb.c.obj
                0x080085d8                USB_DevConnect
 .text.USB_DevDisconnect
                0x080085f8       0x20 CMakeFiles/test.elf.dir/Drivers/STM32F4xx_HAL_Driver/Src/stm32f4xx_ll_usb.c.obj
                0x080085f8                USB_DevDisconnect
 .text.USB_ReadInterrupts
                0x08008618        0x8 CMakeFiles/test.elf.dir/Drivers/STM32F4xx_HAL_Driver/Src/stm32f4xx_ll_usb.c.obj
                0x08008618                USB_ReadInterrupts
 .text.USB_ReadDevAllOutEpInterrupt
                0x08008620       0x10 CMakeFiles/test.elf.dir/Drivers/STM32F4xx_HAL_Driver/Src/stm32f4xx_ll_usb.c.obj
                0x08008620                USB_ReadDevAllOutEpInterrupt
 .text.USB_ReadDevAllInEpInterrupt
                0x08008630       0x10 CMakeFiles/test.elf.dir/Drivers/STM32F4xx_HAL_Driver/Src/stm32f4xx_ll_usb.c.obj
                0x08008630                USB_ReadDevAllInEpInterrupt
 .text.USB_ReadDevOutEPInterrupt
                0x08008640       0x14 CMakeFiles/test.elf.dir/Drivers/STM32F4xx_HAL_Driver/Src/stm32f4xx_ll_usb.c.obj
                0x08008640                USB_ReadDevOutEPInterrupt
 .text.USB_ReadDevInEPInterrupt
                0x08008654       0x20 CMakeFiles/test.elf.dir/Drivers/STM32F4xx_HAL_Driver/Src/stm32f4xx_ll_usb.c.obj
                0x08008654                USB_ReadDevInEPInterrupt
 .text.USB_GetMode
                0x08008674        0x8 CMakeFiles/test.elf.dir/Drivers/STM32F4xx_HAL_Driver/Src/stm32f4xx_ll_usb.c.obj
                0x08008674                USB_GetMode
 .text.USB_ActivateSetup
                0x0800867c       0x20 CMakeFiles/test.elf.dir/Drivers/STM32F4xx_HAL_Driver/Src/stm32f4xx_ll_usb.c.obj
                0x0800867c                USB_ActivateSetup
 .text.USB_EP0_OutStart
                0x0800869c       0x50 CMakeFiles/test.elf.dir/Drivers/STM32F4xx_HAL_Driver/Src/stm32f4xx_ll_usb.c.obj
                0x0800869c                USB_EP0_OutStart
 .text.USBD_CDC_EP0_RxReady
                0x080086ec       0x38 CMakeFiles/test.elf.dir/Middlewares/ST/STM32_USB_Device_Library/Class/CDC/Src/usbd_cdc.c.obj
 .text.USBD_CDC_GetDeviceQualifierDescriptor
                0x08008724        0xc CMakeFiles/test.elf.dir/Middlewares/ST/STM32_USB_Device_Library/Class/CDC/Src/usbd_cdc.c.obj
                0x08008724                USBD_CDC_GetDeviceQualifierDescriptor
 .text.USBD_CDC_GetFSCfgDesc
                0x08008730       0x48 CMakeFiles/test.elf.dir/Middlewares/ST/STM32_USB_Device_Library/Class/CDC/Src/usbd_cdc.c.obj
 .text.USBD_CDC_GetHSCfgDesc
                0x08008778       0x48 CMakeFiles/test.elf.dir/Middlewares/ST/STM32_USB_Device_Library/Class/CDC/Src/usbd_cdc.c.obj
 .text.USBD_CDC_DataOut
                0x080087c0       0x38 CMakeFiles/test.elf.dir/Middlewares/ST/STM32_USB_Device_Library/Class/CDC/Src/usbd_cdc.c.obj
 .text.USBD_CDC_DataIn
                0x080087f8       0x6c CMakeFiles/test.elf.dir/Middlewares/ST/STM32_USB_Device_Library/Class/CDC/Src/usbd_cdc.c.obj
 .text.USBD_CDC_Setup
                0x08008864       0xfc CMakeFiles/test.elf.dir/Middlewares/ST/STM32_USB_Device_Library/Class/CDC/Src/usbd_cdc.c.obj
 .text.USBD_CDC_DeInit
                0x08008960       0x5c CMakeFiles/test.elf.dir/Middlewares/ST/STM32_USB_Device_Library/Class/CDC/Src/usbd_cdc.c.obj
 .text.USBD_CDC_Init
                0x080089bc       0xd8 CMakeFiles/test.elf.dir/Middlewares/ST/STM32_USB_Device_Library/Class/CDC/Src/usbd_cdc.c.obj
 .text.USBD_CDC_GetOtherSpeedCfgDesc
                0x08008a94       0x48 CMakeFiles/test.elf.dir/Middlewares/ST/STM32_USB_Device_Library/Class/CDC/Src/usbd_cdc.c.obj
 .text.USBD_CDC_RegisterInterface
                0x08008adc       0x18 CMakeFiles/test.elf.dir/Middlewares/ST/STM32_USB_Device_Library/Class/CDC/Src/usbd_cdc.c.obj
                0x08008adc                USBD_CDC_RegisterInterface
 .text.USBD_CDC_SetTxBuffer
                0x08008af4       0x1c CMakeFiles/test.elf.dir/Middlewares/ST/STM32_USB_Device_Library/Class/CDC/Src/usbd_cdc.c.obj
                0x08008af4                USBD_CDC_SetTxBuffer
 .text.USBD_CDC_SetRxBuffer
                0x08008b10       0x18 CMakeFiles/test.elf.dir/Middlewares/ST/STM32_USB_Device_Library/Class/CDC/Src/usbd_cdc.c.obj
                0x08008b10                USBD_CDC_SetRxBuffer
 .text.USBD_CDC_ReceivePacket
                0x08008b28       0x34 CMakeFiles/test.elf.dir/Middlewares/ST/STM32_USB_Device_Library/Class/CDC/Src/usbd_cdc.c.obj
                0x08008b28                USBD_CDC_ReceivePacket
 .text.USBD_Init
                0x08008b5c       0x28 CMakeFiles/test.elf.dir/Middlewares/ST/STM32_USB_Device_Library/Core/Src/usbd_core.c.obj
                0x08008b5c                USBD_Init
 .text.USBD_RegisterClass
                0x08008b84       0x38 CMakeFiles/test.elf.dir/Middlewares/ST/STM32_USB_Device_Library/Core/Src/usbd_core.c.obj
                0x08008b84                USBD_RegisterClass
 .text.USBD_Start
                0x08008bbc        0x4 CMakeFiles/test.elf.dir/Middlewares/ST/STM32_USB_Device_Library/Core/Src/usbd_core.c.obj
                0x08008bbc                USBD_Start
 .text.USBD_SetClassConfig
                0x08008bc0       0x10 CMakeFiles/test.elf.dir/Middlewares/ST/STM32_USB_Device_Library/Core/Src/usbd_core.c.obj
                0x08008bc0                USBD_SetClassConfig
 .text.USBD_ClrClassConfig
                0x08008bd0       0x14 CMakeFiles/test.elf.dir/Middlewares/ST/STM32_USB_Device_Library/Core/Src/usbd_core.c.obj
                0x08008bd0                USBD_ClrClassConfig
 .text.USBD_LL_SetupStage
                0x08008be4       0x60 CMakeFiles/test.elf.dir/Middlewares/ST/STM32_USB_Device_Library/Core/Src/usbd_core.c.obj
                0x08008be4                USBD_LL_SetupStage
 .text.USBD_LL_DataOutStage
                0x08008c44       0x74 CMakeFiles/test.elf.dir/Middlewares/ST/STM32_USB_Device_Library/Core/Src/usbd_core.c.obj
                0x08008c44                USBD_LL_DataOutStage
 .text.USBD_LL_DataInStage
                0x08008cb8       0xb4 CMakeFiles/test.elf.dir/Middlewares/ST/STM32_USB_Device_Library/Core/Src/usbd_core.c.obj
                0x08008cb8                USBD_LL_DataInStage
 .text.USBD_LL_Reset
                0x08008d6c       0x5c CMakeFiles/test.elf.dir/Middlewares/ST/STM32_USB_Device_Library/Core/Src/usbd_core.c.obj
                0x08008d6c                USBD_LL_Reset
 .text.USBD_LL_SetSpeed
                0x08008dc8        0x8 CMakeFiles/test.elf.dir/Middlewares/ST/STM32_USB_Device_Library/Core/Src/usbd_core.c.obj
                0x08008dc8                USBD_LL_SetSpeed
 .text.USBD_LL_Suspend
                0x08008dd0       0x18 CMakeFiles/test.elf.dir/Middlewares/ST/STM32_USB_Device_Library/Core/Src/usbd_core.c.obj
                0x08008dd0                USBD_LL_Suspend
 .text.USBD_LL_Resume
                0x08008de8       0x18 CMakeFiles/test.elf.dir/Middlewares/ST/STM32_USB_Device_Library/Core/Src/usbd_core.c.obj
                0x08008de8                USBD_LL_Resume
 .text.USBD_LL_SOF
                0x08008e00       0x20 CMakeFiles/test.elf.dir/Middlewares/ST/STM32_USB_Device_Library/Core/Src/usbd_core.c.obj
                0x08008e00                USBD_LL_SOF
 .text.USBD_LL_IsoINIncomplete
                0x08008e20       0x2c CMakeFiles/test.elf.dir/Middlewares/ST/STM32_USB_Device_Library/Core/Src/usbd_core.c.obj
                0x08008e20                USBD_LL_IsoINIncomplete
 .text.USBD_LL_IsoOUTIncomplete
                0x08008e4c       0x2c CMakeFiles/test.elf.dir/Middlewares/ST/STM32_USB_Device_Library/Core/Src/usbd_core.c.obj
                0x08008e4c                USBD_LL_IsoOUTIncomplete
 .text.USBD_LL_DevConnected
                0x08008e78        0x4 CMakeFiles/test.elf.dir/Middlewares/ST/STM32_USB_Device_Library/Core/Src/usbd_core.c.obj
                0x08008e78                USBD_LL_DevConnected
 .text.USBD_LL_DevDisconnected
                0x08008e7c       0x24 CMakeFiles/test.elf.dir/Middlewares/ST/STM32_USB_Device_Library/Core/Src/usbd_core.c.obj
                0x08008e7c                USBD_LL_DevDisconnected
 .text.USBD_CoreFindIF
                0x08008ea0        0x4 CMakeFiles/test.elf.dir/Middlewares/ST/STM32_USB_Device_Library/Core/Src/usbd_core.c.obj
                0x08008ea0                USBD_CoreFindIF
 .text.USBD_CoreFindEP
                0x08008ea4        0x4 CMakeFiles/test.elf.dir/Middlewares/ST/STM32_USB_Device_Library/Core/Src/usbd_core.c.obj
                0x08008ea4                USBD_CoreFindEP
 .text.USBD_GetEpDesc
                0x08008ea8       0x2c CMakeFiles/test.elf.dir/Middlewares/ST/STM32_USB_Device_Library/Core/Src/usbd_core.c.obj
                0x08008ea8                USBD_GetEpDesc
 .text.USBD_StdDevReq
                0x08008ed4      0x358 CMakeFiles/test.elf.dir/Middlewares/ST/STM32_USB_Device_Library/Core/Src/usbd_ctlreq.c.obj
                0x08008ed4                USBD_StdDevReq
 .text.USBD_StdItfReq
                0x0800922c       0x80 CMakeFiles/test.elf.dir/Middlewares/ST/STM32_USB_Device_Library/Core/Src/usbd_ctlreq.c.obj
                0x0800922c                USBD_StdItfReq
 .text.USBD_StdEPReq
                0x080092ac      0x160 CMakeFiles/test.elf.dir/Middlewares/ST/STM32_USB_Device_Library/Core/Src/usbd_ctlreq.c.obj
                0x080092ac                USBD_StdEPReq
 .text.USBD_ParseSetupRequest
                0x0800940c       0x18 CMakeFiles/test.elf.dir/Middlewares/ST/STM32_USB_Device_Library/Core/Src/usbd_ctlreq.c.obj
                0x0800940c                USBD_ParseSetupRequest
 .text.USBD_CtlError
                0x08009424       0x18 CMakeFiles/test.elf.dir/Middlewares/ST/STM32_USB_Device_Library/Core/Src/usbd_ctlreq.c.obj
                0x08009424                USBD_CtlError
 .text.USBD_GetString
                0x0800943c       0x50 CMakeFiles/test.elf.dir/Middlewares/ST/STM32_USB_Device_Library/Core/Src/usbd_ctlreq.c.obj
                0x0800943c                USBD_GetString
 .text.USBD_CtlSendData
                0x0800948c       0x1c CMakeFiles/test.elf.dir/Middlewares/ST/STM32_USB_Device_Library/Core/Src/usbd_ioreq.c.obj
                0x0800948c                USBD_CtlSendData
 .text.USBD_CtlContinueSendData
                0x080094a8       0x10 CMakeFiles/test.elf.dir/Middlewares/ST/STM32_USB_Device_Library/Core/Src/usbd_ioreq.c.obj
                0x080094a8                USBD_CtlContinueSendData
 .text.USBD_CtlPrepareRx
                0x080094b8       0x1c CMakeFiles/test.elf.dir/Middlewares/ST/STM32_USB_Device_Library/Core/Src/usbd_ioreq.c.obj
                0x080094b8                USBD_CtlPrepareRx
 .text.USBD_CtlContinueRx
                0x080094d4       0x10 CMakeFiles/test.elf.dir/Middlewares/ST/STM32_USB_Device_Library/Core/Src/usbd_ioreq.c.obj
                0x080094d4                USBD_CtlContinueRx
 .text.USBD_CtlSendStatus
                0x080094e4       0x18 CMakeFiles/test.elf.dir/Middlewares/ST/STM32_USB_Device_Library/Core/Src/usbd_ioreq.c.obj
                0x080094e4                USBD_CtlSendStatus
 .text.USBD_CtlReceiveStatus
                0x080094fc       0x18 CMakeFiles/test.elf.dir/Middlewares/ST/STM32_USB_Device_Library/Core/Src/usbd_ioreq.c.obj
                0x080094fc                USBD_CtlReceiveStatus
 .text.MX_USB_DEVICE_Init
                0x08009514       0x74 CMakeFiles/test.elf.dir/USB_DEVICE/App/usb_device.c.obj
                0x08009514                MX_USB_DEVICE_Init
 .text.CDC_DeInit_FS
                0x08009588        0x4 CMakeFiles/test.elf.dir/USB_DEVICE/App/usbd_cdc_if.c.obj
 .text.CDC_Control_FS
                0x0800958c        0x4 CMakeFiles/test.elf.dir/USB_DEVICE/App/usbd_cdc_if.c.obj
 .text.CDC_TransmitCplt_FS
                0x08009590        0x4 CMakeFiles/test.elf.dir/USB_DEVICE/App/usbd_cdc_if.c.obj
 .text.CDC_Receive_FS
                0x08009594       0x1c CMakeFiles/test.elf.dir/USB_DEVICE/App/usbd_cdc_if.c.obj
 .text.CDC_Init_FS
                0x080095b0       0x28 CMakeFiles/test.elf.dir/USB_DEVICE/App/usbd_cdc_if.c.obj
 .text.USBD_FS_DeviceDescriptor
                0x080095d8        0xc CMakeFiles/test.elf.dir/USB_DEVICE/App/usbd_desc.c.obj
                0x080095d8                USBD_FS_DeviceDescriptor
 .text.USBD_FS_LangIDStrDescriptor
                0x080095e4        0xc CMakeFiles/test.elf.dir/USB_DEVICE/App/usbd_desc.c.obj
                0x080095e4                USBD_FS_LangIDStrDescriptor
 .text.USBD_FS_ManufacturerStrDescriptor
                0x080095f0       0x1c CMakeFiles/test.elf.dir/USB_DEVICE/App/usbd_desc.c.obj
                0x080095f0                USBD_FS_ManufacturerStrDescriptor
 .text.USBD_FS_ProductStrDescriptor
                0x0800960c       0x1c CMakeFiles/test.elf.dir/USB_DEVICE/App/usbd_desc.c.obj
                0x0800960c                USBD_FS_ProductStrDescriptor
 .text.USBD_FS_ConfigStrDescriptor
                0x08009628       0x1c CMakeFiles/test.elf.dir/USB_DEVICE/App/usbd_desc.c.obj
                0x08009628                USBD_FS_ConfigStrDescriptor
 .text.USBD_FS_InterfaceStrDescriptor
                0x08009644       0x1c CMakeFiles/test.elf.dir/USB_DEVICE/App/usbd_desc.c.obj
                0x08009644                USBD_FS_InterfaceStrDescriptor
 .text.USBD_FS_SerialStrDescriptor
                0x08009660        0xc CMakeFiles/test.elf.dir/USB_DEVICE/App/usbd_desc.c.obj
                0x08009660                USBD_FS_SerialStrDescriptor
 .text.HAL_PCD_MspInit
                0x0800966c       0x84 CMakeFiles/test.elf.dir/USB_DEVICE/Target/usbd_conf.c.obj
                0x0800966c                HAL_PCD_MspInit
 .text.HAL_PCD_SetupStageCallback
                0x080096f0        0xc CMakeFiles/test.elf.dir/USB_DEVICE/Target/usbd_conf.c.obj
                0x080096f0                HAL_PCD_SetupStageCallback
 .text.HAL_PCD_DataOutStageCallback
                0x080096fc       0x14 CMakeFiles/test.elf.dir/USB_DEVICE/Target/usbd_conf.c.obj
                0x080096fc                HAL_PCD_DataOutStageCallback
 .text.HAL_PCD_DataInStageCallback
                0x08009710       0x14 CMakeFiles/test.elf.dir/USB_DEVICE/Target/usbd_conf.c.obj
                0x08009710                HAL_PCD_DataInStageCallback
 .text.HAL_PCD_SOFCallback
                0x08009724        0x8 CMakeFiles/test.elf.dir/USB_DEVICE/Target/usbd_conf.c.obj
                0x08009724                HAL_PCD_SOFCallback
 .text.HAL_PCD_ResetCallback
                0x0800972c       0x2c CMakeFiles/test.elf.dir/USB_DEVICE/Target/usbd_conf.c.obj
                0x0800972c                HAL_PCD_ResetCallback
 .text.HAL_PCD_SuspendCallback
                0x08009758       0x30 CMakeFiles/test.elf.dir/USB_DEVICE/Target/usbd_conf.c.obj
                0x08009758                HAL_PCD_SuspendCallback
 .text.HAL_PCD_ResumeCallback
                0x08009788        0x8 CMakeFiles/test.elf.dir/USB_DEVICE/Target/usbd_conf.c.obj
                0x08009788                HAL_PCD_ResumeCallback
 .text.HAL_PCD_ISOOUTIncompleteCallback
                0x08009790        0x8 CMakeFiles/test.elf.dir/USB_DEVICE/Target/usbd_conf.c.obj
                0x08009790                HAL_PCD_ISOOUTIncompleteCallback
 .text.HAL_PCD_ISOINIncompleteCallback
                0x08009798        0x8 CMakeFiles/test.elf.dir/USB_DEVICE/Target/usbd_conf.c.obj
                0x08009798                HAL_PCD_ISOINIncompleteCallback
 .text.HAL_PCD_ConnectCallback
                0x080097a0        0x8 CMakeFiles/test.elf.dir/USB_DEVICE/Target/usbd_conf.c.obj
                0x080097a0                HAL_PCD_ConnectCallback
 .text.HAL_PCD_DisconnectCallback
                0x080097a8        0x8 CMakeFiles/test.elf.dir/USB_DEVICE/Target/usbd_conf.c.obj
                0x080097a8                HAL_PCD_DisconnectCallback
 .text.USBD_LL_Init
                0x080097b0       0x64 CMakeFiles/test.elf.dir/USB_DEVICE/Target/usbd_conf.c.obj
                0x080097b0                USBD_LL_Init
 .text.USBD_LL_Start
                0x08009814       0x18 CMakeFiles/test.elf.dir/USB_DEVICE/Target/usbd_conf.c.obj
                0x08009814                USBD_LL_Start
 .text.USBD_LL_OpenEP
                0x0800982c       0x1c CMakeFiles/test.elf.dir/USB_DEVICE/Target/usbd_conf.c.obj
                0x0800982c                USBD_LL_OpenEP
 .text.USBD_LL_CloseEP
                0x08009848       0x18 CMakeFiles/test.elf.dir/USB_DEVICE/Target/usbd_conf.c.obj
                0x08009848                USBD_LL_CloseEP
 .text.USBD_LL_StallEP
                0x08009860       0x18 CMakeFiles/test.elf.dir/USB_DEVICE/Target/usbd_conf.c.obj
                0x08009860                USBD_LL_StallEP
 .text.USBD_LL_ClearStallEP
                0x08009878       0x18 CMakeFiles/test.elf.dir/USB_DEVICE/Target/usbd_conf.c.obj
                0x08009878                USBD_LL_ClearStallEP
 .text.USBD_LL_IsStallEP
                0x08009890       0x28 CMakeFiles/test.elf.dir/USB_DEVICE/Target/usbd_conf.c.obj
                0x08009890                USBD_LL_IsStallEP
 .text.USBD_LL_SetUSBAddress
                0x080098b8       0x18 CMakeFiles/test.elf.dir/USB_DEVICE/Target/usbd_conf.c.obj
                0x080098b8                USBD_LL_SetUSBAddress
 .text.USBD_LL_Transmit
                0x080098d0       0x18 CMakeFiles/test.elf.dir/USB_DEVICE/Target/usbd_conf.c.obj
                0x080098d0                USBD_LL_Transmit
 .text.USBD_LL_PrepareReceive
                0x080098e8       0x18 CMakeFiles/test.elf.dir/USB_DEVICE/Target/usbd_conf.c.obj
                0x080098e8                USBD_LL_PrepareReceive
 .text.USBD_LL_GetRxDataSize
                0x08009900        0x8 CMakeFiles/test.elf.dir/USB_DEVICE/Target/usbd_conf.c.obj
                0x08009900                USBD_LL_GetRxDataSize
 .text.USBD_static_malloc
                0x08009908        0x8 CMakeFiles/test.elf.dir/USB_DEVICE/Target/usbd_conf.c.obj
                0x08009908                USBD_static_malloc
 .text.USBD_static_free
                0x08009910        0x4 CMakeFiles/test.elf.dir/USB_DEVICE/Target/usbd_conf.c.obj
                0x08009910                USBD_static_free
 .text._Z8BSP_Initmff
                0x08009914      0x148 CMakeFiles/test.elf.dir/User_File/1_Middleware/1_Driver/BSP/drv_djiboarda.cpp.obj
                0x08009914                BSP_Init(unsigned long, float, float)
 .text._Z8CAN_InitP19__CAN_HandleTypeDefPFvP20Struct_CAN_Rx_BufferE
                0x08009a5c       0xe8 CMakeFiles/test.elf.dir/User_File/1_Middleware/1_Driver/CAN/drv_can.cpp.obj
                0x08009a5c                CAN_Init(__CAN_HandleTypeDef*, void (*)(Struct_CAN_Rx_Buffer*))
 .text._Z13CAN_Send_DataP19__CAN_HandleTypeDeftPht
                0x08009b44       0x20 CMakeFiles/test.elf.dir/User_File/1_Middleware/1_Driver/CAN/drv_can.cpp.obj
                0x08009b44                CAN_Send_Data(__CAN_HandleTypeDef*, unsigned short, unsigned char*, unsigned short)
 .text._Z33TIM_1ms_CAN_PeriodElapsedCallbackv
                0x08009b64       0xc8 CMakeFiles/test.elf.dir/User_File/1_Middleware/1_Driver/CAN/drv_can.cpp.obj
                0x08009b64                TIM_1ms_CAN_PeriodElapsedCallback()
 .text.HAL_CAN_RxFifo0MsgPendingCallback
                0x08009c2c       0x68 CMakeFiles/test.elf.dir/User_File/1_Middleware/1_Driver/CAN/drv_can.cpp.obj
                0x08009c2c                HAL_CAN_RxFifo0MsgPendingCallback
 .text.HAL_CAN_RxFifo1MsgPendingCallback
                0x08009c94       0x68 CMakeFiles/test.elf.dir/User_File/1_Middleware/1_Driver/CAN/drv_can.cpp.obj
                0x08009c94                HAL_CAN_RxFifo1MsgPendingCallback
 .text._Z24Math_Boolean_Logical_NotPb
                0x08009cfc        0xc CMakeFiles/test.elf.dir/User_File/1_Middleware/1_Driver/Math/drv_math.cpp.obj
                0x08009cfc                Math_Boolean_Logical_Not(bool*)
 .text._Z22Math_Endian_Reverse_16PvS_
                0x08009d08       0x14 CMakeFiles/test.elf.dir/User_File/1_Middleware/1_Driver/Math/drv_math.cpp.obj
                0x08009d08                Math_Endian_Reverse_16(void*, void*)
 .text._Z10Math_Sum_8Phm
                0x08009d1c       0x68 CMakeFiles/test.elf.dir/User_File/1_Middleware/1_Driver/Math/drv_math.cpp.obj
                0x08009d1c                Math_Sum_8(unsigned char*, unsigned long)
 .text._Z9Math_Sincf
                0x08009d84       0x38 CMakeFiles/test.elf.dir/User_File/1_Middleware/1_Driver/Math/drv_math.cpp.obj
                0x08009d84                Math_Sinc(float)
 .text._Z8TIM_InitP17TIM_HandleTypeDefPFvvE
                0x08009dbc      0x134 CMakeFiles/test.elf.dir/User_File/1_Middleware/1_Driver/TIM/drv_tim.cpp.obj
                0x08009dbc                TIM_Init(TIM_HandleTypeDef*, void (*)())
 .text.HAL_TIM_PeriodElapsedCallback
                0x08009ef0      0x158 CMakeFiles/test.elf.dir/User_File/1_Middleware/1_Driver/TIM/drv_tim.cpp.obj
                0x08009ef0                HAL_TIM_PeriodElapsedCallback
 .text._Z9UART_InitP20__UART_HandleTypeDefPFvPhtEt
                0x0800a048       0xb0 CMakeFiles/test.elf.dir/User_File/1_Middleware/1_Driver/UART/drv_uart.cpp.obj
                0x0800a048                UART_Init(__UART_HandleTypeDef*, void (*)(unsigned char*, unsigned short), unsigned short)
 .text._Z11UART_ReinitP20__UART_HandleTypeDef
                0x0800a0f8       0xe4 CMakeFiles/test.elf.dir/User_File/1_Middleware/1_Driver/UART/drv_uart.cpp.obj
                0x0800a0f8                UART_Reinit(__UART_HandleTypeDef*)
 .text._Z14UART_Send_DataP20__UART_HandleTypeDefPht
                0x0800a1dc        0x4 CMakeFiles/test.elf.dir/User_File/1_Middleware/1_Driver/UART/drv_uart.cpp.obj
                0x0800a1dc                UART_Send_Data(__UART_HandleTypeDef*, unsigned char*, unsigned short)
 .text._Z34TIM_1ms_UART_PeriodElapsedCallbackv
                0x0800a1e0        0x4 CMakeFiles/test.elf.dir/User_File/1_Middleware/1_Driver/UART/drv_uart.cpp.obj
                0x0800a1e0                TIM_1ms_UART_PeriodElapsedCallback()
 .text.HAL_UARTEx_RxEventCallback
                0x0800a1e4      0x198 CMakeFiles/test.elf.dir/User_File/1_Middleware/1_Driver/UART/drv_uart.cpp.obj
                0x0800a1e4                HAL_UARTEx_RxEventCallback
 .text.HAL_UART_ErrorCallback
                0x0800a37c       0xe4 CMakeFiles/test.elf.dir/User_File/1_Middleware/1_Driver/UART/drv_uart.cpp.obj
                0x0800a37c                HAL_UART_ErrorCallback
 .text._Z21IWDG_Independent_Feedv
                0x0800a460        0xc CMakeFiles/test.elf.dir/User_File/1_Middleware/1_Driver/WDG/drv_wdg.cpp.obj
                0x0800a460                IWDG_Independent_Feed()
 .text._Z34TIM_1ms_IWDG_PeriodElapsedCallbackv
                0x0800a46c        0xc CMakeFiles/test.elf.dir/User_File/1_Middleware/1_Driver/WDG/drv_wdg.cpp.obj
                0x0800a46c                TIM_1ms_IWDG_PeriodElapsedCallback()
 .text._ZN9Class_FSM4InitEhh
                0x0800a478       0x6c CMakeFiles/test.elf.dir/User_File/1_Middleware/2_Algorithm/FSM/alg_fsm.cpp.obj
                0x0800a478                Class_FSM::Init(unsigned char, unsigned char)
 .text._ZN9Class_PID4InitEfffffffffff16Enum_PID_D_First
                0x0800a4e4       0x30 CMakeFiles/test.elf.dir/User_File/1_Middleware/2_Algorithm/PID/alg_pid.cpp.obj
                0x0800a4e4                Class_PID::Init(float, float, float, float, float, float, float, float, float, float, float, Enum_PID_D_First)
 .text._ZN9Class_PID35TIM_Calculate_PeriodElapsedCallbackEv
                0x0800a514      0x1d0 CMakeFiles/test.elf.dir/User_File/1_Middleware/2_Algorithm/PID/alg_pid.cpp.obj
                0x0800a514                Class_PID::TIM_Calculate_PeriodElapsedCallback()
 .text._ZN11Class_Slope4InitEff16Enum_Slope_First
                0x0800a6e4        0xc CMakeFiles/test.elf.dir/User_File/1_Middleware/2_Algorithm/Slope/alg_slope.cpp.obj
                0x0800a6e4                Class_Slope::Init(float, float, Enum_Slope_First)
 .text._ZN11Class_Slope35TIM_Calculate_PeriodElapsedCallbackEv
                0x0800a6f0      0x114 CMakeFiles/test.elf.dir/User_File/1_Middleware/2_Algorithm/Slope/alg_slope.cpp.obj
                0x0800a6f0                Class_Slope::TIM_Calculate_PeriodElapsedCallback()
 .text._ZN11Class_Timer4InitEm
                0x0800a804        0x4 CMakeFiles/test.elf.dir/User_File/1_Middleware/2_Algorithm/Timer/alg_timer.cpp.obj
                0x0800a804                Class_Timer::Init(unsigned long)
 .text._ZN11Class_Timer39TIM_1ms_Calculate_PeriodElapsedCallbackEv
                0x0800a808       0x20 CMakeFiles/test.elf.dir/User_File/1_Middleware/2_Algorithm/Timer/alg_timer.cpp.obj
                0x0800a808                Class_Timer::TIM_1ms_Calculate_PeriodElapsedCallback()
 .text._ZN19Class_AHRS_WHEELTEC4InitEP20__UART_HandleTypeDefhh
                0x0800a828       0xc4 CMakeFiles/test.elf.dir/User_File/2_Device/AHRS/AHRS_WHEELTEC/dvc_ahrs_wheeltec.cpp.obj
                0x0800a828                Class_AHRS_WHEELTEC::Init(__UART_HandleTypeDef*, unsigned char, unsigned char)
 .text._ZN19Class_AHRS_WHEELTEC19UART_RxCpltCallbackEPht
                0x0800a8ec       0xe0 CMakeFiles/test.elf.dir/User_File/2_Device/AHRS/AHRS_WHEELTEC/dvc_ahrs_wheeltec.cpp.obj
                0x0800a8ec                Class_AHRS_WHEELTEC::UART_RxCpltCallback(unsigned char*, unsigned short)
 .text._ZN19Class_AHRS_WHEELTEC37TIM_100ms_Alive_PeriodElapsedCallbackEv
                0x0800a9cc       0x28 CMakeFiles/test.elf.dir/User_File/2_Device/AHRS/AHRS_WHEELTEC/dvc_ahrs_wheeltec.cpp.obj
                0x0800a9cc                Class_AHRS_WHEELTEC::TIM_100ms_Alive_PeriodElapsedCallback()
 .text._ZN14Class_AHRS_WIT4InitEP20__UART_HandleTypeDeft
                0x0800a9f4       0xbc CMakeFiles/test.elf.dir/User_File/2_Device/AHRS/AHRS_WIT/dvc_ahrs_wit.cpp.obj
                0x0800a9f4                Class_AHRS_WIT::Init(__UART_HandleTypeDef*, unsigned short)
 .text._ZN14Class_AHRS_WIT37TIM_100ms_Alive_PeriodElapsedCallbackEv
                0x0800aab0       0x28 CMakeFiles/test.elf.dir/User_File/2_Device/AHRS/AHRS_WIT/dvc_ahrs_wit.cpp.obj
                0x0800aab0                Class_AHRS_WIT::TIM_100ms_Alive_PeriodElapsedCallback()
 .text._ZN14Class_AHRS_WIT12Data_ProcessEt
                0x0800aad8      0x1d4 CMakeFiles/test.elf.dir/User_File/2_Device/AHRS/AHRS_WIT/dvc_ahrs_wit.cpp.obj
                0x0800aad8                Class_AHRS_WIT::Data_Process(unsigned short)
 .text._ZN14Class_AHRS_WIT19UART_RxCpltCallbackEPht
                0x0800acac        0xc CMakeFiles/test.elf.dir/User_File/2_Device/AHRS/AHRS_WIT/dvc_ahrs_wit.cpp.obj
                0x0800acac                Class_AHRS_WIT::UART_RxCpltCallback(unsigned char*, unsigned short)
 .text._ZN10Class_DR164InitEP20__UART_HandleTypeDef
                0x0800acb8       0xa4 CMakeFiles/test.elf.dir/User_File/2_Device/DR16/dvc_dr16.cpp.obj
                0x0800acb8                Class_DR16::Init(__UART_HandleTypeDef*)
 .text._ZN10Class_DR1619UART_RxCpltCallbackEPht
                0x0800ad5c      0x124 CMakeFiles/test.elf.dir/User_File/2_Device/DR16/dvc_dr16.cpp.obj
                0x0800ad5c                Class_DR16::UART_RxCpltCallback(unsigned char*, unsigned short)
 .text._ZN10Class_DR1637TIM_100ms_Alive_PeriodElapsedCallbackEv
                0x0800ae80       0x2c CMakeFiles/test.elf.dir/User_File/2_Device/DR16/dvc_dr16.cpp.obj
                0x0800ae80                Class_DR16::TIM_100ms_Alive_PeriodElapsedCallback()
 .text._ZN10Class_DR1613_Judge_SwitchEP23Enum_DR16_Switch_Statushh
                0x0800aeac       0x54 CMakeFiles/test.elf.dir/User_File/2_Device/DR16/dvc_dr16.cpp.obj
                0x0800aeac                Class_DR16::_Judge_Switch(Enum_DR16_Switch_Status*, unsigned char, unsigned char)
 .text._ZN10Class_DR1639TIM_1ms_Calculate_PeriodElapsedCallbackEv
                0x0800af00      0x1ac CMakeFiles/test.elf.dir/User_File/2_Device/DR16/dvc_dr16.cpp.obj
                0x0800af00                Class_DR16::TIM_1ms_Calculate_PeriodElapsedCallback()
 .text._ZN14Class_Manifold4InitEP20__UART_HandleTypeDeft
                0x0800b0ac       0xbc CMakeFiles/test.elf.dir/User_File/2_Device/Manifold/dvc_manifold.cpp.obj
                0x0800b0ac                Class_Manifold::Init(__UART_HandleTypeDef*, unsigned short)
 .text._ZN14Class_Manifold19UART_RxCpltCallbackEPht
                0x0800b168      0x158 CMakeFiles/test.elf.dir/User_File/2_Device/Manifold/dvc_manifold.cpp.obj
                0x0800b168                Class_Manifold::UART_RxCpltCallback(unsigned char*, unsigned short)
 .text._ZN14Class_Manifold38TIM_1000ms_Alive_PeriodElapsedCallbackEv
                0x0800b2c0       0x2c CMakeFiles/test.elf.dir/User_File/2_Device/Manifold/dvc_manifold.cpp.obj
                0x0800b2c0                Class_Manifold::TIM_1000ms_Alive_PeriodElapsedCallback()
 .text._ZN14Class_Manifold35TIM_10ms_Send_PeriodElapsedCallbackEv
                0x0800b2ec       0x30 CMakeFiles/test.elf.dir/User_File/2_Device/Manifold/dvc_manifold.cpp.obj
                0x0800b2ec                Class_Manifold::TIM_10ms_Send_PeriodElapsedCallback()
 .text._ZN22Class_Motor_DJI_GM60204InitEP19__CAN_HandleTypeDef17Enum_Motor_DJI_ID29Enum_Motor_DJI_Control_Methodl36Enum_Motor_DJI_GM6020_Driver_Version33Enum_Motor_DJI_Power_Limit_Statusff
                0x0800b31c      0x240 CMakeFiles/test.elf.dir/User_File/2_Device/Motor/Motor_DJI/dvc_motor_dji.cpp.obj
                0x0800b31c                Class_Motor_DJI_GM6020::Init(__CAN_HandleTypeDef*, Enum_Motor_DJI_ID, Enum_Motor_DJI_Control_Method, long, Enum_Motor_DJI_GM6020_Driver_Version, Enum_Motor_DJI_Power_Limit_Status, float, float)
 .text._ZN22Class_Motor_DJI_GM602018CAN_RxCpltCallbackEPh
                0x0800b55c      0x11c CMakeFiles/test.elf.dir/User_File/2_Device/Motor/Motor_DJI/dvc_motor_dji.cpp.obj
                0x0800b55c                Class_Motor_DJI_GM6020::CAN_RxCpltCallback(unsigned char*)
 .text._ZN22Class_Motor_DJI_GM602037TIM_100ms_Alive_PeriodElapsedCallbackEv
                0x0800b678       0x2c CMakeFiles/test.elf.dir/User_File/2_Device/Motor/Motor_DJI/dvc_motor_dji.cpp.obj
                0x0800b678                Class_Motor_DJI_GM6020::TIM_100ms_Alive_PeriodElapsedCallback()
 .text._ZN22Class_Motor_DJI_GM602035TIM_Calculate_PeriodElapsedCallbackEv
                0x0800b6a4      0x23c CMakeFiles/test.elf.dir/User_File/2_Device/Motor/Motor_DJI/dvc_motor_dji.cpp.obj
                0x0800b6a4                Class_Motor_DJI_GM6020::TIM_Calculate_PeriodElapsedCallback()
 .text._ZN22Class_Motor_DJI_GM602019Power_Limit_ControlEv
                0x0800b8e0      0x100 CMakeFiles/test.elf.dir/User_File/2_Device/Motor/Motor_DJI/dvc_motor_dji.cpp.obj
                0x0800b8e0                Class_Motor_DJI_GM6020::Power_Limit_Control()
 .text._ZN22Class_Motor_DJI_GM602053TIM_Power_Limit_After_Calculate_PeriodElapsedCallbackEv
                0x0800b9e0       0xd4 CMakeFiles/test.elf.dir/User_File/2_Device/Motor/Motor_DJI/dvc_motor_dji.cpp.obj
                0x0800b9e0                Class_Motor_DJI_GM6020::TIM_Power_Limit_After_Calculate_PeriodElapsedCallback()
 .text._ZN22Class_Motor_DJI_GM60206OutputEv
                0x0800bab4       0x2c CMakeFiles/test.elf.dir/User_File/2_Device/Motor/Motor_DJI/dvc_motor_dji.cpp.obj
                0x0800bab4                Class_Motor_DJI_GM6020::Output()
 .text._ZN20Class_Motor_DJI_C6104InitEP19__CAN_HandleTypeDef17Enum_Motor_DJI_ID29Enum_Motor_DJI_Control_Methodff
                0x0800bae0      0x138 CMakeFiles/test.elf.dir/User_File/2_Device/Motor/Motor_DJI/dvc_motor_dji.cpp.obj
                0x0800bae0                Class_Motor_DJI_C610::Init(__CAN_HandleTypeDef*, Enum_Motor_DJI_ID, Enum_Motor_DJI_Control_Method, float, float)
 .text._ZN20Class_Motor_DJI_C61018CAN_RxCpltCallbackEPh
                0x0800bc18       0xf8 CMakeFiles/test.elf.dir/User_File/2_Device/Motor/Motor_DJI/dvc_motor_dji.cpp.obj
                0x0800bc18                Class_Motor_DJI_C610::CAN_RxCpltCallback(unsigned char*)
 .text._ZN20Class_Motor_DJI_C61037TIM_100ms_Alive_PeriodElapsedCallbackEv
                0x0800bd10       0x28 CMakeFiles/test.elf.dir/User_File/2_Device/Motor/Motor_DJI/dvc_motor_dji.cpp.obj
                0x0800bd10                Class_Motor_DJI_C610::TIM_100ms_Alive_PeriodElapsedCallback()
 .text._ZN20Class_Motor_DJI_C61035TIM_Calculate_PeriodElapsedCallbackEv
                0x0800bd38       0xf8 CMakeFiles/test.elf.dir/User_File/2_Device/Motor/Motor_DJI/dvc_motor_dji.cpp.obj
                0x0800bd38                Class_Motor_DJI_C610::TIM_Calculate_PeriodElapsedCallback()
 .text._ZN20Class_Motor_DJI_C6204InitEP19__CAN_HandleTypeDef17Enum_Motor_DJI_ID29Enum_Motor_DJI_Control_Methodf33Enum_Motor_DJI_Power_Limit_Statusf
                0x0800be30      0x140 CMakeFiles/test.elf.dir/User_File/2_Device/Motor/Motor_DJI/dvc_motor_dji.cpp.obj
                0x0800be30                Class_Motor_DJI_C620::Init(__CAN_HandleTypeDef*, Enum_Motor_DJI_ID, Enum_Motor_DJI_Control_Method, float, Enum_Motor_DJI_Power_Limit_Status, float)
 .text._ZN20Class_Motor_DJI_C62018CAN_RxCpltCallbackEPh
                0x0800bf70      0x120 CMakeFiles/test.elf.dir/User_File/2_Device/Motor/Motor_DJI/dvc_motor_dji.cpp.obj
                0x0800bf70                Class_Motor_DJI_C620::CAN_RxCpltCallback(unsigned char*)
 .text._ZN20Class_Motor_DJI_C62037TIM_100ms_Alive_PeriodElapsedCallbackEv
                0x0800c090       0x34 CMakeFiles/test.elf.dir/User_File/2_Device/Motor/Motor_DJI/dvc_motor_dji.cpp.obj
                0x0800c090                Class_Motor_DJI_C620::TIM_100ms_Alive_PeriodElapsedCallback()
 .text._ZN20Class_Motor_DJI_C62035TIM_Calculate_PeriodElapsedCallbackEv
                0x0800c0c4      0x100 CMakeFiles/test.elf.dir/User_File/2_Device/Motor/Motor_DJI/dvc_motor_dji.cpp.obj
                0x0800c0c4                Class_Motor_DJI_C620::TIM_Calculate_PeriodElapsedCallback()
 .text._ZN20Class_Motor_DJI_C62019Power_Limit_ControlEv
                0x0800c1c4      0x100 CMakeFiles/test.elf.dir/User_File/2_Device/Motor/Motor_DJI/dvc_motor_dji.cpp.obj
                0x0800c1c4                Class_Motor_DJI_C620::Power_Limit_Control()
 .text._ZN20Class_Motor_DJI_C62053TIM_Power_Limit_After_Calculate_PeriodElapsedCallbackEv
                0x0800c2c4       0x80 CMakeFiles/test.elf.dir/User_File/2_Device/Motor/Motor_DJI/dvc_motor_dji.cpp.obj
                0x0800c2c4                Class_Motor_DJI_C620::TIM_Power_Limit_After_Calculate_PeriodElapsedCallback()
 .text._ZN20Class_Motor_DJI_C6206OutputEv
                0x0800c344       0x2c CMakeFiles/test.elf.dir/User_File/2_Device/Motor/Motor_DJI/dvc_motor_dji.cpp.obj
                0x0800c344                Class_Motor_DJI_C620::Output()
 .text._ZN13Class_Referee4InitEP20__UART_HandleTypeDefh
                0x0800c370       0xbc CMakeFiles/test.elf.dir/User_File/2_Device/Referee/dvc_referee.cpp.obj
                0x0800c370                Class_Referee::Init(__UART_HandleTypeDef*, unsigned char)
 .text._ZN13Class_Referee34UART_Send_Interaction_UI_Graphic_2EP46Struct_Referee_Data_Interaction_Graphic_ConfigS1_
                0x0800c42c       0xb8 CMakeFiles/test.elf.dir/User_File/2_Device/Referee/dvc_referee.cpp.obj
                0x0800c42c                Class_Referee::UART_Send_Interaction_UI_Graphic_2(Struct_Referee_Data_Interaction_Graphic_Config*, Struct_Referee_Data_Interaction_Graphic_Config*)
 .text._ZN13Class_Referee34UART_Send_Interaction_UI_Graphic_5EP46Struct_Referee_Data_Interaction_Graphic_ConfigS1_S1_S1_S1_
                0x0800c4e4      0x118 CMakeFiles/test.elf.dir/User_File/2_Device/Referee/dvc_referee.cpp.obj