Archive member included to satisfy reference by file (symbol)

D:\Desktop\newCarryCar\newcar_f407_zero\Middlewares\ST\ARM\DSP\Lib\libarm_cortexM4lf_math.a(arm_sin_f32.o)
                              CMakeFiles/newcar_f407_zero.elf.dir/Core/Src/main.c.obj (arm_sin_f32)
D:\Desktop\newCarryCar\newcar_f407_zero\Middlewares\ST\ARM\DSP\Lib\libarm_cortexM4lf_math.a(arm_common_tables.o)
                              D:\Desktop\newCarryCar\newcar_f407_zero\Middlewares\ST\ARM\DSP\Lib\libarm_cortexM4lf_math.a(arm_sin_f32.o) (sinTable_f32)
C:/msys64/mingw64/bin/../lib/gcc/arm-none-eabi/13.3.0/thumb/v7e-m+fp/hard\libgcc.a(_arm_addsubdf3.o)
                              CMakeFiles/newcar_f407_zero.elf.dir/Core/Src/main.c.obj (__aeabi_dadd)
C:/msys64/mingw64/bin/../lib/gcc/arm-none-eabi/13.3.0/thumb/v7e-m+fp/hard\libgcc.a(_arm_truncdfsf2.o)
                              CMakeFiles/newcar_f407_zero.elf.dir/Core/Src/main.c.obj (__aeabi_d2f)
C:/msys64/mingw64/bin/../lib/gcc/arm-none-eabi/13.3.0/thumb/v7e-m+fp/hard\libgcc.a(_aeabi_ldivmod.o)
                              CMakeFiles/newcar_f407_zero.elf.dir/Drivers/STM32F4xx_HAL_Driver/Src/stm32f4xx_hal_rcc.c.obj (__aeabi_ldivmod)
C:/msys64/mingw64/bin/../lib/gcc/arm-none-eabi/13.3.0/thumb/v7e-m+fp/hard\libgcc.a(_aeabi_uldivmod.o)
                              CMakeFiles/newcar_f407_zero.elf.dir/Drivers/STM32F4xx_HAL_Driver/Src/stm32f4xx_hal_rcc.c.obj (__aeabi_uldivmod)
C:/msys64/mingw64/bin/../lib/gcc/arm-none-eabi/13.3.0/thumb/v7e-m+fp/hard\libgcc.a(_udivmoddi4.o)
                              C:/msys64/mingw64/bin/../lib/gcc/arm-none-eabi/13.3.0/thumb/v7e-m+fp/hard\libgcc.a(_aeabi_ldivmod.o) (__udivmoddi4)
C:/msys64/mingw64/bin/../lib/gcc/arm-none-eabi/13.3.0/thumb/v7e-m+fp/hard\libgcc.a(unwind-arm.o)
                              CMakeFiles/newcar_f407_zero.elf.dir/User_File/1_Middleware/1_Driver/CAN/drv_can.cpp.obj (__aeabi_unwind_cpp_pr0)
C:/msys64/mingw64/bin/../lib/gcc/arm-none-eabi/13.3.0/thumb/v7e-m+fp/hard\libgcc.a(libunwind.o)
                              C:/msys64/mingw64/bin/../lib/gcc/arm-none-eabi/13.3.0/thumb/v7e-m+fp/hard\libgcc.a(unwind-arm.o) (restore_core_regs)
C:/msys64/mingw64/bin/../lib/gcc/arm-none-eabi/13.3.0/thumb/v7e-m+fp/hard\libgcc.a(pr-support.o)
                              C:/msys64/mingw64/bin/../lib/gcc/arm-none-eabi/13.3.0/thumb/v7e-m+fp/hard\libgcc.a(unwind-arm.o) (__gnu_unwind_execute)
C:/msys64/mingw64/bin/../lib/gcc/arm-none-eabi/13.3.0/thumb/v7e-m+fp/hard\libgcc.a(_dvmd_tls.o)
                              C:/msys64/mingw64/bin/../lib/gcc/arm-none-eabi/13.3.0/thumb/v7e-m+fp/hard\libgcc.a(_aeabi_ldivmod.o) (__aeabi_ldiv0)
C:/msys64/mingw64/bin/../lib/gcc/arm-none-eabi/13.3.0/../../../../arm-none-eabi/lib/thumb/v7e-m+fp/hard\libg.a(libc_a-abort.o)
                              C:/msys64/mingw64/bin/../lib/gcc/arm-none-eabi/13.3.0/thumb/v7e-m+fp/hard\libgcc.a(unwind-arm.o) (abort)
C:/msys64/mingw64/bin/../lib/gcc/arm-none-eabi/13.3.0/../../../../arm-none-eabi/lib/thumb/v7e-m+fp/hard\libg.a(libc_a-atexit.o)
                              C:/msys64/mingw64/bin/../lib/gcc/arm-none-eabi/13.3.0/../../../../arm-none-eabi/lib/thumb/v7e-m+fp/hard/crt0.o (atexit)
C:/msys64/mingw64/bin/../lib/gcc/arm-none-eabi/13.3.0/../../../../arm-none-eabi/lib/thumb/v7e-m+fp/hard\libg.a(libc_a-exit.o)
                              C:/msys64/mingw64/bin/../lib/gcc/arm-none-eabi/13.3.0/../../../../arm-none-eabi/lib/thumb/v7e-m+fp/hard/crt0.o (exit)
C:/msys64/mingw64/bin/../lib/gcc/arm-none-eabi/13.3.0/../../../../arm-none-eabi/lib/thumb/v7e-m+fp/hard\libg.a(libc_a-findfp.o)
                              C:/msys64/mingw64/bin/../lib/gcc/arm-none-eabi/13.3.0/../../../../arm-none-eabi/lib/thumb/v7e-m+fp/hard\libg.a(libc_a-exit.o) (__stdio_exit_handler)
C:/msys64/mingw64/bin/../lib/gcc/arm-none-eabi/13.3.0/../../../../arm-none-eabi/lib/thumb/v7e-m+fp/hard\libg.a(libc_a-fwalk.o)
                              C:/msys64/mingw64/bin/../lib/gcc/arm-none-eabi/13.3.0/../../../../arm-none-eabi/lib/thumb/v7e-m+fp/hard\libg.a(libc_a-findfp.o) (_fwalk_sglue)
C:/msys64/mingw64/bin/../lib/gcc/arm-none-eabi/13.3.0/../../../../arm-none-eabi/lib/thumb/v7e-m+fp/hard\libg.a(libc_a-stdio.o)
                              C:/msys64/mingw64/bin/../lib/gcc/arm-none-eabi/13.3.0/../../../../arm-none-eabi/lib/thumb/v7e-m+fp/hard\libg.a(libc_a-findfp.o) (__sread)
C:/msys64/mingw64/bin/../lib/gcc/arm-none-eabi/13.3.0/../../../../arm-none-eabi/lib/thumb/v7e-m+fp/hard\libg.a(libc_a-memset.o)
                              C:/msys64/mingw64/bin/../lib/gcc/arm-none-eabi/13.3.0/../../../../arm-none-eabi/lib/thumb/v7e-m+fp/hard/crt0.o (memset)
C:/msys64/mingw64/bin/../lib/gcc/arm-none-eabi/13.3.0/../../../../arm-none-eabi/lib/thumb/v7e-m+fp/hard\libg.a(libc_a-signal.o)
                              C:/msys64/mingw64/bin/../lib/gcc/arm-none-eabi/13.3.0/../../../../arm-none-eabi/lib/thumb/v7e-m+fp/hard\libg.a(libc_a-abort.o) (raise)
[...]
Memory Configuration

Name             Origin             Length             Attributes
CCMRAM           0x10000000         0x00010000         xrw
RAM              0x20000000         0x00020000         xrw
FLASH            0x08000000         0x00080000         xr
*default*        0x00000000         0xffffffff

Linker script and memory map

LOAD C:/msys64/mingw64/bin/../lib/gcc/arm-none-eabi/13.3.0/thumb/v7e-m+fp/hard/crti.o
LOAD C:/msys64/mingw64/bin/../lib/gcc/arm-none-eabi/13.3.0/thumb/v7e-m+fp/hard/crtbegin.o
LOAD C:/msys64/mingw64/bin/../lib/gcc/arm-none-eabi/13.3.0/../../../../arm-none-eabi/lib/thumb/v7e-m+fp/hard/crt0.o
LOAD CMakeFiles/newcar_f407_zero.elf.dir/Core/Src/can.c.obj
LOAD CMakeFiles/newcar_f407_zero.elf.dir/Core/Src/dma.c.obj
LOAD CMakeFiles/newcar_f407_zero.elf.dir/Core/Src/gpio.c.obj
LOAD CMakeFiles/newcar_f407_zero.elf.dir/Core/Src/iwdg.c.obj
LOAD CMakeFiles/newcar_f407_zero.elf.dir/Core/Src/main.c.obj
LOAD CMakeFiles/newcar_f407_zero.elf.dir/Core/Src/stm32f4xx_hal_msp.c.obj
LOAD CMakeFiles/newcar_f407_zero.elf.dir/Core/Src/stm32f4xx_it.c.obj
LOAD CMakeFiles/newcar_f407_zero.elf.dir/Core/Src/syscalls.c.obj
LOAD CMakeFiles/newcar_f407_zero.elf.dir/Core/Src/sysmem.c.obj
LOAD CMakeFiles/newcar_f407_zero.elf.dir/Core/Src/system_stm32f4xx.c.obj
LOAD CMakeFiles/newcar_f407_zero.elf.dir/Core/Src/tim.c.obj
LOAD CMakeFiles/newcar_f407_zero.elf.dir/Core/Src/usart.c.obj
LOAD CMakeFiles/newcar_f407_zero.elf.dir/Core/Startup/startup_stm32f407vetx.s.obj
LOAD CMakeFiles/newcar_f407_zero.elf.dir/Drivers/STM32F4xx_HAL_Driver/Src/stm32f4xx_hal.c.obj
LOAD CMakeFiles/newcar_f407_zero.elf.dir/Drivers/STM32F4xx_HAL_Driver/Src/stm32f4xx_hal_can.c.obj
LOAD CMakeFiles/newcar_f407_zero.elf.dir/Drivers/STM32F4xx_HAL_Driver/Src/stm32f4xx_hal_cortex.c.obj
LOAD CMakeFiles/newcar_f407_zero.elf.dir/Drivers/STM32F4xx_HAL_Driver/Src/stm32f4xx_hal_dma.c.obj
LOAD CMakeFiles/newcar_f407_zero.elf.dir/Drivers/STM32F4xx_HAL_Driver/Src/stm32f4xx_hal_dma_ex.c.obj
LOAD CMakeFiles/newcar_f407_zero.elf.dir/Drivers/STM32F4xx_HAL_Driver/Src/stm32f4xx_hal_exti.c.obj
LOAD CMakeFiles/newcar_f407_zero.elf.dir/Drivers/STM32F4xx_HAL_Driver/Src/stm32f4xx_hal_flash.c.obj
LOAD CMakeFiles/newcar_f407_zero.elf.dir/Drivers/STM32F4xx_HAL_Driver/Src/stm32f4xx_hal_flash_ex.c.obj
LOAD CMakeFiles/newcar_f407_zero.elf.dir/Drivers/STM32F4xx_HAL_Driver/Src/stm32f4xx_hal_flash_ramfunc.c.obj
LOAD CMakeFiles/newcar_f407_zero.elf.dir/Drivers/STM32F4xx_HAL_Driver/Src/stm32f4xx_hal_gpio.c.obj
LOAD CMakeFiles/newcar_f407_zero.elf.dir/Drivers/STM32F4xx_HAL_Driver/Src/stm32f4xx_hal_iwdg.c.obj
LOAD CMakeFiles/newcar_f407_zero.elf.dir/Drivers/STM32F4xx_HAL_Driver/Src/stm32f4xx_hal_pwr.c.obj
LOAD CMakeFiles/newcar_f407_zero.elf.dir/Drivers/STM32F4xx_HAL_Driver/Src/stm32f4xx_hal_pwr_ex.c.obj
LOAD CMakeFiles/newcar_f407_zero.elf.dir/Drivers/STM32F4xx_HAL_Driver/Src/stm32f4xx_hal_rcc.c.obj
LOAD CMakeFiles/newcar_f407_zero.elf.dir/Drivers/STM32F4xx_HAL_Driver/Src/stm32f4xx_hal_rcc_ex.c.obj
LOAD CMakeFiles/newcar_f407_zero.elf.dir/Drivers/STM32F4xx_HAL_Driver/Src/stm32f4xx_hal_tim.c.obj
LOAD CMakeFiles/newcar_f407_zero.elf.dir/Drivers/STM32F4xx_HAL_Driver/Src/stm32f4xx_hal_tim_ex.c.obj
LOAD CMakeFiles/newcar_f407_zero.elf.dir/Drivers/STM32F4xx_HAL_Driver/Src/stm32f4xx_hal_uart.c.obj
LOAD CMakeFiles/newcar_f407_zero.elf.dir/User_File/1_Middleware/1_Driver/BSP/drv_djiboarda.cpp.obj
LOAD CMakeFiles/newcar_f407_zero.elf.dir/User_File/1_Middleware/1_Driver/CAN/drv_can.cpp.obj
LOAD CMakeFiles/newcar_f407_zero.elf.dir/User_File/1_Middleware/1_Driver/Math/drv_math.cpp.obj
LOAD CMakeFiles/newcar_f407_zero.elf.dir/User_File/1_Middleware/1_Driver/TIM/drv_tim.cpp.obj
LOAD CMakeFiles/newcar_f407_zero.elf.dir/User_File/1_Middleware/1_Driver/UART/drv_uart.cpp.obj
LOAD CMakeFiles/newcar_f407_zero.elf.dir/User_File/1_Middleware/1_Driver/WDG/drv_wdg.cpp.obj
LOAD CMakeFiles/newcar_f407_zero.elf.dir/User_File/1_Middleware/2_Algorithm/FSM/alg_fsm.cpp.obj
LOAD CMakeFiles/newcar_f407_zero.elf.dir/User_File/1_Middleware/2_Algorithm/Filter/alg_filter.cpp.obj
LOAD CMakeFiles/newcar_f407_zero.elf.dir/User_File/1_Middleware/2_Algorithm/PID/alg_pid.cpp.obj
LOAD CMakeFiles/newcar_f407_zero.elf.dir/User_File/1_Middleware/2_Algorithm/Queue/alg_queue.cpp.obj
LOAD CMakeFiles/newcar_f407_zero.elf.dir/User_File/1_Middleware/2_Algorithm/Slope/alg_slope.cpp.obj
LOAD CMakeFiles/newcar_f407_zero.elf.dir/User_File/1_Middleware/2_Algorithm/Timer/alg_timer.cpp.obj
LOAD CMakeFiles/newcar_f407_zero.elf.dir/User_File/2_Device/AHRS/AHRS_WHEELTEC/dvc_ahrs_wheeltec.cpp.obj
LOAD CMakeFiles/newcar_f407_zero.elf.dir/User_File/2_Device/AHRS/AHRS_WIT/dvc_ahrs_wit.cpp.obj
LOAD CMakeFiles/newcar_f407_zero.elf.dir/User_File/2_Device/Motor/Motor_ZDT42/Emm_V5.c.obj
LOAD CMakeFiles/newcar_f407_zero.elf.dir/User_File/2_Device/Motor/Motor_ZDT42/ZDT_X42_V2.c.obj
LOAD D:\Desktop\newCarryCar\newcar_f407_zero\Middlewares\ST\ARM\DSP\Lib\libarm_cortexM4lf_math.a
LOAD C:/msys64/mingw64/bin/../lib/gcc/arm-none-eabi/13.3.0/../../../../arm-none-eabi/lib/thumb/v7e-m+fp/hard\libstdc++.a
LOAD C:/msys64/mingw64/bin/../lib/gcc/arm-none-eabi/13.3.0/../../../../arm-none-eabi/lib/thumb/v7e-m+fp/hard\libm.a
START GROUP
LOAD C:/msys64/mingw64/bin/../lib/gcc/arm-none-eabi/13.3.0/thumb/v7e-m+fp/hard\libgcc.a
LOAD C:/msys64/mingw64/bin/../lib/gcc/arm-none-eabi/13.3.0/../../../../arm-none-eabi/lib/thumb/v7e-m+fp/hard\libg.a
LOAD C:/msys64/mingw64/bin/../lib/gcc/arm-none-eabi/13.3.0/../../../../arm-none-eabi/lib/thumb/v7e-m+fp/hard\libc.a
END GROUP
LOAD C:/msys64/mingw64/bin/../lib/gcc/arm-none-eabi/13.3.0/thumb/v7e-m+fp/hard/crtend.o
LOAD C:/msys64/mingw64/bin/../lib/gcc/arm-none-eabi/13.3.0/thumb/v7e-m+fp/hard/crtn.o
                0x20020000                        _estack = (ORIGIN (RAM) + LENGTH (RAM))
                0x00000200                        _Min_Heap_Size = 0x200
                0x00000400                        _Min_Stack_Size = 0x400

.isr_vector     0x08000000      0x188
                0x08000000                        . = ALIGN (0x4)
 *(.isr_vector)
 .isr_vector    0x08000000      0x188 CMakeFiles/newcar_f407_zero.elf.dir/Core/Startup/startup_stm32f407vetx.s.obj
                0x08000000                g_pfnVectors
                0x08000188                        . = ALIGN (0x4)

.text           0x08000188     0x5a58
                0x08000188                        . = ALIGN (0x4)
 *(.text)
 .text          0x08000188      0x378 C:/msys64/mingw64/bin/../lib/gcc/arm-none-eabi/13.3.0/thumb/v7e-m+fp/hard\libgcc.a(_arm_addsubdf3.o)
                0x08000188                __aeabi_drsub
                0x08000190                __aeabi_dsub
                0x08000190                __subdf3
                0x08000194                __aeabi_dadd
                0x08000194                __adddf3
                0x0800040c                __floatunsidf
                0x0800040c                __aeabi_ui2d
                0x0800042c                __floatsidf
                0x0800042c                __aeabi_i2d
                0x08000450                __aeabi_f2d
                0x08000450                __extendsfdf2
                0x08000494                __floatundidf
                0x08000494                __aeabi_ul2d
                0x080004a4                __floatdidf
                0x080004a4                __aeabi_l2d
 .text          0x08000500       0xa0 C:/msys64/mingw64/bin/../lib/gcc/arm-none-eabi/13.3.0/thumb/v7e-m+fp/hard\libgcc.a(_arm_truncdfsf2.o)
                0x08000500                __truncdfsf2
                0x08000500                __aeabi_d2f
 .text          0x080005a0       0x30 C:/msys64/mingw64/bin/../lib/gcc/arm-none-eabi/13.3.0/thumb/v7e-m+fp/hard\libgcc.a(_aeabi_uldivmod.o)
                0x080005a0                __aeabi_uldivmod
 .text          0x080005d0      0x1ac C:/msys64/mingw64/bin/../lib/gcc/arm-none-eabi/13.3.0/thumb/v7e-m+fp/hard\libgcc.a(libunwind.o)
                0x080005d0                __restore_core_regs
                0x080005d0                restore_core_regs
                0x080005e8                __gnu_Unwind_Restore_VFP
                0x080005f0                __gnu_Unwind_Save_VFP
                0x080005f8                __gnu_Unwind_Restore_VFP_D
                0x08000600                __gnu_Unwind_Save_VFP_D
                0x08000608                __gnu_Unwind_Restore_VFP_D_16_to_31
                0x08000610                __gnu_Unwind_Save_VFP_D_16_to_31
                0x08000618                __gnu_Unwind_Restore_WMMXD
                0x0800065c                __gnu_Unwind_Save_WMMXD
                0x080006a0                __gnu_Unwind_Restore_WMMXC
                0x080006b4                __gnu_Unwind_Save_WMMXC
                0x080006c8                ___Unwind_RaiseException
                0x080006c8                _Unwind_RaiseException
                0x080006ec                _Unwind_Resume
                0x080006ec                ___Unwind_Resume
                0x08000710                _Unwind_Resume_or_Rethrow
                0x08000710                ___Unwind_Resume_or_Rethrow
                0x08000734                _Unwind_ForcedUnwind
                0x08000734                ___Unwind_ForcedUnwind
                0x08000758                ___Unwind_Backtrace
                0x08000758                _Unwind_Backtrace
 .text          0x0800077c        0x4 C:/msys64/mingw64/bin/../lib/gcc/arm-none-eabi/13.3.0/thumb/v7e-m+fp/hard\libgcc.a(_dvmd_tls.o)
                0x0800077c                __aeabi_idiv0
                0x0800077c                __aeabi_ldiv0
 .text          0x08000780       0x10 C:/msys64/mingw64/bin/../lib/gcc/arm-none-eabi/13.3.0/../../../../arm-none-eabi/lib/thumb/v7e-m+fp/hard\libg.a(libc_a-abort.o)
                0x08000780                abort
 .text          0x08000790        0xc C:/msys64/mingw64/bin/../lib/gcc/arm-none-eabi/13.3.0/../../../../arm-none-eabi/lib/thumb/v7e-m+fp/hard\libg.a(libc_a-atexit.o)
                0x08000790                atexit
 .text          0x0800079c       0xa4 C:/msys64/mingw64/bin/../lib/gcc/arm-none-eabi/13.3.0/../../../../arm-none-eabi/lib/thumb/v7e-m+fp/hard\libg.a(libc_a-memset.o)
                0x0800079c                memset
 .text          0x08000840      0x280 C:/msys64/mingw64/bin/../lib/gcc/arm-none-eabi/13.3.0/../../../../arm-none-eabi/lib/thumb/v7e-m+fp/hard\libg.a(libc_a-signal.o)
                0x08000840                _init_signal_r
                0x08000870                _signal_r
                0x080008c0                _raise_r
                0x08000914                __sigtramp_r
                0x08000978                raise
                0x080009d0                signal
                0x08000a20                _init_signal
                0x08000a58                __sigtramp
 .text          0x08000ac0       0x30 C:/msys64/mingw64/bin/../lib/gcc/arm-none-eabi/13.3.0/../../../../arm-none-eabi/lib/thumb/v7e-m+fp/hard\libg.a(libc_a-signalr.o)
                0x08000ac0                _kill_r
                0x08000aec                _getpid_r
 .text          0x08000af0        0xc C:/msys64/mingw64/bin/../lib/gcc/arm-none-eabi/13.3.0/../../../../arm-none-eabi/lib/thumb/v7e-m+fp/hard\libg.a(libc_a-errno.o)
                0x08000af0                __errno
 .text          0x08000afc       0x50 C:/msys64/mingw64/bin/../lib/gcc/arm-none-eabi/13.3.0/../../../../arm-none-eabi/lib/thumb/v7e-m+fp/hard\libg.a(libc_a-init.o)
                0x08000afc                __libc_init_array
 .text          0x08000b4c       0x28 C:/msys64/mingw64/bin/../lib/gcc/arm-none-eabi/13.3.0/../../../../arm-none-eabi/lib/thumb/v7e-m+fp/hard\libg.a(libc_a-fini.o)
                0x08000b4c                __libc_fini_array
 .text          0x08000b74       0x28 C:/msys64/mingw64/bin/../lib/gcc/arm-none-eabi/13.3.0/../../../../arm-none-eabi/lib/thumb/v7e-m+fp/hard\libg.a(libc_a-lock.o)
                0x08000b74                __retarget_lock_init
                0x08000b78                __retarget_lock_init_recursive
                0x08000b7c                __retarget_lock_close
                0x08000b80                __retarget_lock_close_recursive
                0x08000b84                __retarget_lock_acquire
                0x08000b88                __retarget_lock_acquire_recursive
                0x08000b8c                __retarget_lock_try_acquire
                0x08000b90                __retarget_lock_try_acquire_recursive
                0x08000b94                __retarget_lock_release
                0x08000b98                __retarget_lock_release_recursive
 .text          0x08000b9c      0x134 C:/msys64/mingw64/bin/../lib/gcc/arm-none-eabi/13.3.0/../../../../arm-none-eabi/lib/thumb/v7e-m+fp/hard\libg.a(libc_a-memcpy.o)
                0x08000b9c                memcpy
 .text          0x08000cd0       0x80 C:/msys64/mingw64/bin/../lib/gcc/arm-none-eabi/13.3.0/../../../../arm-none-eabi/lib/thumb/v7e-m+fp/hard\libg.a(libc_a-__atexit.o)
                0x08000cd0                __register_exitproc
 .text          0x08000d50      0x2b4 C:/msys64/mingw64/bin/../lib/gcc/arm-none-eabi/13.3.0/../../../../arm-none-eabi/lib/thumb/v7e-m+fp/hard\libg.a(libc_a-freer.o)
                0x08000d50                _malloc_trim_r
                0x08000e08                _free_r
 .text          0x08001004      0x574 C:/msys64/mingw64/bin/../lib/gcc/arm-none-eabi/13.3.0/../../../../arm-none-eabi/lib/thumb/v7e-m+fp/hard\libg.a(libc_a-mallocr.o)
                0x08001004                _malloc_r
 .text          0x08001578       0x18 C:/msys64/mingw64/bin/../lib/gcc/arm-none-eabi/13.3.0/../../../../arm-none-eabi/lib/thumb/v7e-m+fp/hard\libg.a(libc_a-mlock.o)
                0x08001578                __malloc_lock
                0x08001584                __malloc_unlock
 .text          0x08001590       0x24 C:/msys64/mingw64/bin/../lib/gcc/arm-none-eabi/13.3.0/../../../../arm-none-eabi/lib/thumb/v7e-m+fp/hard\libg.a(libc_a-sbrkr.o)
                0x08001590                _sbrk_r
 .text          0x080015b4       0x1c C:/msys64/mingw64/bin/../lib/gcc/arm-none-eabi/13.3.0/../../../../arm-none-eabi/lib/thumb/v7e-m+fp/hard\libg.a(libc_a-sysconf.o)
                0x080015b4                sysconf
 *(.text*)
 .text.__do_global_dtors_aux
                0x080015d0       0x24 C:/msys64/mingw64/bin/../lib/gcc/arm-none-eabi/13.3.0/thumb/v7e-m+fp/hard/crtbegin.o
 .text.frame_dummy
                0x080015f4       0x1c C:/msys64/mingw64/bin/../lib/gcc/arm-none-eabi/13.3.0/thumb/v7e-m+fp/hard/crtbegin.o
 .text.MX_CAN1_Init
                0x08001610       0x40 CMakeFiles/newcar_f407_zero.elf.dir/Core/Src/can.c.obj
                0x08001610                MX_CAN1_Init
 .text.HAL_CAN_MspInit
                0x08001650       0x88 CMakeFiles/newcar_f407_zero.elf.dir/Core/Src/can.c.obj
                0x08001650                HAL_CAN_MspInit
 .text.MX_DMA_Init
                0x080016d8      0x10c CMakeFiles/newcar_f407_zero.elf.dir/Core/Src/dma.c.obj
                0x080016d8                MX_DMA_Init
 .text.MX_GPIO_Init
                0x080017e4      0x104 CMakeFiles/newcar_f407_zero.elf.dir/Core/Src/gpio.c.obj
                0x080017e4                MX_GPIO_Init
 .text.SystemClock_Config
                0x080018e8       0xa8 CMakeFiles/newcar_f407_zero.elf.dir/Core/Src/main.c.obj
                0x080018e8                SystemClock_Config
 .text.startup.main
                0x08001990       0xf8 CMakeFiles/newcar_f407_zero.elf.dir/Core/Src/main.c.obj
                0x08001990                main
 .text.Error_Handler
                0x08001a88        0x4 CMakeFiles/newcar_f407_zero.elf.dir/Core/Src/main.c.obj
                0x08001a88                Error_Handler
 .text.HAL_MspInit
                0x08001a8c       0x38 CMakeFiles/newcar_f407_zero.elf.dir/Core/Src/stm32f4xx_hal_msp.c.obj
                0x08001a8c                HAL_MspInit
 .text.NMI_Handler
                0x08001ac4        0x4 CMakeFiles/newcar_f407_zero.elf.dir/Core/Src/stm32f4xx_it.c.obj
                0x08001ac4                NMI_Handler
 .text.HardFault_Handler
                0x08001ac8        0x4 CMakeFiles/newcar_f407_zero.elf.dir/Core/Src/stm32f4xx_it.c.obj
                0x08001ac8                HardFault_Handler
 .text.MemManage_Handler
                0x08001acc        0x4 CMakeFiles/newcar_f407_zero.elf.dir/Core/Src/stm32f4xx_it.c.obj
                0x08001acc                MemManage_Handler
 .text.BusFault_Handler
                0x08001ad0        0x4 CMakeFiles/newcar_f407_zero.elf.dir/Core/Src/stm32f4xx_it.c.obj
                0x08001ad0                BusFault_Handler
 .text.UsageFault_Handler
                0x08001ad4        0x4 CMakeFiles/newcar_f407_zero.elf.dir/Core/Src/stm32f4xx_it.c.obj
                0x08001ad4                UsageFault_Handler
 .text.SVC_Handler
                0x08001ad8        0x4 CMakeFiles/newcar_f407_zero.elf.dir/Core/Src/stm32f4xx_it.c.obj
                0x08001ad8                SVC_Handler
 .text.DebugMon_Handler
                0x08001adc        0x4 CMakeFiles/newcar_f407_zero.elf.dir/Core/Src/stm32f4xx_it.c.obj
                0x08001adc                DebugMon_Handler
 .text.PendSV_Handler
                0x08001ae0        0x4 CMakeFiles/newcar_f407_zero.elf.dir/Core/Src/stm32f4xx_it.c.obj
                0x08001ae0                PendSV_Handler
 .text.SysTick_Handler
                0x08001ae4        0x4 CMakeFiles/newcar_f407_zero.elf.dir/Core/Src/stm32f4xx_it.c.obj
                0x08001ae4                SysTick_Handler
 .text.DMA1_Stream0_IRQHandler
                0x08001ae8        0xc CMakeFiles/newcar_f407_zero.elf.dir/Core/Src/stm32f4xx_it.c.obj
                0x08001ae8                DMA1_Stream0_IRQHandler
 .text.DMA1_Stream1_IRQHandler
                0x08001af4        0xc CMakeFiles/newcar_f407_zero.elf.dir/Core/Src/stm32f4xx_it.c.obj
                0x08001af4                DMA1_Stream1_IRQHandler
 .text.DMA1_Stream2_IRQHandler
                0x08001b00        0xc CMakeFiles/newcar_f407_zero.elf.dir/Core/Src/stm32f4xx_it.c.obj
                0x08001b00                DMA1_Stream2_IRQHandler
 .text.DMA1_Stream3_IRQHandler
                0x08001b0c        0xc CMakeFiles/newcar_f407_zero.elf.dir/Core/Src/stm32f4xx_it.c.obj
                0x08001b0c                DMA1_Stream3_IRQHandler
 .text.DMA1_Stream4_IRQHandler
                0x08001b18        0xc CMakeFiles/newcar_f407_zero.elf.dir/Core/Src/stm32f4xx_it.c.obj
                0x08001b18                DMA1_Stream4_IRQHandler
 .text.DMA1_Stream5_IRQHandler
                0x08001b24        0xc CMakeFiles/newcar_f407_zero.elf.dir/Core/Src/stm32f4xx_it.c.obj
                0x08001b24                DMA1_Stream5_IRQHandler
 .text.DMA1_Stream6_IRQHandler
                0x08001b30        0xc CMakeFiles/newcar_f407_zero.elf.dir/Core/Src/stm32f4xx_it.c.obj
                0x08001b30                DMA1_Stream6_IRQHandler
 .text.CAN1_RX0_IRQHandler
                0x08001b3c       0x88 CMakeFiles/newcar_f407_zero.elf.dir/Core/Src/stm32f4xx_it.c.obj
                0x08001b3c                CAN1_RX0_IRQHandler
 .text.TIM4_IRQHandler
                0x08001bc4        0xc CMakeFiles/newcar_f407_zero.elf.dir/Core/Src/stm32f4xx_it.c.obj
                0x08001bc4                TIM4_IRQHandler
 .text.USART1_IRQHandler
                0x08001bd0        0xc CMakeFiles/newcar_f407_zero.elf.dir/Core/Src/stm32f4xx_it.c.obj
                0x08001bd0                USART1_IRQHandler
 .text.USART2_IRQHandler
                0x08001bdc        0xc CMakeFiles/newcar_f407_zero.elf.dir/Core/Src/stm32f4xx_it.c.obj
                0x08001bdc                USART2_IRQHandler
 .text.USART3_IRQHandler
                0x08001be8        0xc CMakeFiles/newcar_f407_zero.elf.dir/Core/Src/stm32f4xx_it.c.obj
                0x08001be8                USART3_IRQHandler
 .text.DMA1_Stream7_IRQHandler
                0x08001bf4        0xc CMakeFiles/newcar_f407_zero.elf.dir/Core/Src/stm32f4xx_it.c.obj
                0x08001bf4                DMA1_Stream7_IRQHandler
 .text.TIM5_IRQHandler
                0x08001c00        0xc CMakeFiles/newcar_f407_zero.elf.dir/Core/Src/stm32f4xx_it.c.obj
                0x08001c00                TIM5_IRQHandler
 .text.UART4_IRQHandler
                0x08001c0c        0xc CMakeFiles/newcar_f407_zero.elf.dir/Core/Src/stm32f4xx_it.c.obj
                0x08001c0c                UART4_IRQHandler
 .text.UART5_IRQHandler
                0x08001c18        0xc CMakeFiles/newcar_f407_zero.elf.dir/Core/Src/stm32f4xx_it.c.obj
                0x08001c18                UART5_IRQHandler
 .text.DMA2_Stream7_IRQHandler
                0x08001c24        0xc CMakeFiles/newcar_f407_zero.elf.dir/Core/Src/stm32f4xx_it.c.obj
                0x08001c24                DMA2_Stream7_IRQHandler
 .text._getpid  0x08001c30        0x4 CMakeFiles/newcar_f407_zero.elf.dir/Core/Src/syscalls.c.obj
                0x08001c30                _getpid
 .text._kill    0x08001c34       0x10 CMakeFiles/newcar_f407_zero.elf.dir/Core/Src/syscalls.c.obj
                0x08001c34                _kill
 .text._exit    0x08001c44        0xc CMakeFiles/newcar_f407_zero.elf.dir/Core/Src/syscalls.c.obj
                0x08001c44                _exit
 .text._sbrk    0x08001c50       0x44 CMakeFiles/newcar_f407_zero.elf.dir/Core/Src/sysmem.c.obj
                0x08001c50                _sbrk
 .text.SystemInit
                0x08001c94       0x14 CMakeFiles/newcar_f407_zero.elf.dir/Core/Src/system_stm32f4xx.c.obj
                0x08001c94                SystemInit
 .text.MX_TIM4_Init
                0x08001ca8       0x74 CMakeFiles/newcar_f407_zero.elf.dir/Core/Src/tim.c.obj
                0x08001ca8                MX_TIM4_Init
 .text.MX_TIM5_Init
                0x08001d1c       0x74 CMakeFiles/newcar_f407_zero.elf.dir/Core/Src/tim.c.obj
                0x08001d1c                MX_TIM5_Init
 .text.HAL_TIM_Base_MspInit
                0x08001d90       0x7c CMakeFiles/newcar_f407_zero.elf.dir/Core/Src/tim.c.obj
                0x08001d90                HAL_TIM_Base_MspInit
 .text.MX_UART4_Init
                0x08001e0c       0x38 CMakeFiles/newcar_f407_zero.elf.dir/Core/Src/usart.c.obj
                0x08001e0c                MX_UART4_Init
 .text.MX_UART5_Init
                0x08001e44       0x38 CMakeFiles/newcar_f407_zero.elf.dir/Core/Src/usart.c.obj
                0x08001e44                MX_UART5_Init
 .text.MX_USART1_UART_Init
                0x08001e7c       0x38 CMakeFiles/newcar_f407_zero.elf.dir/Core/Src/usart.c.obj
                0x08001e7c                MX_USART1_UART_Init
 .text.MX_USART2_UART_Init
                0x08001eb4       0x38 CMakeFiles/newcar_f407_zero.elf.dir/Core/Src/usart.c.obj
                0x08001eb4                MX_USART2_UART_Init
 .text.MX_USART3_UART_Init
                0x08001eec       0x38 CMakeFiles/newcar_f407_zero.elf.dir/Core/Src/usart.c.obj
                0x08001eec                MX_USART3_UART_Init
 .text.HAL_UART_MspInit
                0x08001f24      0x4e0 CMakeFiles/newcar_f407_zero.elf.dir/Core/Src/usart.c.obj
                0x08001f24                HAL_UART_MspInit
 .text.Reset_Handler
                0x08002404       0x50 CMakeFiles/newcar_f407_zero.elf.dir/Core/Startup/startup_stm32f407vetx.s.obj
                0x08002404                Reset_Handler
 .text.Default_Handler
                0x08002454        0x2 CMakeFiles/newcar_f407_zero.elf.dir/Core/Startup/startup_stm32f407vetx.s.obj
                0x08002454                RTC_Alarm_IRQHandler
                0x08002454                HASH_RNG_IRQHandler
                0x08002454                EXTI2_IRQHandler
                0x08002454                TIM8_CC_IRQHandler
                0x08002454                TIM1_CC_IRQHandler
                0x08002454                DMA2_Stream5_IRQHandler
                0x08002454                PVD_IRQHandler
                0x08002454                SDIO_IRQHandler
                0x08002454                TAMP_STAMP_IRQHandler
                0x08002454                CAN2_RX1_IRQHandler
                0x08002454                EXTI3_IRQHandler
                0x08002454                TIM8_TRG_COM_TIM14_IRQHandler
                0x08002454                TIM1_UP_TIM10_IRQHandler
                0x08002454                TIM8_UP_TIM13_IRQHandler
                0x08002454                I2C3_ER_IRQHandler
                0x08002454                EXTI0_IRQHandler
                0x08002454                I2C2_EV_IRQHandler
                0x08002454                FPU_IRQHandler
                0x08002454                OTG_HS_WKUP_IRQHandler
                0x08002454                CAN2_SCE_IRQHandler
                0x08002454                DMA2_Stream2_IRQHandler
                0x08002454                SPI1_IRQHandler
                0x08002454                TIM6_DAC_IRQHandler
                0x08002454                TIM1_BRK_TIM9_IRQHandler
                0x08002454                DCMI_IRQHandler
                0x08002454                CAN2_RX0_IRQHandler
                0x08002454                DMA2_Stream3_IRQHandler
                0x08002454                USART6_IRQHandler
                0x08002454                CAN1_RX1_IRQHandler
                0x08002454                DMA2_Stream0_IRQHandler
                0x08002454                I2C1_EV_IRQHandler
                0x08002454                TIM3_IRQHandler
                0x08002454                RCC_IRQHandler
                0x08002454                TIM8_BRK_TIM12_IRQHandler
                0x08002454                Default_Handler
                0x08002454                EXTI15_10_IRQHandler
                0x08002454                ADC_IRQHandler
                0x08002454                TIM7_IRQHandler
                0x08002454                CAN2_TX_IRQHandler
                0x08002454                I2C3_EV_IRQHandler
                0x08002454                EXTI9_5_IRQHandler
                0x08002454                RTC_WKUP_IRQHandler
                0x08002454                ETH_WKUP_IRQHandler
                0x08002454                SPI2_IRQHandler
                0x08002454                OTG_HS_EP1_IN_IRQHandler
                0x08002454                CAN1_TX_IRQHandler
                0x08002454                EXTI4_IRQHandler
                0x08002454                FSMC_IRQHandler
                0x08002454                ETH_IRQHandler
                0x08002454                OTG_HS_EP1_OUT_IRQHandler
                0x08002454                WWDG_IRQHandler
                0x08002454                TIM2_IRQHandler
                0x08002454                OTG_FS_WKUP_IRQHandler
                0x08002454                TIM1_TRG_COM_TIM11_IRQHandler
                0x08002454                OTG_HS_IRQHandler
                0x08002454                EXTI1_IRQHandler
                0x08002454                I2C2_ER_IRQHandler
                0x08002454                DMA2_Stream1_IRQHandler
                0x08002454                CAN1_SCE_IRQHandler
                0x08002454                FLASH_IRQHandler
                0x08002454                DMA2_Stream4_IRQHandler
                0x08002454                OTG_FS_IRQHandler
                0x08002454                SPI3_IRQHandler
                0x08002454                I2C1_ER_IRQHandler
                0x08002454                DMA2_Stream6_IRQHandler
 *fill*         0x08002456        0x2 
 .text.HAL_InitTick
                0x08002458       0x48 CMakeFiles/newcar_f407_zero.elf.dir/Drivers/STM32F4xx_HAL_Driver/Src/stm32f4xx_hal.c.obj
                0x08002458                HAL_InitTick
 .text.HAL_Init
                0x080024a0       0x34 CMakeFiles/newcar_f407_zero.elf.dir/Drivers/STM32F4xx_HAL_Driver/Src/stm32f4xx_hal.c.obj
                0x080024a0                HAL_Init
 .text.HAL_IncTick
                0x080024d4       0x18 CMakeFiles/newcar_f407_zero.elf.dir/Drivers/STM32F4xx_HAL_Driver/Src/stm32f4xx_hal.c.obj
                0x080024d4                HAL_IncTick
 .text.HAL_GetTick
                0x080024ec        0xc CMakeFiles/newcar_f407_zero.elf.dir/Drivers/STM32F4xx_HAL_Driver/Src/stm32f4xx_hal.c.obj
                0x080024ec                HAL_GetTick
 .text.HAL_Delay
                0x080024f8       0x24 CMakeFiles/newcar_f407_zero.elf.dir/Drivers/STM32F4xx_HAL_Driver/Src/stm32f4xx_hal.c.obj
                0x080024f8                HAL_Delay
 .text.HAL_CAN_Init
                0x0800251c      0x100 CMakeFiles/newcar_f407_zero.elf.dir/Drivers/STM32F4xx_HAL_Driver/Src/stm32f4xx_hal_can.c.obj
                0x0800251c                HAL_CAN_Init
 .text.HAL_CAN_ConfigFilter
                0x0800261c      0x120 CMakeFiles/newcar_f407_zero.elf.dir/Drivers/STM32F4xx_HAL_Driver/Src/stm32f4xx_hal_can.c.obj
                0x0800261c                HAL_CAN_ConfigFilter
 .text.HAL_CAN_Start
                0x0800273c       0x5c CMakeFiles/newcar_f407_zero.elf.dir/Drivers/STM32F4xx_HAL_Driver/Src/stm32f4xx_hal_can.c.obj
                0x0800273c                HAL_CAN_Start
 .text.HAL_CAN_AddTxMessage
                0x08002798       0xa4 CMakeFiles/newcar_f407_zero.elf.dir/Drivers/STM32F4xx_HAL_Driver/Src/stm32f4xx_hal_can.c.obj
                0x08002798                HAL_CAN_AddTxMessage
 .text.HAL_CAN_GetRxMessage
                0x0800283c      0x108 CMakeFiles/newcar_f407_zero.elf.dir/Drivers/STM32F4xx_HAL_Driver/Src/stm32f4xx_hal_can.c.obj
                0x0800283c                HAL_CAN_GetRxMessage
 .text.HAL_CAN_ActivateNotification
                0x08002944       0x24 CMakeFiles/newcar_f407_zero.elf.dir/Drivers/STM32F4xx_HAL_Driver/Src/stm32f4xx_hal_can.c.obj
                0x08002944                HAL_CAN_ActivateNotification
 .text.HAL_CAN_TxMailbox0CompleteCallback
                0x08002968        0x4 CMakeFiles/newcar_f407_zero.elf.dir/Drivers/STM32F4xx_HAL_Driver/Src/stm32f4xx_hal_can.c.obj
                0x08002968                HAL_CAN_TxMailbox0CompleteCallback
 .text.HAL_CAN_TxMailbox1CompleteCallback
                0x0800296c        0x4 CMakeFiles/newcar_f407_zero.elf.dir/Drivers/STM32F4xx_HAL_Driver/Src/stm32f4xx_hal_can.c.obj
                0x0800296c                HAL_CAN_TxMailbox1CompleteCallback
 .text.HAL_CAN_TxMailbox2CompleteCallback
                0x08002970        0x4 CMakeFiles/newcar_f407_zero.elf.dir/Drivers/STM32F4xx_HAL_Driver/Src/stm32f4xx_hal_can.c.obj
                0x08002970                HAL_CAN_TxMailbox2CompleteCallback
 .text.HAL_CAN_TxMailbox0AbortCallback
                0x08002974        0x4 CMakeFiles/newcar_f407_zero.elf.dir/Drivers/STM32F4xx_HAL_Driver/Src/stm32f4xx_hal_can.c.obj
                0x08002974                HAL_CAN_TxMailbox0AbortCallback
 .text.HAL_CAN_TxMailbox1AbortCallback
                0x08002978        0x4 CMakeFiles/newcar_f407_zero.elf.dir/Drivers/STM32F4xx_HAL_Driver/Src/stm32f4xx_hal_can.c.obj
                0x08002978                HAL_CAN_TxMailbox1AbortCallback
 .text.HAL_CAN_TxMailbox2AbortCallback
                0x0800297c        0x4 CMakeFiles/newcar_f407_zero.elf.dir/Drivers/STM32F4xx_HAL_Driver/Src/stm32f4xx_hal_can.c.obj
                0x0800297c                HAL_CAN_TxMailbox2AbortCallback
 .text.HAL_CAN_RxFifo0MsgPendingCallback
                0x08002980        0x4 CMakeFiles/newcar_f407_zero.elf.dir/Drivers/STM32F4xx_HAL_Driver/Src/stm32f4xx_hal_can.c.obj
                0x08002980                HAL_CAN_RxFifo0MsgPendingCallback
 .text.HAL_CAN_RxFifo0FullCallback
                0x08002984        0x4 CMakeFiles/newcar_f407_zero.elf.dir/Drivers/STM32F4xx_HAL_Driver/Src/stm32f4xx_hal_can.c.obj
                0x08002984                HAL_CAN_RxFifo0FullCallback
 .text.HAL_CAN_RxFifo1MsgPendingCallback
                0x08002988        0x4 CMakeFiles/newcar_f407_zero.elf.dir/Drivers/STM32F4xx_HAL_Driver/Src/stm32f4xx_hal_can.c.obj
                0x08002988                HAL_CAN_RxFifo1MsgPendingCallback
 .text.HAL_CAN_RxFifo1FullCallback
                0x0800298c        0x4 CMakeFiles/newcar_f407_zero.elf.dir/Drivers/STM32F4xx_HAL_Driver/Src/stm32f4xx_hal_can.c.obj
                0x0800298c                HAL_CAN_RxFifo1FullCallback
 .text.HAL_CAN_SleepCallback
                0x08002990        0x4 CMakeFiles/newcar_f407_zero.elf.dir/Drivers/STM32F4xx_HAL_Driver/Src/stm32f4xx_hal_can.c.obj
                0x08002990                HAL_CAN_SleepCallback
 .text.HAL_CAN_WakeUpFromRxMsgCallback
                0x08002994        0x4 CMakeFiles/newcar_f407_zero.elf.dir/Drivers/STM32F4xx_HAL_Driver/Src/stm32f4xx_hal_can.c.obj
                0x08002994                HAL_CAN_WakeUpFromRxMsgCallback
 .text.HAL_CAN_ErrorCallback
                0x08002998        0x4 CMakeFiles/newcar_f407_zero.elf.dir/Drivers/STM32F4xx_HAL_Driver/Src/stm32f4xx_hal_can.c.obj
                0x08002998                HAL_CAN_ErrorCallback
 .text.HAL_CAN_IRQHandler
                0x0800299c      0x2c4 CMakeFiles/newcar_f407_zero.elf.dir/Drivers/STM32F4xx_HAL_Driver/Src/stm32f4xx_hal_can.c.obj
                0x0800299c                HAL_CAN_IRQHandler
 .text.HAL_NVIC_SetPriorityGrouping
                0x08002c60       0x24 CMakeFiles/newcar_f407_zero.elf.dir/Drivers/STM32F4xx_HAL_Driver/Src/stm32f4xx_hal_cortex.c.obj
                0x08002c60                HAL_NVIC_SetPriorityGrouping
 .text.HAL_NVIC_SetPriority
                0x08002c84       0x78 CMakeFiles/newcar_f407_zero.elf.dir/Drivers/STM32F4xx_HAL_Driver/Src/stm32f4xx_hal_cortex.c.obj
                0x08002c84                HAL_NVIC_SetPriority
 .text.HAL_NVIC_EnableIRQ
                0x08002cfc       0x1c CMakeFiles/newcar_f407_zero.elf.dir/Drivers/STM32F4xx_HAL_Driver/Src/stm32f4xx_hal_cortex.c.obj
                0x08002cfc                HAL_NVIC_EnableIRQ
 .text.HAL_SYSTICK_Config
                0x08002d18       0x34 CMakeFiles/newcar_f407_zero.elf.dir/Drivers/STM32F4xx_HAL_Driver/Src/stm32f4xx_hal_cortex.c.obj
                0x08002d18                HAL_SYSTICK_Config
 .text.HAL_DMA_Init
                0x08002d4c      0x128 CMakeFiles/newcar_f407_zero.elf.dir/Drivers/STM32F4xx_HAL_Driver/Src/stm32f4xx_hal_dma.c.obj
                0x08002d4c                HAL_DMA_Init
 .text.HAL_DMA_Start_IT
                0x08002e74       0x78 CMakeFiles/newcar_f407_zero.elf.dir/Drivers/STM32F4xx_HAL_Driver/Src/stm32f4xx_hal_dma.c.obj
                0x08002e74                HAL_DMA_Start_IT
 .text.HAL_DMA_Abort
                0x08002eec       0x94 CMakeFiles/newcar_f407_zero.elf.dir/Drivers/STM32F4xx_HAL_Driver/Src/stm32f4xx_hal_dma.c.obj
                0x08002eec                HAL_DMA_Abort
 .text.HAL_DMA_Abort_IT
                0x08002f80       0x24 CMakeFiles/newcar_f407_zero.elf.dir/Drivers/STM32F4xx_HAL_Driver/Src/stm32f4xx_hal_dma.c.obj
                0x08002f80                HAL_DMA_Abort_IT
 .text.HAL_DMA_IRQHandler
                0x08002fa4      0x1ac CMakeFiles/newcar_f407_zero.elf.dir/Drivers/STM32F4xx_HAL_Driver/Src/stm32f4xx_hal_dma.c.obj
                0x08002fa4                HAL_DMA_IRQHandler
 .text.HAL_GPIO_Init
                0x08003150      0x3d4 CMakeFiles/newcar_f407_zero.elf.dir/Drivers/STM32F4xx_HAL_Driver/Src/stm32f4xx_hal_gpio.c.obj
                0x08003150                HAL_GPIO_Init
 .text.HAL_GPIO_WritePin
                0x08003524        0x8 CMakeFiles/newcar_f407_zero.elf.dir/Drivers/STM32F4xx_HAL_Driver/Src/stm32f4xx_hal_gpio.c.obj
                0x08003524                HAL_GPIO_WritePin
 .text.HAL_RCC_OscConfig
                0x0800352c      0x3c4 CMakeFiles/newcar_f407_zero.elf.dir/Drivers/STM32F4xx_HAL_Driver/Src/stm32f4xx_hal_rcc.c.obj
                0x0800352c                HAL_RCC_OscConfig
 .text.HAL_RCC_GetSysClockFreq
                0x080038f0       0x68 CMakeFiles/newcar_f407_zero.elf.dir/Drivers/STM32F4xx_HAL_Driver/Src/stm32f4xx_hal_rcc.c.obj
                0x080038f0                HAL_RCC_GetSysClockFreq
 .text.HAL_RCC_ClockConfig
                0x08003958      0x13c CMakeFiles/newcar_f407_zero.elf.dir/Drivers/STM32F4xx_HAL_Driver/Src/stm32f4xx_hal_rcc.c.obj
                0x08003958                HAL_RCC_ClockConfig
 .text.HAL_RCC_GetPCLK1Freq
                0x08003a94       0x20 CMakeFiles/newcar_f407_zero.elf.dir/Drivers/STM32F4xx_HAL_Driver/Src/stm32f4xx_hal_rcc.c.obj
                0x08003a94                HAL_RCC_GetPCLK1Freq
 .text.HAL_RCC_GetPCLK2Freq
                0x08003ab4       0x20 CMakeFiles/newcar_f407_zero.elf.dir/Drivers/STM32F4xx_HAL_Driver/Src/stm32f4xx_hal_rcc.c.obj
                0x08003ab4                HAL_RCC_GetPCLK2Freq
 .text.HAL_TIM_Base_Init
                0x08003ad4      0x130 CMakeFiles/newcar_f407_zero.elf.dir/Drivers/STM32F4xx_HAL_Driver/Src/stm32f4xx_hal_tim.c.obj
                0x08003ad4                HAL_TIM_Base_Init
 .text.HAL_TIM_ConfigClockSource
                0x08003c04      0x154 CMakeFiles/newcar_f407_zero.elf.dir/Drivers/STM32F4xx_HAL_Driver/Src/stm32f4xx_hal_tim.c.obj
                0x08003c04                HAL_TIM_ConfigClockSource
 .text.HAL_TIM_OC_DelayElapsedCallback
                0x08003d58        0x4 CMakeFiles/newcar_f407_zero.elf.dir/Drivers/STM32F4xx_HAL_Driver/Src/stm32f4xx_hal_tim.c.obj
                0x08003d58                HAL_TIM_OC_DelayElapsedCallback
 .text.HAL_TIM_IC_CaptureCallback
                0x08003d5c        0x4 CMakeFiles/newcar_f407_zero.elf.dir/Drivers/STM32F4xx_HAL_Driver/Src/stm32f4xx_hal_tim.c.obj
                0x08003d5c                HAL_TIM_IC_CaptureCallback
 .text.HAL_TIM_PWM_PulseFinishedCallback
                0x08003d60        0x4 CMakeFiles/newcar_f407_zero.elf.dir/Drivers/STM32F4xx_HAL_Driver/Src/stm32f4xx_hal_tim.c.obj
                0x08003d60                HAL_TIM_PWM_PulseFinishedCallback
 .text.HAL_TIM_TriggerCallback
                0x08003d64        0x4 CMakeFiles/newcar_f407_zero.elf.dir/Drivers/STM32F4xx_HAL_Driver/Src/stm32f4xx_hal_tim.c.obj
                0x08003d64                HAL_TIM_TriggerCallback
 .text.HAL_TIM_IRQHandler
                0x08003d68      0x138 CMakeFiles/newcar_f407_zero.elf.dir/Drivers/STM32F4xx_HAL_Driver/Src/stm32f4xx_hal_tim.c.obj
                0x08003d68                HAL_TIM_IRQHandler
 .text.HAL_TIMEx_MasterConfigSynchronization
                0x08003ea0       0x80 CMakeFiles/newcar_f407_zero.elf.dir/Drivers/STM32F4xx_HAL_Driver/Src/stm32f4xx_hal_tim_ex.c.obj
                0x08003ea0                HAL_TIMEx_MasterConfigSynchronization
 .text.HAL_TIMEx_CommutCallback
                0x08003f20        0x4 CMakeFiles/newcar_f407_zero.elf.dir/Drivers/STM32F4xx_HAL_Driver/Src/stm32f4xx_hal_tim_ex.c.obj
                0x08003f20                HAL_TIMEx_CommutCallback
 .text.HAL_TIMEx_BreakCallback
                0x08003f24        0x4 CMakeFiles/newcar_f407_zero.elf.dir/Drivers/STM32F4xx_HAL_Driver/Src/stm32f4xx_hal_tim_ex.c.obj
                0x08003f24                HAL_TIMEx_BreakCallback
 .text.HAL_UART_Init
                0x08003f28      0x124 CMakeFiles/newcar_f407_zero.elf.dir/Drivers/STM32F4xx_HAL_Driver/Src/stm32f4xx_hal_uart.c.obj
                0x08003f28                HAL_UART_Init
 .text.HAL_UART_TxCpltCallback
                0x0800404c        0x4 CMakeFiles/newcar_f407_zero.elf.dir/Drivers/STM32F4xx_HAL_Driver/Src/stm32f4xx_hal_uart.c.obj
                0x0800404c                HAL_UART_TxCpltCallback
 .text.HAL_UART_RxCpltCallback
                0x08004050        0x4 CMakeFiles/newcar_f407_zero.elf.dir/Drivers/STM32F4xx_HAL_Driver/Src/stm32f4xx_hal_uart.c.obj
                0x08004050                HAL_UART_RxCpltCallback
 .text.HAL_UART_RxHalfCpltCallback
                0x08004054        0x4 CMakeFiles/newcar_f407_zero.elf.dir/Drivers/STM32F4xx_HAL_Driver/Src/stm32f4xx_hal_uart.c.obj
                0x08004054                HAL_UART_RxHalfCpltCallback
 .text.UART_DMAError
                0x08004058       0xbc CMakeFiles/newcar_f407_zero.elf.dir/Drivers/STM32F4xx_HAL_Driver/Src/stm32f4xx_hal_uart.c.obj
 .text.UART_DMAAbortOnError
                0x08004114       0x10 CMakeFiles/newcar_f407_zero.elf.dir/Drivers/STM32F4xx_HAL_Driver/Src/stm32f4xx_hal_uart.c.obj
 .text.UART_DMARxHalfCplt
                0x08004124       0x20 CMakeFiles/newcar_f407_zero.elf.dir/Drivers/STM32F4xx_HAL_Driver/Src/stm32f4xx_hal_uart.c.obj
 .text.UART_DMAReceiveCplt
                0x08004144       0x98 CMakeFiles/newcar_f407_zero.elf.dir/Drivers/STM32F4xx_HAL_Driver/Src/stm32f4xx_hal_uart.c.obj
 .text.UART_Receive_IT.part.0.isra.0
                0x080041dc       0xc0 CMakeFiles/newcar_f407_zero.elf.dir/Drivers/STM32F4xx_HAL_Driver/Src/stm32f4xx_hal_uart.c.obj
 .text.HAL_UART_IRQHandler
                0x0800429c      0x364 CMakeFiles/newcar_f407_zero.elf.dir/Drivers/STM32F4xx_HAL_Driver/Src/stm32f4xx_hal_uart.c.obj
                0x0800429c                HAL_UART_IRQHandler
 .text.UART_Start_Receive_DMA
                0x08004600       0x9c CMakeFiles/newcar_f407_zero.elf.dir/Drivers/STM32F4xx_HAL_Driver/Src/stm32f4xx_hal_uart.c.obj
                0x08004600                UART_Start_Receive_DMA
 .text.HAL_UARTEx_ReceiveToIdle_DMA
                0x0800469c       0x60 CMakeFiles/newcar_f407_zero.elf.dir/Drivers/STM32F4xx_HAL_Driver/Src/stm32f4xx_hal_uart.c.obj
                0x0800469c                HAL_UARTEx_ReceiveToIdle_DMA
 .text.USER_CAN1_Filter_Init
                0x080046fc       0x8c CMakeFiles/newcar_f407_zero.elf.dir/User_File/1_Middleware/1_Driver/CAN/drv_can.cpp.obj
                0x080046fc                USER_CAN1_Filter_Init
 .text.can_SendCmd
                0x08004788      0x144 CMakeFiles/newcar_f407_zero.elf.dir/User_File/1_Middleware/1_Driver/CAN/drv_can.cpp.obj
                0x08004788                can_SendCmd
 .text.HAL_TIM_PeriodElapsedCallback
                0x080048cc      0x158 CMakeFiles/newcar_f407_zero.elf.dir/User_File/1_Middleware/1_Driver/TIM/drv_tim.cpp.obj
                0x080048cc                HAL_TIM_PeriodElapsedCallback
 .text.HAL_UARTEx_RxEventCallback
                0x08004a24      0x134 CMakeFiles/newcar_f407_zero.elf.dir/User_File/1_Middleware/1_Driver/UART/drv_uart.cpp.obj
                0x08004a24                HAL_UARTEx_RxEventCallback
 .text.HAL_UART_ErrorCallback
                0x08004b58       0xac CMakeFiles/newcar_f407_zero.elf.dir/User_File/1_Middleware/1_Driver/UART/drv_uart.cpp.obj
                0x08004b58                HAL_UART_ErrorCallback
 .text.ZDT_X42_V2_Traj_Position_Control
                0x08004c04       0xd8 CMakeFiles/newcar_f407_zero.elf.dir/User_File/2_Device/Motor/Motor_ZDT42/ZDT_X42_V2.c.obj
                0x08004c04                ZDT_X42_V2_Traj_Position_Control
 .text.ZDT_X42_V2_Synchronous_motion
                0x08004cdc       0x30 CMakeFiles/newcar_f407_zero.elf.dir/User_File/2_Device/Motor/Motor_ZDT42/ZDT_X42_V2.c.obj
                0x08004cdc                ZDT_X42_V2_Synchronous_motion
 .text.ZDT_X42_V2_Receive_Data_Right
                0x08004d0c       0x2c CMakeFiles/newcar_f407_zero.elf.dir/User_File/2_Device/Motor/Motor_ZDT42/ZDT_X42_V2.c.obj
                0x08004d0c                ZDT_X42_V2_Receive_Data_Right
 .text.arm_sin_f32
                0x08004d38       0x8c D:\Desktop\newCarryCar\newcar_f407_zero\Middlewares\ST\ARM\DSP\Lib\libarm_cortexM4lf_math.a(arm_sin_f32.o)
                0x08004d38                arm_sin_f32
 .text.__udivmoddi4
                0x08004dc4      0x2a0 C:/msys64/mingw64/bin/../lib/gcc/arm-none-eabi/13.3.0/thumb/v7e-m+fp/hard\libgcc.a(_udivmoddi4.o)
                0x08004dc4                __udivmoddi4
 .text.selfrel_offset31
                0x08005064       0x12 C:/msys64/mingw64/bin/../lib/gcc/arm-none-eabi/13.3.0/thumb/v7e-m+fp/hard\libgcc.a(unwind-arm.o)
 .text.search_EIT_table
                0x08005076       0x60 C:/msys64/mingw64/bin/../lib/gcc/arm-none-eabi/13.3.0/thumb/v7e-m+fp/hard\libgcc.a(unwind-arm.o)
 *fill*         0x080050d6        0x2 
 .text.__gnu_unwind_get_pr_addr
                0x080050d8       0x28 C:/msys64/mingw64/bin/../lib/gcc/arm-none-eabi/13.3.0/thumb/v7e-m+fp/hard\libgcc.a(unwind-arm.o)
 .text.get_eit_entry
                0x08005100       0x8c C:/msys64/mingw64/bin/../lib/gcc/arm-none-eabi/13.3.0/thumb/v7e-m+fp/hard\libgcc.a(unwind-arm.o)
 .text.restore_non_core_regs
                0x0800518c       0x4e C:/msys64/mingw64/bin/../lib/gcc/arm-none-eabi/13.3.0/thumb/v7e-m+fp/hard\libgcc.a(unwind-arm.o)
 .text._Unwind_decode_typeinfo_ptr.constprop.0
                0x080051da        0xa C:/msys64/mingw64/bin/../lib/gcc/arm-none-eabi/13.3.0/thumb/v7e-m+fp/hard\libgcc.a(unwind-arm.o)
 .text._Unwind_DebugHook
                0x080051e4        0x2 C:/msys64/mingw64/bin/../lib/gcc/arm-none-eabi/13.3.0/thumb/v7e-m+fp/hard\libgcc.a(unwind-arm.o)
 .text.unwind_phase2
                0x080051e6       0x3a C:/msys64/mingw64/bin/../lib/gcc/arm-none-eabi/13.3.0/thumb/v7e-m+fp/hard\libgcc.a(unwind-arm.o)
 .text.unwind_phase2_forced
                0x08005220       0xba C:/msys64/mingw64/bin/../lib/gcc/arm-none-eabi/13.3.0/thumb/v7e-m+fp/hard\libgcc.a(unwind-arm.o)
 .text.__gnu_Unwind_RaiseException
                0x080052da       0x5a C:/msys64/mingw64/bin/../lib/gcc/arm-none-eabi/13.3.0/thumb/v7e-m+fp/hard\libgcc.a(unwind-arm.o)
                0x080052da                __gnu_Unwind_RaiseException
 .text.__gnu_Unwind_ForcedUnwind
                0x08005334       0x14 C:/msys64/mingw64/bin/../lib/gcc/arm-none-eabi/13.3.0/thumb/v7e-m+fp/hard\libgcc.a(unwind-arm.o)
                0x08005334                __gnu_Unwind_ForcedUnwind
 .text.__gnu_Unwind_Resume
                0x08005348       0x40 C:/msys64/mingw64/bin/../lib/gcc/arm-none-eabi/13.3.0/thumb/v7e-m+fp/hard\libgcc.a(unwind-arm.o)
                0x08005348                __gnu_Unwind_Resume
 .text.__gnu_Unwind_Resume_or_Rethrow
                0x08005388       0x12 C:/msys64/mingw64/bin/../lib/gcc/arm-none-eabi/13.3.0/thumb/v7e-m+fp/hard\libgcc.a(unwind-arm.o)
                0x08005388                __gnu_Unwind_Resume_or_Rethrow
 .text._Unwind_VRS_Get
                0x0800539a       0x30 C:/msys64/mingw64/bin/../lib/gcc/arm-none-eabi/13.3.0/thumb/v7e-m+fp/hard\libgcc.a(unwind-arm.o)
                0x0800539a                _Unwind_VRS_Get
 .text._Unwind_GetGR
                0x080053ca       0x18 C:/msys64/mingw64/bin/../lib/gcc/arm-none-eabi/13.3.0/thumb/v7e-m+fp/hard\libgcc.a(unwind-arm.o)
 .text._Unwind_VRS_Set
                0x080053e2       0x32 C:/msys64/mingw64/bin/../lib/gcc/arm-none-eabi/13.3.0/thumb/v7e-m+fp/hard\libgcc.a(unwind-arm.o)
                0x080053e2                _Unwind_VRS_Set
 .text._Unwind_SetGR
                0x08005414       0x18 C:/msys64/mingw64/bin/../lib/gcc/arm-none-eabi/13.3.0/thumb/v7e-m+fp/hard\libgcc.a(unwind-arm.o)
 .text.__gnu_Unwind_Backtrace
                0x0800542c       0x6c C:/msys64/mingw64/bin/../lib/gcc/arm-none-eabi/13.3.0/thumb/v7e-m+fp/hard\libgcc.a(unwind-arm.o)
                0x0800542c                __gnu_Unwind_Backtrace
 .text.__gnu_unwind_pr_common
                0x08005498      0x24c C:/msys64/mingw64/bin/../lib/gcc/arm-none-eabi/13.3.0/thumb/v7e-m+fp/hard\libgcc.a(unwind-arm.o)
 .text.__aeabi_unwind_cpp_pr0
                0x080056e4        0x6 C:/msys64/mingw64/bin/../lib/gcc/arm-none-eabi/13.3.0/thumb/v7e-m+fp/hard\libgcc.a(unwind-arm.o)
                0x080056e4                __aeabi_unwind_cpp_pr0
 .text.__aeabi_unwind_cpp_pr1
                0x080056ea        0x6 C:/msys64/mingw64/bin/../lib/gcc/arm-none-eabi/13.3.0/thumb/v7e-m+fp/hard\libgcc.a(unwind-arm.o)
                0x080056ea                __aeabi_unwind_cpp_pr1
 .text.__aeabi_unwind_cpp_pr2
                0x080056f0        0x6 C:/msys64/mingw64/bin/../lib/gcc/arm-none-eabi/13.3.0/thumb/v7e-m+fp/hard\libgcc.a(unwind-arm.o)
                0x080056f0                __aeabi_unwind_cpp_pr2
 .text._Unwind_VRS_Pop
                0x080056f6      0x226 C:/msys64/mingw64/bin/../lib/gcc/arm-none-eabi/13.3.0/thumb/v7e-m+fp/hard\libgcc.a(unwind-arm.o)
                0x080056f6                _Unwind_VRS_Pop
 .text.next_unwind_byte
                0x0800591c       0x30 C:/msys64/mingw64/bin/../lib/gcc/arm-none-eabi/13.3.0/thumb/v7e-m+fp/hard\libgcc.a(pr-support.o)
 .text.__gnu_unwind_execute
                0x0800594c      0x268 C:/msys64/mingw64/bin/../lib/gcc/arm-none-eabi/13.3.0/thumb/v7e-m+fp/hard\libgcc.a(pr-support.o)
                0x0800594c                __gnu_unwind_execute
 .text.startup  0x08005bb4       0x14 C:/msys64/mingw64/bin/../lib/gcc/arm-none-eabi/13.3.0/../../../../arm-none-eabi/lib/thumb/v7e-m+fp/hard\libg.a(libc_a-__call_atexit.o)
 *(.glue_7)
 .glue_7        0x08005bc8        0x0 linker stubs
 *(.glue_7t)
 .glue_7t       0x08005bc8        0x0 linker stubs
 *(.eh_frame)
 .eh_frame      0x08005bc8        0x0 C:/msys64/mingw64/bin/../lib/gcc/arm-none-eabi/13.3.0/thumb/v7e-m+fp/hard/crtbegin.o
 *(.init)
 .init          0x08005bc8        0x4 C:/msys64/mingw64/bin/../lib/gcc/arm-none-eabi/13.3.0/thumb/v7e-m+fp/hard/crti.o
                0x08005bc8                _init
 .init          0x08005bcc        0x8 C:/msys64/mingw64/bin/../lib/gcc/arm-none-eabi/13.3.0/thumb/v7e-m+fp/hard/crtn.o
 *(.fini)
 .fini          0x08005bd4        0x4 C:/msys64/mingw64/bin/../lib/gcc/arm-none-eabi/13.3.0/thumb/v7e-m+fp/hard/crti.o
                0x08005bd4                _fini
 .fini          0x08005bd8        0x8 C:/msys64/mingw64/bin/../lib/gcc/arm-none-eabi/13.3.0/thumb/v7e-m+fp/hard/crtn.o
                0x08005be0                        . = ALIGN (0x4)
                0x08005be0                        _etext = .

.vfp11_veneer   0x08005be0        0x0
 .vfp11_veneer  0x08005be0        0x0 linker stubs

.v4_bx          0x08005be0        0x0
 .v4_bx         0x08005be0        0x0 linker stubs

.iplt           0x08005be0        0x0
 .iplt          0x08005be0        0x0 C:/msys64/mingw64/bin/../lib/gcc/arm-none-eabi/13.3.0/thumb/v7e-m+fp/hard/crtbegin.o

.rodata         0x08005be0      0x824
                0x08005be0                        . = ALIGN (0x4)
 *(.rodata)
 *(.rodata*)
 .rodata.APBPrescTable
                0x08005be0        0x8 CMakeFiles/newcar_f407_zero.elf.dir/Core/Src/system_stm32f4xx.c.obj
                0x08005be0                APBPrescTable
 .rodata.AHBPrescTable
                0x08005be8       0x10 CMakeFiles/newcar_f407_zero.elf.dir/Core/Src/system_stm32f4xx.c.obj
                0x08005be8                AHBPrescTable
 .rodata.flagBitshiftOffset.0
                0x08005bf8        0x8 CMakeFiles/newcar_f407_zero.elf.dir/Drivers/STM32F4xx_HAL_Driver/Src/stm32f4xx_hal_dma.c.obj
 .rodata.sinTable_f32
                0x08005c00      0x804 D:\Desktop\newCarryCar\newcar_f407_zero\Middlewares\ST\ARM\DSP\Lib\libarm_cortexM4lf_math.a(arm_common_tables.o)
                0x08005c00                sinTable_f32
                0x08006404                        . = ALIGN (0x4)

.ARM.extab      0x08006404        0x0
                0x08006404                        . = ALIGN (0x4)
 *(.ARM.extab* .gnu.linkonce.armextab.*)
                0x08006404                        . = ALIGN (0x4)

.ARM            0x08006404       0xb0
                0x08006404                        . = ALIGN (0x4)
                0x08006404                        __exidx_start = .
 *(.ARM.exidx*)
 .ARM.exidx     0x08006404        0x8 C:/msys64/mingw64/bin/../lib/gcc/arm-none-eabi/13.3.0/../../../../arm-none-eabi/lib/thumb/v7e-m+fp/hard\libg.a(libc_a-memcpy.o)
 .ARM.exidx.text.USER_CAN1_Filter_Init
                0x0800640c        0x8 CMakeFiles/newcar_f407_zero.elf.dir/User_File/1_Middleware/1_Driver/CAN/drv_can.cpp.obj
 .ARM.exidx.text.can_SendCmd
                0x08006414        0x8 CMakeFiles/newcar_f407_zero.elf.dir/User_File/1_Middleware/1_Driver/CAN/drv_can.cpp.obj
 .ARM.exidx.text.HAL_TIM_PeriodElapsedCallback
                0x0800641c        0x8 CMakeFiles/newcar_f407_zero.elf.dir/User_File/1_Middleware/1_Driver/TIM/drv_tim.cpp.obj
 .ARM.exidx.text.HAL_UARTEx_RxEventCallback
                0x08006424        0x8 CMakeFiles/newcar_f407_zero.elf.dir/User_File/1_Middleware/1_Driver/UART/drv_uart.cpp.obj
 .ARM.exidx.text.HAL_UART_ErrorCallback
                0x0800642c        0x8 CMakeFiles/newcar_f407_zero.elf.dir/User_File/1_Middleware/1_Driver/UART/drv_uart.cpp.obj
 .ARM.exidx.text.__udivmoddi4
                0x08006434        0x0 C:/msys64/mingw64/bin/../lib/gcc/arm-none-eabi/13.3.0/thumb/v7e-m+fp/hard\libgcc.a(_udivmoddi4.o)
                                  0x8 (size before relaxing)
 .ARM.exidx.text.selfrel_offset31
                0x08006434        0x0 C:/msys64/mingw64/bin/../lib/gcc/arm-none-eabi/13.3.0/thumb/v7e-m+fp/hard\libgcc.a(unwind-arm.o)
                                  0x8 (size before relaxing)
 .ARM.exidx.text.search_EIT_table
                0x08006434        0x0 C:/msys64/mingw64/bin/../lib/gcc/arm-none-eabi/13.3.0/thumb/v7e-m+fp/hard\libgcc.a(unwind-arm.o)
                                  0x8 (size before relaxing)
 .ARM.exidx.text.__gnu_unwind_get_pr_addr
                0x08006434        0x0 C:/msys64/mingw64/bin/../lib/gcc/arm-none-eabi/13.3.0/thumb/v7e-m+fp/hard\libgcc.a(unwind-arm.o)
                                  0x8 (size before relaxing)
 .ARM.exidx.text.get_eit_entry
                0x08006434        0x8 C:/msys64/mingw64/bin/../lib/gcc/arm-none-eabi/13.3.0/thumb/v7e-m+fp/hard\libgcc.a(unwind-arm.o)
 .ARM.exidx.text.restore_non_core_regs
                0x0800643c        0x8 C:/msys64/mingw64/bin/../lib/gcc/arm-none-eabi/13.3.0/thumb/v7e-m+fp/hard\libgcc.a(unwind-arm.o)
 .ARM.exidx.text._Unwind_decode_typeinfo_ptr.constprop.0
                0x08006444        0x8 C:/msys64/mingw64/bin/../lib/gcc/arm-none-eabi/13.3.0/thumb/v7e-m+fp/hard\libgcc.a(unwind-arm.o)
 .ARM.exidx.text._Unwind_DebugHook
                0x0800644c        0x0 C:/msys64/mingw64/bin/../lib/gcc/arm-none-eabi/13.3.0/thumb/v7e-m+fp/hard\libgcc.a(unwind-arm.o)
                                  0x8 (size before relaxing)
 .ARM.exidx.text.unwind_phase2
                0x0800644c        0x8 C:/msys64/mingw64/bin/../lib/gcc/arm-none-eabi/13.3.0/thumb/v7e-m+fp/hard\libgcc.a(unwind-arm.o)
 .ARM.exidx.text.unwind_phase2_forced
                0x08006454        0x8 C:/msys64/mingw64/bin/../lib/gcc/arm-none-eabi/13.3.0/thumb/v7e-m+fp/hard\libgcc.a(unwind-arm.o)
 .ARM.exidx.text.__gnu_Unwind_RaiseException
                0x0800645c        0x8 C:/msys64/mingw64/bin/../lib/gcc/arm-none-eabi/13.3.0/thumb/v7e-m+fp/hard\libgcc.a(unwind-arm.o)
 .ARM.exidx.text.__gnu_Unwind_ForcedUnwind
                0x08006464        0x8 C:/msys64/mingw64/bin/../lib/gcc/arm-none-eabi/13.3.0/thumb/v7e-m+fp/hard\libgcc.a(unwind-arm.o)
 .ARM.exidx.text.__gnu_Unwind_Resume
                0x0800646c        0x8 C:/msys64/mingw64/bin/../lib/gcc/arm-none-eabi/13.3.0/thumb/v7e-m+fp/hard\libgcc.a(unwind-arm.o)
 .ARM.exidx.text.__gnu_Unwind_Resume_or_Rethrow
                0x08006474        0x8 C:/msys64/mingw64/bin/../lib/gcc/arm-none-eabi/13.3.0/thumb/v7e-m+fp/hard\libgcc.a(unwind-arm.o)
 .ARM.exidx.text._Unwind_VRS_Get
                0x0800647c        0x0 C:/msys64/mingw64/bin/../lib/gcc/arm-none-eabi/13.3.0/thumb/v7e-m+fp/hard\libgcc.a(unwind-arm.o)
                                  0x8 (size before relaxing)
 .ARM.exidx.text._Unwind_GetGR
                0x0800647c        0x0 C:/msys64/mingw64/bin/../lib/gcc/arm-none-eabi/13.3.0/thumb/v7e-m+fp/hard\libgcc.a(unwind-arm.o)
                                  0x8 (size before relaxing)
 .ARM.exidx.text._Unwind_VRS_Set
                0x0800647c        0x0 C:/msys64/mingw64/bin/../lib/gcc/arm-none-eabi/13.3.0/thumb/v7e-m+fp/hard\libgcc.a(unwind-arm.o)
                                  0x8 (size before relaxing)
 .ARM.exidx.text._Unwind_SetGR
                0x0800647c        0x0 C:/msys64/mingw64/bin/../lib/gcc/arm-none-eabi/13.3.0/thumb/v7e-m+fp/hard\libgcc.a(unwind-arm.o)
                                  0x8 (size before relaxing)
 .ARM.exidx.text.__gnu_Unwind_Backtrace
                0x0800647c        0x8 C:/msys64/mingw64/bin/../lib/gcc/arm-none-eabi/13.3.0/thumb/v7e-m+fp/hard\libgcc.a(unwind-arm.o)
 .ARM.exidx.text.__gnu_unwind_pr_common
                0x08006484        0x8 C:/msys64/mingw64/bin/../lib/gcc/arm-none-eabi/13.3.0/thumb/v7e-m+fp/hard\libgcc.a(unwind-arm.o)
 .ARM.exidx.text.__aeabi_unwind_cpp_pr0
                0x0800648c        0x8 C:/msys64/mingw64/bin/../lib/gcc/arm-none-eabi/13.3.0/thumb/v7e-m+fp/hard\libgcc.a(unwind-arm.o)
 .ARM.exidx.text.__aeabi_unwind_cpp_pr1
                0x08006494        0x0 C:/msys64/mingw64/bin/../lib/gcc/arm-none-eabi/13.3.0/thumb/v7e-m+fp/hard\libgcc.a(unwind-arm.o)
                                  0x8 (size before relaxing)
 .ARM.exidx.text.__aeabi_unwind_cpp_pr2
                0x08006494        0x0 C:/msys64/mingw64/bin/../lib/gcc/arm-none-eabi/13.3.0/thumb/v7e-m+fp/hard\libgcc.a(unwind-arm.o)
                                  0x8 (size before relaxing)
 .ARM.exidx.text._Unwind_VRS_Pop
                0x08006494        0x8 C:/msys64/mingw64/bin/../lib/gcc/arm-none-eabi/13.3.0/thumb/v7e-m+fp/hard\libgcc.a(unwind-arm.o)
 .ARM.exidx.text.next_unwind_byte
                0x0800649c        0x8 C:/msys64/mingw64/bin/../lib/gcc/arm-none-eabi/13.3.0/thumb/v7e-m+fp/hard\libgcc.a(pr-support.o)
 .ARM.exidx.text.__gnu_unwind_execute
                0x080064a4       0x10 C:/msys64/mingw64/bin/../lib/gcc/arm-none-eabi/13.3.0/thumb/v7e-m+fp/hard\libgcc.a(pr-support.o)
                                  0x8 (size before relaxing)
                0x080064b4                        __exidx_end = .
                0x080064b4                        . = ALIGN (0x4)

.preinit_array  0x080064b4        0x0
                0x080064b4                        . = ALIGN (0x4)
                0x080064b4                        PROVIDE (__preinit_array_start = .)
 *(.preinit_array*)
                0x080064b4                        PROVIDE (__preinit_array_end = .)
                0x080064b4                        . = ALIGN (0x4)

.init_array     0x080064b4        0x8
                0x080064b4                        . = ALIGN (0x4)
                0x080064b4                        PROVIDE (__init_array_start = .)
 *(SORT_BY_NAME(.init_array.*))
 .init_array.00000
                0x080064b4        0x4 C:/msys64/mingw64/bin/../lib/gcc/arm-none-eabi/13.3.0/../../../../arm-none-eabi/lib/thumb/v7e-m+fp/hard\libg.a(libc_a-__call_atexit.o)
 *(.init_array*)
 .init_array    0x080064b8        0x4 C:/msys64/mingw64/bin/../lib/gcc/arm-none-eabi/13.3.0/thumb/v7e-m+fp/hard/crtbegin.o
                0x080064bc                        PROVIDE (__init_array_end = .)
                0x080064bc                        . = ALIGN (0x4)

.fini_array     0x080064bc        0x4
                0x080064bc                        . = ALIGN (0x4)
                0x080064bc                        PROVIDE (__fini_array_start = .)
 *(SORT_BY_NAME(.fini_array.*))
 *(.fini_array*)
 .fini_array    0x080064bc        0x4 C:/msys64/mingw64/bin/../lib/gcc/arm-none-eabi/13.3.0/thumb/v7e-m+fp/hard/crtbegin.o
                0x080064c0                        PROVIDE (__fini_array_end = .)
                0x080064c0                        . = ALIGN (0x4)
                0x080064c0                        _sidata = LOADADDR (.data)

.rel.dyn        0x080064c0        0x0
 .rel.iplt      0x080064c0        0x0 C:/msys64/mingw64/bin/../lib/gcc/arm-none-eabi/13.3.0/thumb/v7e-m+fp/hard/crtbegin.o

.data           0x20000000      0x54c load address 0x080064c0
                0x20000000                        . = ALIGN (0x4)
                0x20000000                        _sdata = .
 *(.data)
 .data          0x20000000      0x128 C:/msys64/mingw64/bin/../lib/gcc/arm-none-eabi/13.3.0/../../../../arm-none-eabi/lib/thumb/v7e-m+fp/hard\libg.a(libc_a-impure.o)
                0x20000000                _impure_ptr
                0x20000008                _impure_data
 .data          0x20000128        0x4 C:/msys64/mingw64/bin/../lib/gcc/arm-none-eabi/13.3.0/../../../../arm-none-eabi/lib/thumb/v7e-m+fp/hard\libg.a(libc_a-__call_atexit.o)
                0x20000128                __atexit_recursive_mutex
 *fill*         0x2000012c        0x4 
 .data          0x20000130      0x410 C:/msys64/mingw64/bin/../lib/gcc/arm-none-eabi/13.3.0/../../../../arm-none-eabi/lib/thumb/v7e-m+fp/hard\libg.a(libc_a-mallocr.o)
                0x20000130                __malloc_av_
                0x20000538                __malloc_sbrk_base
                0x2000053c                __malloc_trim_threshold
 *(.data*)
 .data.SystemCoreClock
                0x20000540        0x4 CMakeFiles/newcar_f407_zero.elf.dir/Core/Src/system_stm32f4xx.c.obj
                0x20000540                SystemCoreClock
 .data.uwTickFreq
                0x20000544        0x1 CMakeFiles/newcar_f407_zero.elf.dir/Drivers/STM32F4xx_HAL_Driver/Src/stm32f4xx_hal.c.obj
                0x20000544                uwTickFreq
 *fill*         0x20000545        0x3 
 .data.uwTickPrio
                0x20000548        0x4 CMakeFiles/newcar_f407_zero.elf.dir/Drivers/STM32F4xx_HAL_Driver/Src/stm32f4xx_hal.c.obj
                0x20000548                uwTickPrio
 *(.RamFunc)
 *(.RamFunc*)
                0x2000054c                        . = ALIGN (0x4)
                0x2000054c                        _edata = .
                0x08006a0c                        _siccmram = LOADADDR (.ccmram)

.igot.plt       0x2000054c        0x0 load address 0x08006a0c
 .igot.plt      0x2000054c        0x0 C:/msys64/mingw64/bin/../lib/gcc/arm-none-eabi/13.3.0/thumb/v7e-m+fp/hard/crtbegin.o

.ccmram         0x10000000        0x0 load address 0x08006a0c
                0x10000000                        . = ALIGN (0x4)
                0x10000000                        _sccmram = .
 *(.ccmram)
 *(.ccmram*)
                0x10000000                        . = ALIGN (0x4)
                0x10000000                        _eccmram = .
                0x10000000                        . = ALIGN (0x4)

.bss            0x20000550     0x2270
                0x20000550                        _sbss = .
                0x20000550                        __bss_start__ = _sbss
 *(.bss)
 .bss           0x20000550      0x13c C:/msys64/mingw64/bin/../lib/gcc/arm-none-eabi/13.3.0/../../../../arm-none-eabi/lib/thumb/v7e-m+fp/hard\libg.a(libc_a-findfp.o)
                0x20000550                __sf
                0x20000688                __stdio_exit_handler
 .bss           0x2000068c        0x4 C:/msys64/mingw64/bin/../lib/gcc/arm-none-eabi/13.3.0/../../../../arm-none-eabi/lib/thumb/v7e-m+fp/hard\libg.a(libc_a-reent.o)
                0x2000068c                errno
 .bss           0x20000690       0x1d C:/msys64/mingw64/bin/../lib/gcc/arm-none-eabi/13.3.0/../../../../arm-none-eabi/lib/thumb/v7e-m+fp/hard\libg.a(libc_a-lock.o)
                0x20000690                __lock___arc4random_mutex
                0x20000694                __lock___dd_hash_mutex
                0x20000698                __lock___tz_mutex
                0x2000069c                __lock___env_recursive_mutex
                0x200006a0                __lock___malloc_recursive_mutex
                0x200006a4                __lock___at_quick_exit_mutex
                0x200006a8                __lock___atexit_recursive_mutex
                0x200006ac                __lock___sfp_recursive_mutex
 *fill*         0x200006ad        0x3 
 .bss           0x200006b0      0x190 C:/msys64/mingw64/bin/../lib/gcc/arm-none-eabi/13.3.0/../../../../arm-none-eabi/lib/thumb/v7e-m+fp/hard\libg.a(libc_a-__atexit.o)
                0x200006b0                __atexit0
 .bss           0x20000840        0x4 C:/msys64/mingw64/bin/../lib/gcc/arm-none-eabi/13.3.0/../../../../arm-none-eabi/lib/thumb/v7e-m+fp/hard\libg.a(libc_a-__call_atexit.o)
                0x20000840                __atexit
 .bss           0x20000844       0x34 C:/msys64/mingw64/bin/../lib/gcc/arm-none-eabi/13.3.0/../../../../arm-none-eabi/lib/thumb/v7e-m+fp/hard\libg.a(libc_a-mallocr.o)
                0x20000844                __malloc_top_pad
                0x20000848                __malloc_current_mallinfo
                0x20000870                __malloc_max_sbrked_mem
                0x20000874                __malloc_max_total_mem
 *(.bss*)
 .bss.completed.1
                0x20000878        0x1 C:/msys64/mingw64/bin/../lib/gcc/arm-none-eabi/13.3.0/thumb/v7e-m+fp/hard/crtbegin.o
 *fill*         0x20000879        0x3 
 .bss.object.0  0x2000087c       0x18 C:/msys64/mingw64/bin/../lib/gcc/arm-none-eabi/13.3.0/thumb/v7e-m+fp/hard/crtbegin.o
 .bss.hcan1     0x20000894       0x28 CMakeFiles/newcar_f407_zero.elf.dir/Core/Src/can.c.obj
                0x20000894                hcan1
 *fill*         0x200008bc        0x4 
 .bss.hdma_memtomem_dma2_stream0
                0x200008c0       0x60 CMakeFiles/newcar_f407_zero.elf.dir/Core/Src/dma.c.obj
                0x200008c0                hdma_memtomem_dma2_stream0
 .bss.b         0x20000920        0x4 CMakeFiles/newcar_f407_zero.elf.dir/Core/Src/main.c.obj
                0x20000920                b
 .bss.a         0x20000924        0x4 CMakeFiles/newcar_f407_zero.elf.dir/Core/Src/main.c.obj
                0x20000924                a
 .bss.init_finished
                0x20000928        0x1 CMakeFiles/newcar_f407_zero.elf.dir/Core/Src/main.c.obj
                0x20000928                init_finished
 *fill*         0x20000929        0x3 
 .bss.__sbrk_heap_end
                0x2000092c        0x4 CMakeFiles/newcar_f407_zero.elf.dir/Core/Src/sysmem.c.obj
 .bss.htim5     0x20000930       0x48 CMakeFiles/newcar_f407_zero.elf.dir/Core/Src/tim.c.obj
                0x20000930                htim5
 .bss.htim4     0x20000978       0x48 CMakeFiles/newcar_f407_zero.elf.dir/Core/Src/tim.c.obj
                0x20000978                htim4
 .bss.hdma_usart3_tx
                0x200009c0       0x60 CMakeFiles/newcar_f407_zero.elf.dir/Core/Src/usart.c.obj
                0x200009c0                hdma_usart3_tx
 .bss.hdma_usart3_rx
                0x20000a20       0x60 CMakeFiles/newcar_f407_zero.elf.dir/Core/Src/usart.c.obj
                0x20000a20                hdma_usart3_rx
 .bss.hdma_usart2_tx
                0x20000a80       0x60 CMakeFiles/newcar_f407_zero.elf.dir/Core/Src/usart.c.obj
                0x20000a80                hdma_usart2_tx
 .bss.hdma_usart2_rx
                0x20000ae0       0x60 CMakeFiles/newcar_f407_zero.elf.dir/Core/Src/usart.c.obj
                0x20000ae0                hdma_usart2_rx
 .bss.hdma_usart1_tx
                0x20000b40       0x60 CMakeFiles/newcar_f407_zero.elf.dir/Core/Src/usart.c.obj
                0x20000b40                hdma_usart1_tx
 .bss.hdma_uart5_tx
                0x20000ba0       0x60 CMakeFiles/newcar_f407_zero.elf.dir/Core/Src/usart.c.obj
                0x20000ba0                hdma_uart5_tx
 .bss.hdma_uart5_rx
                0x20000c00       0x60 CMakeFiles/newcar_f407_zero.elf.dir/Core/Src/usart.c.obj
                0x20000c00                hdma_uart5_rx
 .bss.hdma_uart4_tx
                0x20000c60       0x60 CMakeFiles/newcar_f407_zero.elf.dir/Core/Src/usart.c.obj
                0x20000c60                hdma_uart4_tx
 .bss.hdma_uart4_rx
                0x20000cc0       0x60 CMakeFiles/newcar_f407_zero.elf.dir/Core/Src/usart.c.obj
                0x20000cc0                hdma_uart4_rx
 .bss.huart3    0x20000d20       0x48 CMakeFiles/newcar_f407_zero.elf.dir/Core/Src/usart.c.obj
                0x20000d20                huart3
 .bss.huart2    0x20000d68       0x48 CMakeFiles/newcar_f407_zero.elf.dir/Core/Src/usart.c.obj
                0x20000d68                huart2
 .bss.huart1    0x20000db0       0x48 CMakeFiles/newcar_f407_zero.elf.dir/Core/Src/usart.c.obj
                0x20000db0                huart1
 .bss.huart5    0x20000df8       0x48 CMakeFiles/newcar_f407_zero.elf.dir/Core/Src/usart.c.obj
                0x20000df8                huart5
 .bss.huart4    0x20000e40       0x48 CMakeFiles/newcar_f407_zero.elf.dir/Core/Src/usart.c.obj
                0x20000e40                huart4
 .bss.uwTick    0x20000e88        0x4 CMakeFiles/newcar_f407_zero.elf.dir/Drivers/STM32F4xx_HAL_Driver/Src/stm32f4xx_hal.c.obj
                0x20000e88                uwTick
 .bss._ZZ11can_SendCmdE9TxMailbox
                0x20000e8c        0x4 CMakeFiles/newcar_f407_zero.elf.dir/User_File/1_Middleware/1_Driver/CAN/drv_can.cpp.obj
 .bss.can       0x20000e90       0x78 CMakeFiles/newcar_f407_zero.elf.dir/User_File/1_Middleware/1_Driver/CAN/drv_can.cpp.obj
                0x20000e90                can
 .bss.TIM14_Manage_Object
                0x20000f08        0x8 CMakeFiles/newcar_f407_zero.elf.dir/User_File/1_Middleware/1_Driver/TIM/drv_tim.cpp.obj
                0x20000f08                TIM14_Manage_Object
 .bss.TIM13_Manage_Object
                0x20000f10        0x8 CMakeFiles/newcar_f407_zero.elf.dir/User_File/1_Middleware/1_Driver/TIM/drv_tim.cpp.obj
                0x20000f10                TIM13_Manage_Object
 .bss.TIM12_Manage_Object
                0x20000f18        0x8 CMakeFiles/newcar_f407_zero.elf.dir/User_File/1_Middleware/1_Driver/TIM/drv_tim.cpp.obj
                0x20000f18                TIM12_Manage_Object
 .bss.TIM11_Manage_Object
                0x20000f20        0x8 CMakeFiles/newcar_f407_zero.elf.dir/User_File/1_Middleware/1_Driver/TIM/drv_tim.cpp.obj
                0x20000f20                TIM11_Manage_Object
 .bss.TIM10_Manage_Object
                0x20000f28        0x8 CMakeFiles/newcar_f407_zero.elf.dir/User_File/1_Middleware/1_Driver/TIM/drv_tim.cpp.obj
                0x20000f28                TIM10_Manage_Object
 .bss.TIM9_Manage_Object
                0x20000f30        0x8 CMakeFiles/newcar_f407_zero.elf.dir/User_File/1_Middleware/1_Driver/TIM/drv_tim.cpp.obj
                0x20000f30                TIM9_Manage_Object
 .bss.TIM8_Manage_Object
                0x20000f38        0x8 CMakeFiles/newcar_f407_zero.elf.dir/User_File/1_Middleware/1_Driver/TIM/drv_tim.cpp.obj
                0x20000f38                TIM8_Manage_Object
 .bss.TIM7_Manage_Object
                0x20000f40        0x8 CMakeFiles/newcar_f407_zero.elf.dir/User_File/1_Middleware/1_Driver/TIM/drv_tim.cpp.obj
                0x20000f40                TIM7_Manage_Object
 .bss.TIM6_Manage_Object
                0x20000f48        0x8 CMakeFiles/newcar_f407_zero.elf.dir/User_File/1_Middleware/1_Driver/TIM/drv_tim.cpp.obj
                0x20000f48                TIM6_Manage_Object
 .bss.TIM5_Manage_Object
                0x20000f50        0x8 CMakeFiles/newcar_f407_zero.elf.dir/User_File/1_Middleware/1_Driver/TIM/drv_tim.cpp.obj
                0x20000f50                TIM5_Manage_Object
 .bss.TIM4_Manage_Object
                0x20000f58        0x8 CMakeFiles/newcar_f407_zero.elf.dir/User_File/1_Middleware/1_Driver/TIM/drv_tim.cpp.obj
                0x20000f58                TIM4_Manage_Object
 .bss.TIM3_Manage_Object
                0x20000f60        0x8 CMakeFiles/newcar_f407_zero.elf.dir/User_File/1_Middleware/1_Driver/TIM/drv_tim.cpp.obj
                0x20000f60                TIM3_Manage_Object
 .bss.TIM2_Manage_Object
                0x20000f68        0x8 CMakeFiles/newcar_f407_zero.elf.dir/User_File/1_Middleware/1_Driver/TIM/drv_tim.cpp.obj
                0x20000f68                TIM2_Manage_Object
 .bss.TIM1_Manage_Object
                0x20000f70        0x8 CMakeFiles/newcar_f407_zero.elf.dir/User_File/1_Middleware/1_Driver/TIM/drv_tim.cpp.obj
                0x20000f70                TIM1_Manage_Object
 .bss.UART6_Manage_Object
                0x20000f78      0x40c CMakeFiles/newcar_f407_zero.elf.dir/User_File/1_Middleware/1_Driver/UART/drv_uart.cpp.obj
                0x20000f78                UART6_Manage_Object
 .bss.UART5_Manage_Object
                0x20001384      0x40c CMakeFiles/newcar_f407_zero.elf.dir/User_File/1_Middleware/1_Driver/UART/drv_uart.cpp.obj
                0x20001384                UART5_Manage_Object
 .bss.UART4_Manage_Object
                0x20001790      0x40c CMakeFiles/newcar_f407_zero.elf.dir/User_File/1_Middleware/1_Driver/UART/drv_uart.cpp.obj
                0x20001790                UART4_Manage_Object
 .bss.UART3_Manage_Object
                0x20001b9c      0x40c CMakeFiles/newcar_f407_zero.elf.dir/User_File/1_Middleware/1_Driver/UART/drv_uart.cpp.obj
                0x20001b9c                UART3_Manage_Object
 .bss.UART2_Manage_Object
                0x20001fa8      0x40c CMakeFiles/newcar_f407_zero.elf.dir/User_File/1_Middleware/1_Driver/UART/drv_uart.cpp.obj
                0x20001fa8                UART2_Manage_Object
 .bss.UART1_Manage_Object
                0x200023b4      0x40c CMakeFiles/newcar_f407_zero.elf.dir/User_File/1_Middleware/1_Driver/UART/drv_uart.cpp.obj
                0x200023b4                UART1_Manage_Object
 *(COMMON)
                0x200027c0                        . = ALIGN (0x4)
                0x200027c0                        _ebss = .
                0x200027c0                        __bss_end__ = _ebss

._user_heap_stack
                0x200027c0      0x600
                0x200027c0                        . = ALIGN (0x8)
                [!provide]                        PROVIDE (end = .)
                0x200027c0                        PROVIDE (_end = .)
                0x200029c0                        . = (. + _Min_Heap_Size)
 *fill*         0x200027c0      0x200 
                0x20002dc0                        . = (. + _Min_Stack_Size)
 *fill*         0x200029c0      0x400 
                0x20002dc0                        . = ALIGN (0x8)

/DISCARD/
 libc.a(*)
 libm.a(*)
 libgcc.a(*)

.ARM.attributes
                0x00000000       0x30
 *(.ARM.attributes)
 .ARM.attributes
                0x00000000       0x22 C:/msys64/mingw64/bin/../lib/gcc/arm-none-eabi/13.3.0/thumb/v7e-m+fp/hard/crti.o
 .ARM.attributes
                0x00000022       0x34 C:/msys64/mingw64/bin/../lib/gcc/arm-none-eabi/13.3.0/thumb/v7e-m+fp/hard/crtbegin.o
 .ARM.attributes
                0x00000056       0x30 CMakeFiles/newcar_f407_zero.elf.dir/Core/Src/can.c.obj
 .ARM.attributes
                0x00000086       0x30 CMakeFiles/newcar_f407_zero.elf.dir/Core/Src/dma.c.obj
 .ARM.attributes
                0x000000b6       0x30 CMakeFiles/newcar_f407_zero.elf.dir/Core/Src/gpio.c.obj
 .ARM.attributes
                0x000000e6       0x30 CMakeFiles/newcar_f407_zero.elf.dir/Core/Src/main.c.obj
 .ARM.attributes
                0x00000116       0x30 CMakeFiles/newcar_f407_zero.elf.dir/Core/Src/stm32f4xx_hal_msp.c.obj
 .ARM.attributes
                0x00000146       0x30 CMakeFiles/newcar_f407_zero.elf.dir/Core/Src/stm32f4xx_it.c.obj
 .ARM.attributes
                0x00000176       0x30 CMakeFiles/newcar_f407_zero.elf.dir/Core/Src/system_stm32f4xx.c.obj
 .ARM.attributes
                0x000001a6       0x30 CMakeFiles/newcar_f407_zero.elf.dir/Core/Src/tim.c.obj
 .ARM.attributes
                0x000001d6       0x30 CMakeFiles/newcar_f407_zero.elf.dir/Core/Src/usart.c.obj
 .ARM.attributes
                0x00000206       0x21 CMakeFiles/newcar_f407_zero.elf.dir/Core/Startup/startup_stm32f407vetx.s.obj
 .ARM.attributes
                0x00000227       0x30 CMakeFiles/newcar_f407_zero.elf.dir/Drivers/STM32F4xx_HAL_Driver/Src/stm32f4xx_hal.c.obj
 .ARM.attributes
                0x00000257       0x30 CMakeFiles/newcar_f407_zero.elf.dir/Drivers/STM32F4xx_HAL_Driver/Src/stm32f4xx_hal_can.c.obj
 .ARM.attributes
                0x00000287       0x30 CMakeFiles/newcar_f407_zero.elf.dir/Drivers/STM32F4xx_HAL_Driver/Src/stm32f4xx_hal_cortex.c.obj
 .ARM.attributes
                0x000002b7       0x30 CMakeFiles/newcar_f407_zero.elf.dir/Drivers/STM32F4xx_HAL_Driver/Src/stm32f4xx_hal_dma.c.obj
 .ARM.attributes
                0x000002e7       0x30 CMakeFiles/newcar_f407_zero.elf.dir/Drivers/STM32F4xx_HAL_Driver/Src/stm32f4xx_hal_gpio.c.obj
 .ARM.attributes
                0x00000317       0x30 CMakeFiles/newcar_f407_zero.elf.dir/Drivers/STM32F4xx_HAL_Driver/Src/stm32f4xx_hal_rcc.c.obj
 .ARM.attributes
                0x00000347       0x30 CMakeFiles/newcar_f407_zero.elf.dir/Drivers/STM32F4xx_HAL_Driver/Src/stm32f4xx_hal_tim.c.obj
 .ARM.attributes
                0x00000377       0x30 CMakeFiles/newcar_f407_zero.elf.dir/Drivers/STM32F4xx_HAL_Driver/Src/stm32f4xx_hal_tim_ex.c.obj
 .ARM.attributes
                0x000003a7       0x30 CMakeFiles/newcar_f407_zero.elf.dir/Drivers/STM32F4xx_HAL_Driver/Src/stm32f4xx_hal_uart.c.obj
 .ARM.attributes
                0x000003d7       0x30 CMakeFiles/newcar_f407_zero.elf.dir/User_File/1_Middleware/1_Driver/CAN/drv_can.cpp.obj
 .ARM.attributes
                0x00000407       0x30 CMakeFiles/newcar_f407_zero.elf.dir/User_File/1_Middleware/1_Driver/TIM/drv_tim.cpp.obj
 .ARM.attributes
                0x00000437       0x30 CMakeFiles/newcar_f407_zero.elf.dir/User_File/1_Middleware/1_Driver/UART/drv_uart.cpp.obj
 .ARM.attributes
                0x00000467       0x30 CMakeFiles/newcar_f407_zero.elf.dir/User_File/2_Device/Motor/Motor_ZDT42/ZDT_X42_V2.c.obj
 .ARM.attributes
                0x00000497       0x34 D:\Desktop\newCarryCar\newcar_f407_zero\Middlewares\ST\ARM\DSP\Lib\libarm_cortexM4lf_math.a(arm_sin_f32.o)
 .ARM.attributes
                0x000004cb       0x39 D:\Desktop\newCarryCar\newcar_f407_zero\Middlewares\ST\ARM\DSP\Lib\libarm_cortexM4lf_math.a(arm_common_tables.o)
 .ARM.attributes
                0x00000504       0x22 C:/msys64/mingw64/bin/../lib/gcc/arm-none-eabi/13.3.0/thumb/v7e-m+fp/hard\libgcc.a(_arm_addsubdf3.o)
 .ARM.attributes
                0x00000526       0x22 C:/msys64/mingw64/bin/../lib/gcc/arm-none-eabi/13.3.0/thumb/v7e-m+fp/hard\libgcc.a(_arm_truncdfsf2.o)
 .ARM.attributes
                0x00000548       0x22 C:/msys64/mingw64/bin/../lib/gcc/arm-none-eabi/13.3.0/thumb/v7e-m+fp/hard\libgcc.a(_aeabi_uldivmod.o)
 .ARM.attributes
                0x0000056a       0x34 C:/msys64/mingw64/bin/../lib/gcc/arm-none-eabi/13.3.0/thumb/v7e-m+fp/hard\libgcc.a(_udivmoddi4.o)
 .ARM.attributes
                0x0000059e       0x34 C:/msys64/mingw64/bin/../lib/gcc/arm-none-eabi/13.3.0/thumb/v7e-m+fp/hard\libgcc.a(unwind-arm.o)
 .ARM.attributes
                0x000005d2       0x22 C:/msys64/mingw64/bin/../lib/gcc/arm-none-eabi/13.3.0/thumb/v7e-m+fp/hard\libgcc.a(libunwind.o)
 .ARM.attributes
                0x000005f4       0x34 C:/msys64/mingw64/bin/../lib/gcc/arm-none-eabi/13.3.0/thumb/v7e-m+fp/hard\libgcc.a(pr-support.o)
 .ARM.attributes
                0x00000628       0x22 C:/msys64/mingw64/bin/../lib/gcc/arm-none-eabi/13.3.0/thumb/v7e-m+fp/hard\libgcc.a(_dvmd_tls.o)
 .ARM.attributes
                0x0000064a       0x34 C:/msys64/mingw64/bin/../lib/gcc/arm-none-eabi/13.3.0/../../../../arm-none-eabi/lib/thumb/v7e-m+fp/hard\libg.a(libc_a-abort.o)
 .ARM.attributes
                0x0000067e       0x34 C:/msys64/mingw64/bin/../lib/gcc/arm-none-eabi/13.3.0/../../../../arm-none-eabi/lib/thumb/v7e-m+fp/hard\libg.a(libc_a-atexit.o)
 .ARM.attributes
                0x000006b2       0x34 C:/msys64/mingw64/bin/../lib/gcc/arm-none-eabi/13.3.0/../../../../arm-none-eabi/lib/thumb/v7e-m+fp/hard\libg.a(libc_a-findfp.o)
 .ARM.attributes
                0x000006e6       0x34 C:/msys64/mingw64/bin/../lib/gcc/arm-none-eabi/13.3.0/../../../../arm-none-eabi/lib/thumb/v7e-m+fp/hard\libg.a(libc_a-memset.o)
 .ARM.attributes
                0x0000071a       0x34 C:/msys64/mingw64/bin/../lib/gcc/arm-none-eabi/13.3.0/../../../../arm-none-eabi/lib/thumb/v7e-m+fp/hard\libg.a(libc_a-signal.o)
 .ARM.attributes
                0x0000074e       0x34 C:/msys64/mingw64/bin/../lib/gcc/arm-none-eabi/13.3.0/../../../../arm-none-eabi/lib/thumb/v7e-m+fp/hard\libg.a(libc_a-reent.o)
 .ARM.attributes
                0x00000782       0x34 C:/msys64/mingw64/bin/../lib/gcc/arm-none-eabi/13.3.0/../../../../arm-none-eabi/lib/thumb/v7e-m+fp/hard\libg.a(libc_a-impure.o)
 .ARM.attributes
                0x000007b6       0x34 C:/msys64/mingw64/bin/../lib/gcc/arm-none-eabi/13.3.0/../../../../arm-none-eabi/lib/thumb/v7e-m+fp/hard\libg.a(libc_a-signalr.o)
 .ARM.attributes
                0x000007ea       0x34 C:/msys64/mingw64/bin/../lib/gcc/arm-none-eabi/13.3.0/../../../../arm-none-eabi/lib/thumb/v7e-m+fp/hard\libg.a(libc_a-errno.o)
 .ARM.attributes
                0x0000081e       0x34 C:/msys64/mingw64/bin/../lib/gcc/arm-none-eabi/13.3.0/../../../../arm-none-eabi/lib/thumb/v7e-m+fp/hard\libg.a(libc_a-init.o)
 .ARM.attributes
                0x00000852       0x34 C:/msys64/mingw64/bin/../lib/gcc/arm-none-eabi/13.3.0/../../../../arm-none-eabi/lib/thumb/v7e-m+fp/hard\libg.a(libc_a-fini.o)
 .ARM.attributes
                0x00000886       0x34 C:/msys64/mingw64/bin/../lib/gcc/arm-none-eabi/13.3.0/../../../../arm-none-eabi/lib/thumb/v7e-m+fp/hard\libg.a(libc_a-lock.o)
 .ARM.attributes
                0x000008ba       0x20 C:/msys64/mingw64/bin/../lib/gcc/arm-none-eabi/13.3.0/../../../../arm-none-eabi/lib/thumb/v7e-m+fp/hard\libg.a(libc_a-memcpy.o)
 .ARM.attributes
                0x000008da       0x34 C:/msys64/mingw64/bin/../lib/gcc/arm-none-eabi/13.3.0/../../../../arm-none-eabi/lib/thumb/v7e-m+fp/hard\libg.a(libc_a-__atexit.o)
 .ARM.attributes
                0x0000090e       0x34 C:/msys64/mingw64/bin/../lib/gcc/arm-none-eabi/13.3.0/../../../../arm-none-eabi/lib/thumb/v7e-m+fp/hard\libg.a(libc_a-__call_atexit.o)
 .ARM.attributes
                0x00000942       0x34 C:/msys64/mingw64/bin/../lib/gcc/arm-none-eabi/13.3.0/../../../../arm-none-eabi/lib/thumb/v7e-m+fp/hard\libg.a(libc_a-freer.o)
 .ARM.attributes
                0x00000976       0x34 C:/msys64/mingw64/bin/../lib/gcc/arm-none-eabi/13.3.0/../../../../arm-none-eabi/lib/thumb/v7e-m+fp/hard\libg.a(libc_a-mallocr.o)
 .ARM.attributes
                0x000009aa       0x34 C:/msys64/mingw64/bin/../lib/gcc/arm-none-eabi/13.3.0/../../../../arm-none-eabi/lib/thumb/v7e-m+fp/hard\libg.a(libc_a-mlock.o)
 .ARM.attributes
                0x000009de       0x34 C:/msys64/mingw64/bin/../lib/gcc/arm-none-eabi/13.3.0/../../../../arm-none-eabi/lib/thumb/v7e-m+fp/hard\libg.a(libc_a-sbrkr.o)
 .ARM.attributes
                0x00000a12       0x34 C:/msys64/mingw64/bin/../lib/gcc/arm-none-eabi/13.3.0/../../../../arm-none-eabi/lib/thumb/v7e-m+fp/hard\libg.a(libc_a-sysconf.o)
 .ARM.attributes
                0x00000a46       0x22 C:/msys64/mingw64/bin/../lib/gcc/arm-none-eabi/13.3.0/thumb/v7e-m+fp/hard/crtn.o
OUTPUT(newcar_f407_zero.elf elf32-littlearm)
LOAD linker stubs
LOAD C:/msys64/mingw64/bin/../lib/gcc/arm-none-eabi/13.3.0/../../../../arm-none-eabi/lib/thumb/v7e-m+fp/hard\libc.a
LOAD C:/msys64/mingw64/bin/../lib/gcc/arm-none-eabi/13.3.0/../../../../arm-none-eabi/lib/thumb/v7e-m+fp/hard\libm.a
LOAD C:/msys64/mingw64/bin/../lib/gcc/arm-none-eabi/13.3.0/thumb/v7e-m+fp/hard\libgcc.a

.debug_info     0x00000000    0x25c51
 .debug_info    0x00000000      0xb5d CMakeFiles/newcar_f407_zero.elf.dir/Core/Src/can.c.obj
 .debug_info    0x00000b5d      0x948 CMakeFiles/newcar_f407_zero.elf.dir/Core/Src/dma.c.obj
 .debug_info    0x000014a5      0x4ea CMakeFiles/newcar_f407_zero.elf.dir/Core/Src/gpio.c.obj
 .debug_info    0x0000198f      0xc6a CMakeFiles/newcar_f407_zero.elf.dir/Core/Src/main.c.obj
 .debug_info    0x000025f9      0x268 CMakeFiles/newcar_f407_zero.elf.dir/Core/Src/stm32f4xx_hal_msp.c.obj
 .debug_info    0x00002861     0x1212 CMakeFiles/newcar_f407_zero.elf.dir/Core/Src/stm32f4xx_it.c.obj
 .debug_info    0x00003a73      0x527 CMakeFiles/newcar_f407_zero.elf.dir/Core/Src/system_stm32f4xx.c.obj
 .debug_info    0x00003f9a      0xdc4 CMakeFiles/newcar_f407_zero.elf.dir/Core/Src/tim.c.obj
 .debug_info    0x00004d5e     0x1293 CMakeFiles/newcar_f407_zero.elf.dir/Core/Src/usart.c.obj
 .debug_info    0x00005ff1       0x30 CMakeFiles/newcar_f407_zero.elf.dir/Core/Startup/startup_stm32f407vetx.s.obj
 .debug_info    0x00006021      0xa18 CMakeFiles/newcar_f407_zero.elf.dir/Drivers/STM32F4xx_HAL_Driver/Src/stm32f4xx_hal.c.obj
 .debug_info    0x00006a39     0x118f CMakeFiles/newcar_f407_zero.elf.dir/Drivers/STM32F4xx_HAL_Driver/Src/stm32f4xx_hal_can.c.obj
 .debug_info    0x00007bc8     0x101f CMakeFiles/newcar_f407_zero.elf.dir/Drivers/STM32F4xx_HAL_Driver/Src/stm32f4xx_hal_cortex.c.obj
 .debug_info    0x00008be7      0xb2a CMakeFiles/newcar_f407_zero.elf.dir/Drivers/STM32F4xx_HAL_Driver/Src/stm32f4xx_hal_dma.c.obj
 .debug_info    0x00009711      0x708 CMakeFiles/newcar_f407_zero.elf.dir/Drivers/STM32F4xx_HAL_Driver/Src/stm32f4xx_hal_gpio.c.obj
 .debug_info    0x00009e19      0xacd CMakeFiles/newcar_f407_zero.elf.dir/Drivers/STM32F4xx_HAL_Driver/Src/stm32f4xx_hal_rcc.c.obj
 .debug_info    0x0000a8e6     0x4e7b CMakeFiles/newcar_f407_zero.elf.dir/Drivers/STM32F4xx_HAL_Driver/Src/stm32f4xx_hal_tim.c.obj
 .debug_info    0x0000f761     0x1c12 CMakeFiles/newcar_f407_zero.elf.dir/Drivers/STM32F4xx_HAL_Driver/Src/stm32f4xx_hal_tim_ex.c.obj
 .debug_info    0x00011373     0x47b5 CMakeFiles/newcar_f407_zero.elf.dir/Drivers/STM32F4xx_HAL_Driver/Src/stm32f4xx_hal_uart.c.obj
 .debug_info    0x00015b28      0x941 CMakeFiles/newcar_f407_zero.elf.dir/User_File/1_Middleware/1_Driver/CAN/drv_can.cpp.obj
 .debug_info    0x00016469      0x8d6 CMakeFiles/newcar_f407_zero.elf.dir/User_File/1_Middleware/1_Driver/TIM/drv_tim.cpp.obj
 .debug_info    0x00016d3f      0xb3c CMakeFiles/newcar_f407_zero.elf.dir/User_File/1_Middleware/1_Driver/UART/drv_uart.cpp.obj
 .debug_info    0x0001787b      0xb1f CMakeFiles/newcar_f407_zero.elf.dir/User_File/2_Device/Motor/Motor_ZDT42/ZDT_X42_V2.c.obj
 .debug_info    0x0001839a     0x1874 D:\Desktop\newCarryCar\newcar_f407_zero\Middlewares\ST\ARM\DSP\Lib\libarm_cortexM4lf_math.a(arm_sin_f32.o)
 .debug_info    0x00019c0e     0x1e86 D:\Desktop\newCarryCar\newcar_f407_zero\Middlewares\ST\ARM\DSP\Lib\libarm_cortexM4lf_math.a(arm_common_tables.o)
 .debug_info    0x0001ba94       0xd3 C:/msys64/mingw64/bin/../lib/gcc/arm-none-eabi/13.3.0/thumb/v7e-m+fp/hard\libgcc.a(_arm_addsubdf3.o)
 .debug_info    0x0001bb67       0x3f C:/msys64/mingw64/bin/../lib/gcc/arm-none-eabi/13.3.0/thumb/v7e-m+fp/hard\libgcc.a(_arm_truncdfsf2.o)
 .debug_info    0x0001bba6       0x24 C:/msys64/mingw64/bin/../lib/gcc/arm-none-eabi/13.3.0/thumb/v7e-m+fp/hard\libgcc.a(_aeabi_uldivmod.o)
 .debug_info    0x0001bbca      0x703 C:/msys64/mingw64/bin/../lib/gcc/arm-none-eabi/13.3.0/thumb/v7e-m+fp/hard\libgcc.a(_udivmoddi4.o)
 .debug_info    0x0001c2cd     0x1eb9 C:/msys64/mingw64/bin/../lib/gcc/arm-none-eabi/13.3.0/thumb/v7e-m+fp/hard\libgcc.a(unwind-arm.o)
 .debug_info    0x0001e186       0xb7 C:/msys64/mingw64/bin/../lib/gcc/arm-none-eabi/13.3.0/thumb/v7e-m+fp/hard\libgcc.a(libunwind.o)
 .debug_info    0x0001e23d      0x960 C:/msys64/mingw64/bin/../lib/gcc/arm-none-eabi/13.3.0/thumb/v7e-m+fp/hard\libgcc.a(pr-support.o)
 .debug_info    0x0001eb9d       0x3c C:/msys64/mingw64/bin/../lib/gcc/arm-none-eabi/13.3.0/thumb/v7e-m+fp/hard\libgcc.a(_dvmd_tls.o)
 .debug_info    0x0001ebd9       0xd8 C:/msys64/mingw64/bin/../lib/gcc/arm-none-eabi/13.3.0/../../../../arm-none-eabi/lib/thumb/v7e-m+fp/hard\libg.a(libc_a-abort.o)
 .debug_info    0x0001ecb1      0x118 C:/msys64/mingw64/bin/../lib/gcc/arm-none-eabi/13.3.0/../../../../arm-none-eabi/lib/thumb/v7e-m+fp/hard\libg.a(libc_a-atexit.o)
 .debug_info    0x0001edc9     0x10da C:/msys64/mingw64/bin/../lib/gcc/arm-none-eabi/13.3.0/../../../../arm-none-eabi/lib/thumb/v7e-m+fp/hard\libg.a(libc_a-findfp.o)
 .debug_info    0x0001fea3      0x135 C:/msys64/mingw64/bin/../lib/gcc/arm-none-eabi/13.3.0/../../../../arm-none-eabi/lib/thumb/v7e-m+fp/hard\libg.a(libc_a-memset.o)
 .debug_info    0x0001ffd8      0xc4f C:/msys64/mingw64/bin/../lib/gcc/arm-none-eabi/13.3.0/../../../../arm-none-eabi/lib/thumb/v7e-m+fp/hard\libg.a(libc_a-signal.o)
 .debug_info    0x00020c27      0x835 C:/msys64/mingw64/bin/../lib/gcc/arm-none-eabi/13.3.0/../../../../arm-none-eabi/lib/thumb/v7e-m+fp/hard\libg.a(libc_a-reent.o)
 .debug_info    0x0002145c      0x733 C:/msys64/mingw64/bin/../lib/gcc/arm-none-eabi/13.3.0/../../../../arm-none-eabi/lib/thumb/v7e-m+fp/hard\libg.a(libc_a-impure.o)
 .debug_info    0x00021b8f      0x7fb C:/msys64/mingw64/bin/../lib/gcc/arm-none-eabi/13.3.0/../../../../arm-none-eabi/lib/thumb/v7e-m+fp/hard\libg.a(libc_a-signalr.o)
 .debug_info    0x0002238a      0x719 C:/msys64/mingw64/bin/../lib/gcc/arm-none-eabi/13.3.0/../../../../arm-none-eabi/lib/thumb/v7e-m+fp/hard\libg.a(libc_a-errno.o)
 .debug_info    0x00022aa3      0x10b C:/msys64/mingw64/bin/../lib/gcc/arm-none-eabi/13.3.0/../../../../arm-none-eabi/lib/thumb/v7e-m+fp/hard\libg.a(libc_a-init.o)
 .debug_info    0x00022bae       0xf7 C:/msys64/mingw64/bin/../lib/gcc/arm-none-eabi/13.3.0/../../../../arm-none-eabi/lib/thumb/v7e-m+fp/hard\libg.a(libc_a-fini.o)
 .debug_info    0x00022ca5      0x20a C:/msys64/mingw64/bin/../lib/gcc/arm-none-eabi/13.3.0/../../../../arm-none-eabi/lib/thumb/v7e-m+fp/hard\libg.a(libc_a-lock.o)
 .debug_info    0x00022eaf       0x33 C:/msys64/mingw64/bin/../lib/gcc/arm-none-eabi/13.3.0/../../../../arm-none-eabi/lib/thumb/v7e-m+fp/hard\libg.a(libc_a-memcpy.o)
 .debug_info    0x00022ee2      0x25f C:/msys64/mingw64/bin/../lib/gcc/arm-none-eabi/13.3.0/../../../../arm-none-eabi/lib/thumb/v7e-m+fp/hard\libg.a(libc_a-__atexit.o)
 .debug_info    0x00023141      0x2dd C:/msys64/mingw64/bin/../lib/gcc/arm-none-eabi/13.3.0/../../../../arm-none-eabi/lib/thumb/v7e-m+fp/hard\libg.a(libc_a-__call_atexit.o)
 .debug_info    0x0002341e      0xb53 C:/msys64/mingw64/bin/../lib/gcc/arm-none-eabi/13.3.0/../../../../arm-none-eabi/lib/thumb/v7e-m+fp/hard\libg.a(libc_a-freer.o)
 .debug_info    0x00023f71      0xcfc C:/msys64/mingw64/bin/../lib/gcc/arm-none-eabi/13.3.0/../../../../arm-none-eabi/lib/thumb/v7e-m+fp/hard\libg.a(libc_a-mallocr.o)
 .debug_info    0x00024c6d      0x789 C:/msys64/mingw64/bin/../lib/gcc/arm-none-eabi/13.3.0/../../../../arm-none-eabi/lib/thumb/v7e-m+fp/hard\libg.a(libc_a-mlock.o)
 .debug_info    0x000253f6      0x79a C:/msys64/mingw64/bin/../lib/gcc/arm-none-eabi/13.3.0/../../../../arm-none-eabi/lib/thumb/v7e-m+fp/hard\libg.a(libc_a-sbrkr.o)
 .debug_info    0x00025b90       0xc1 C:/msys64/mingw64/bin/../lib/gcc/arm-none-eabi/13.3.0/../../../../arm-none-eabi/lib/thumb/v7e-m+fp/hard\libg.a(libc_a-sysconf.o)

.debug_abbrev   0x00000000     0x6636
 .debug_abbrev  0x00000000      0x24a CMakeFiles/newcar_f407_zero.elf.dir/Core/Src/can.c.obj
 .debug_abbrev  0x0000024a      0x1d7 CMakeFiles/newcar_f407_zero.elf.dir/Core/Src/dma.c.obj
 .debug_abbrev  0x00000421      0x16d CMakeFiles/newcar_f407_zero.elf.dir/Core/Src/gpio.c.obj
 .debug_abbrev  0x0000058e      0x2d9 CMakeFiles/newcar_f407_zero.elf.dir/Core/Src/main.c.obj
 .debug_abbrev  0x00000867       0xd4 CMakeFiles/newcar_f407_zero.elf.dir/Core/Src/stm32f4xx_hal_msp.c.obj
 .debug_abbrev  0x0000093b      0x28d CMakeFiles/newcar_f407_zero.elf.dir/Core/Src/stm32f4xx_it.c.obj
 .debug_abbrev  0x00000bc8      0x11e CMakeFiles/newcar_f407_zero.elf.dir/Core/Src/system_stm32f4xx.c.obj
 .debug_abbrev  0x00000ce6      0x233 CMakeFiles/newcar_f407_zero.elf.dir/Core/Src/tim.c.obj
 .debug_abbrev  0x00000f19      0x2b7 CMakeFiles/newcar_f407_zero.elf.dir/Core/Src/usart.c.obj
 .debug_abbrev  0x000011d0       0x24 CMakeFiles/newcar_f407_zero.elf.dir/Core/Startup/startup_stm32f407vetx.s.obj
 .debug_abbrev  0x000011f4      0x283 CMakeFiles/newcar_f407_zero.elf.dir/Drivers/STM32F4xx_HAL_Driver/Src/stm32f4xx_hal.c.obj
 .debug_abbrev  0x00001477      0x2ef CMakeFiles/newcar_f407_zero.elf.dir/Drivers/STM32F4xx_HAL_Driver/Src/stm32f4xx_hal_can.c.obj
 .debug_abbrev  0x00001766      0x386 CMakeFiles/newcar_f407_zero.elf.dir/Drivers/STM32F4xx_HAL_Driver/Src/stm32f4xx_hal_cortex.c.obj
 .debug_abbrev  0x00001aec      0x335 CMakeFiles/newcar_f407_zero.elf.dir/Drivers/STM32F4xx_HAL_Driver/Src/stm32f4xx_hal_dma.c.obj
 .debug_abbrev  0x00001e21      0x213 CMakeFiles/newcar_f407_zero.elf.dir/Drivers/STM32F4xx_HAL_Driver/Src/stm32f4xx_hal_gpio.c.obj
 .debug_abbrev  0x00002034      0x350 CMakeFiles/newcar_f407_zero.elf.dir/Drivers/STM32F4xx_HAL_Driver/Src/stm32f4xx_hal_rcc.c.obj
 .debug_abbrev  0x00002384      0x37e CMakeFiles/newcar_f407_zero.elf.dir/Drivers/STM32F4xx_HAL_Driver/Src/stm32f4xx_hal_tim.c.obj
 .debug_abbrev  0x00002702      0x38c CMakeFiles/newcar_f407_zero.elf.dir/Drivers/STM32F4xx_HAL_Driver/Src/stm32f4xx_hal_tim_ex.c.obj
 .debug_abbrev  0x00002a8e      0x434 CMakeFiles/newcar_f407_zero.elf.dir/Drivers/STM32F4xx_HAL_Driver/Src/stm32f4xx_hal_uart.c.obj
 .debug_abbrev  0x00002ec2      0x205 CMakeFiles/newcar_f407_zero.elf.dir/User_File/1_Middleware/1_Driver/CAN/drv_can.cpp.obj
 .debug_abbrev  0x000030c7      0x1af CMakeFiles/newcar_f407_zero.elf.dir/User_File/1_Middleware/1_Driver/TIM/drv_tim.cpp.obj
 .debug_abbrev  0x00003276      0x258 CMakeFiles/newcar_f407_zero.elf.dir/User_File/1_Middleware/1_Driver/UART/drv_uart.cpp.obj
 .debug_abbrev  0x000034ce      0x239 CMakeFiles/newcar_f407_zero.elf.dir/User_File/2_Device/Motor/Motor_ZDT42/ZDT_X42_V2.c.obj
 .debug_abbrev  0x00003707      0x22c D:\Desktop\newCarryCar\newcar_f407_zero\Middlewares\ST\ARM\DSP\Lib\libarm_cortexM4lf_math.a(arm_sin_f32.o)
 .debug_abbrev  0x00003933      0x1ec D:\Desktop\newCarryCar\newcar_f407_zero\Middlewares\ST\ARM\DSP\Lib\libarm_cortexM4lf_math.a(arm_common_tables.o)
 .debug_abbrev  0x00003b1f       0x28 C:/msys64/mingw64/bin/../lib/gcc/arm-none-eabi/13.3.0/thumb/v7e-m+fp/hard\libgcc.a(_arm_addsubdf3.o)
 .debug_abbrev  0x00003b47       0x28 C:/msys64/mingw64/bin/../lib/gcc/arm-none-eabi/13.3.0/thumb/v7e-m+fp/hard\libgcc.a(_arm_truncdfsf2.o)
 .debug_abbrev  0x00003b6f       0x14 C:/msys64/mingw64/bin/../lib/gcc/arm-none-eabi/13.3.0/thumb/v7e-m+fp/hard\libgcc.a(_aeabi_uldivmod.o)
 .debug_abbrev  0x00003b83      0x16a C:/msys64/mingw64/bin/../lib/gcc/arm-none-eabi/13.3.0/thumb/v7e-m+fp/hard\libgcc.a(_udivmoddi4.o)
 .debug_abbrev  0x00003ced      0x493 C:/msys64/mingw64/bin/../lib/gcc/arm-none-eabi/13.3.0/thumb/v7e-m+fp/hard\libgcc.a(unwind-arm.o)
 .debug_abbrev  0x00004180       0x28 C:/msys64/mingw64/bin/../lib/gcc/arm-none-eabi/13.3.0/thumb/v7e-m+fp/hard\libgcc.a(libunwind.o)
 .debug_abbrev  0x000041a8      0x2f0 C:/msys64/mingw64/bin/../lib/gcc/arm-none-eabi/13.3.0/thumb/v7e-m+fp/hard\libgcc.a(pr-support.o)
 .debug_abbrev  0x00004498       0x26 C:/msys64/mingw64/bin/../lib/gcc/arm-none-eabi/13.3.0/thumb/v7e-m+fp/hard\libgcc.a(_dvmd_tls.o)
 .debug_abbrev  0x000044be       0x99 C:/msys64/mingw64/bin/../lib/gcc/arm-none-eabi/13.3.0/../../../../arm-none-eabi/lib/thumb/v7e-m+fp/hard\libg.a(libc_a-abort.o)