Archive member included to satisfy reference by file (symbol)

D:\Desktop\new_carrycar\newcar_f407_zero\Middlewares\ST\ARM\DSP\Lib\libarm_cortexM4lf_math.a(arm_sin_f32.o)
                              CMakeFiles/newcar_f407_zero.elf.dir/Core/Src/main.c.obj (arm_sin_f32)
D:\Desktop\new_carrycar\newcar_f407_zero\Middlewares\ST\ARM\DSP\Lib\libarm_cortexM4lf_math.a(arm_common_tables.o)
                              D:\Desktop\new_carrycar\newcar_f407_zero\Middlewares\ST\ARM\DSP\Lib\libarm_cortexM4lf_math.a(arm_sin_f32.o) (sinTable_f32)
C:/msys64/mingw64/bin/../lib/gcc/arm-none-eabi/13.3.0/thumb/v7e-m+fp/hard\libgcc.a(_arm_addsubdf3.o)
                              CMakeFiles/newcar_f407_zero.elf.dir/Core/Src/main.c.obj (__aeabi_dadd)
C:/msys64/mingw64/bin/../lib/gcc/arm-none-eabi/13.3.0/thumb/v7e-m+fp/hard\libgcc.a(_arm_truncdfsf2.o)
                              CMakeFiles/newcar_f407_zero.elf.dir/Core/Src/main.c.obj (__aeabi_d2f)
C:/msys64/mingw64/bin/../lib/gcc/arm-none-eabi/13.3.0/thumb/v7e-m+fp/hard\libgcc.a(_aeabi_ldivmod.o)
                              CMakeFiles/newcar_f407_zero.elf.dir/Drivers/STM32F4xx_HAL_Driver/Src/stm32f4xx_hal_rcc.c.obj (__aeabi_ldivmod)
C:/msys64/mingw64/bin/../lib/gcc/arm-none-eabi/13.3.0/thumb/v7e-m+fp/hard\libgcc.a(_aeabi_uldivmod.o)
                              CMakeFiles/newcar_f407_zero.elf.dir/Drivers/STM32F4xx_HAL_Driver/Src/stm32f4xx_hal_rcc.c.obj (__aeabi_uldivmod)
C:/msys64/mingw64/bin/../lib/gcc/arm-none-eabi/13.3.0/thumb/v7e-m+fp/hard\libgcc.a(_udivmoddi4.o)
                              C:/msys64/mingw64/bin/../lib/gcc/arm-none-eabi/13.3.0/thumb/v7e-m+fp/hard\libgcc.a(_aeabi_ldivmod.o) (__udivmoddi4)
C:/msys64/mingw64/bin/../lib/gcc/arm-none-eabi/13.3.0/thumb/v7e-m+fp/hard\libgcc.a(unwind-arm.o)
                              CMakeFiles/newcar_f407_zero.elf.dir/User_File/1_Middleware/1_Driver/CAN/drv_can.cpp.obj (__aeabi_unwind_cpp_pr0)
C:/msys64/mingw64/bin/../lib/gcc/arm-none-eabi/13.3.0/thumb/v7e-m+fp/hard\libgcc.a(libunwind.o)
                              C:/msys64/mingw64/bin/../lib/gcc/arm-none-eabi/13.3.0/thumb/v7e-m+fp/hard\libgcc.a(unwind-arm.o) (restore_core_regs)
C:/msys64/mingw64/bin/../lib/gcc/arm-none-eabi/13.3.0/thumb/v7e-m+fp/hard\libgcc.a(pr-support.o)
                              C:/msys64/mingw64/bin/../lib/gcc/arm-none-eabi/13.3.0/thumb/v7e-m+fp/hard\libgcc.a(unwind-arm.o) (__gnu_unwind_execute)
C:/msys64/mingw64/bin/../lib/gcc/arm-none-eabi/13.3.0/thumb/v7e-m+fp/hard\libgcc.a(_dvmd_tls.o)
                              C:/msys64/mingw64/bin/../lib/gcc/arm-none-eabi/13.3.0/thumb/v7e-m+fp/hard\libgcc.a(_aeabi_ldivmod.o) (__aeabi_ldiv0)
C:/msys64/mingw64/bin/../lib/gcc/arm-none-eabi/13.3.0/../../../../arm-none-eabi/lib/thumb/v7e-m+fp/hard\libg.a(libc_a-abort.o)
                              C:/msys64/mingw64/bin/../lib/gcc/arm-none-eabi/13.3.0/thumb/v7e-m+fp/hard\libgcc.a(unwind-arm.o) (abort)
C:/msys64/mingw64/bin/../lib/gcc/arm-none-eabi/13.3.0/../../../../arm-none-eabi/lib/thumb/v7e-m+fp/hard\libg.a(libc_a-atexit.o)
                              C:/msys64/mingw64/bin/../lib/gcc/arm-none-eabi/13.3.0/../../../../arm-none-eabi/lib/thumb/v7e-m+fp/hard/crt0.o (atexit)
C:/msys64/mingw64/bin/../lib/gcc/arm-none-eabi/13.3.0/../../../../arm-none-eabi/lib/thumb/v7e-m+fp/hard\libg.a(libc_a-exit.o)
                              C:/msys64/mingw64/bin/../lib/gcc/arm-none-eabi/13.3.0/../../../../arm-none-eabi/lib/thumb/v7e-m+fp/hard/crt0.o (exit)
C:/msys64/mingw64/bin/../lib/gcc/arm-none-eabi/13.3.0/../../../../arm-none-eabi/lib/thumb/v7e-m+fp/hard\libg.a(libc_a-findfp.o)
                              C:/msys64/mingw64/bin/../lib/gcc/arm-none-eabi/13.3.0/../../../../arm-none-eabi/lib/thumb/v7e-m+fp/hard\libg.a(libc_a-exit.o) (__stdio_exit_handler)
C:/msys64/mingw64/bin/../lib/gcc/arm-none-eabi/13.3.0/../../../../arm-none-eabi/lib/thumb/v7e-m+fp/hard\libg.a(libc_a-fwalk.o)
                              C:/msys64/mingw64/bin/../lib/gcc/arm-none-eabi/13.3.0/../../../../arm-none-eabi/lib/thumb/v7e-m+fp/hard\libg.a(libc_a-findfp.o) (_fwalk_sglue)
C:/msys64/mingw64/bin/../lib/gcc/arm-none-eabi/13.3.0/../../../../arm-none-eabi/lib/thumb/v7e-m+fp/hard\libg.a(libc_a-stdio.o)
                              C:/msys64/mingw64/bin/../lib/gcc/arm-none-eabi/13.3.0/../../../../arm-none-eabi/lib/thumb/v7e-m+fp/hard\libg.a(libc_a-findfp.o) (__sread)
C:/msys64/mingw64/bin/../lib/gcc/arm-none-eabi/13.3.0/../../../../arm-none-eabi/lib/thumb/v7e-m+fp/hard\libg.a(libc_a-vsnprintf.o)
                              CMakeFiles/newcar_f407_zero.elf.dir/User_File/2_Device/Vofa/vofa.c.obj (vsnprintf)
C:/msys64/mingw64/bin/../lib/gcc/arm-none-eabi/13.3.0/../../../../arm-none-eabi/lib/thumb/v7e-m+fp/hard\libg.a(libc_a-memset.o)
                              C:/msys64/mingw64/bin/../lib/gcc/arm-none-eabi/13.3.0/../../../../arm-none-eabi/lib/thumb/v7e-m+fp/hard/crt0.o (memset)
[...]
Memory Configuration

Name             Origin             Length             Attributes
CCMRAM           0x10000000         0x00010000         xrw
RAM              0x20000000         0x00020000         xrw
FLASH            0x08000000         0x00080000         xr
*default*        0x00000000         0xffffffff

Linker script and memory map

LOAD C:/msys64/mingw64/bin/../lib/gcc/arm-none-eabi/13.3.0/thumb/v7e-m+fp/hard/crti.o
LOAD C:/msys64/mingw64/bin/../lib/gcc/arm-none-eabi/13.3.0/thumb/v7e-m+fp/hard/crtbegin.o
LOAD C:/msys64/mingw64/bin/../lib/gcc/arm-none-eabi/13.3.0/../../../../arm-none-eabi/lib/thumb/v7e-m+fp/hard/crt0.o
LOAD CMakeFiles/newcar_f407_zero.elf.dir/Core/Src/can.c.obj
LOAD CMakeFiles/newcar_f407_zero.elf.dir/Core/Src/dma.c.obj
LOAD CMakeFiles/newcar_f407_zero.elf.dir/Core/Src/gpio.c.obj
LOAD CMakeFiles/newcar_f407_zero.elf.dir/Core/Src/iwdg.c.obj
LOAD CMakeFiles/newcar_f407_zero.elf.dir/Core/Src/main.c.obj
LOAD CMakeFiles/newcar_f407_zero.elf.dir/Core/Src/stm32f4xx_hal_msp.c.obj
LOAD CMakeFiles/newcar_f407_zero.elf.dir/Core/Src/stm32f4xx_it.c.obj
LOAD CMakeFiles/newcar_f407_zero.elf.dir/Core/Src/syscalls.c.obj
LOAD CMakeFiles/newcar_f407_zero.elf.dir/Core/Src/sysmem.c.obj
LOAD CMakeFiles/newcar_f407_zero.elf.dir/Core/Src/system_stm32f4xx.c.obj
LOAD CMakeFiles/newcar_f407_zero.elf.dir/Core/Src/tim.c.obj
LOAD CMakeFiles/newcar_f407_zero.elf.dir/Core/Src/usart.c.obj
LOAD CMakeFiles/newcar_f407_zero.elf.dir/Core/Startup/startup_stm32f407vetx.s.obj
LOAD CMakeFiles/newcar_f407_zero.elf.dir/Drivers/STM32F4xx_HAL_Driver/Src/stm32f4xx_hal.c.obj
LOAD CMakeFiles/newcar_f407_zero.elf.dir/Drivers/STM32F4xx_HAL_Driver/Src/stm32f4xx_hal_can.c.obj
LOAD CMakeFiles/newcar_f407_zero.elf.dir/Drivers/STM32F4xx_HAL_Driver/Src/stm32f4xx_hal_cortex.c.obj
LOAD CMakeFiles/newcar_f407_zero.elf.dir/Drivers/STM32F4xx_HAL_Driver/Src/stm32f4xx_hal_dma.c.obj
LOAD CMakeFiles/newcar_f407_zero.elf.dir/Drivers/STM32F4xx_HAL_Driver/Src/stm32f4xx_hal_dma_ex.c.obj
LOAD CMakeFiles/newcar_f407_zero.elf.dir/Drivers/STM32F4xx_HAL_Driver/Src/stm32f4xx_hal_exti.c.obj
LOAD CMakeFiles/newcar_f407_zero.elf.dir/Drivers/STM32F4xx_HAL_Driver/Src/stm32f4xx_hal_flash.c.obj
LOAD CMakeFiles/newcar_f407_zero.elf.dir/Drivers/STM32F4xx_HAL_Driver/Src/stm32f4xx_hal_flash_ex.c.obj
LOAD CMakeFiles/newcar_f407_zero.elf.dir/Drivers/STM32F4xx_HAL_Driver/Src/stm32f4xx_hal_flash_ramfunc.c.obj
LOAD CMakeFiles/newcar_f407_zero.elf.dir/Drivers/STM32F4xx_HAL_Driver/Src/stm32f4xx_hal_gpio.c.obj
LOAD CMakeFiles/newcar_f407_zero.elf.dir/Drivers/STM32F4xx_HAL_Driver/Src/stm32f4xx_hal_iwdg.c.obj
LOAD CMakeFiles/newcar_f407_zero.elf.dir/Drivers/STM32F4xx_HAL_Driver/Src/stm32f4xx_hal_pwr.c.obj
LOAD CMakeFiles/newcar_f407_zero.elf.dir/Drivers/STM32F4xx_HAL_Driver/Src/stm32f4xx_hal_pwr_ex.c.obj
LOAD CMakeFiles/newcar_f407_zero.elf.dir/Drivers/STM32F4xx_HAL_Driver/Src/stm32f4xx_hal_rcc.c.obj
LOAD CMakeFiles/newcar_f407_zero.elf.dir/Drivers/STM32F4xx_HAL_Driver/Src/stm32f4xx_hal_rcc_ex.c.obj
LOAD CMakeFiles/newcar_f407_zero.elf.dir/Drivers/STM32F4xx_HAL_Driver/Src/stm32f4xx_hal_tim.c.obj
LOAD CMakeFiles/newcar_f407_zero.elf.dir/Drivers/STM32F4xx_HAL_Driver/Src/stm32f4xx_hal_tim_ex.c.obj
LOAD CMakeFiles/newcar_f407_zero.elf.dir/Drivers/STM32F4xx_HAL_Driver/Src/stm32f4xx_hal_uart.c.obj
LOAD CMakeFiles/newcar_f407_zero.elf.dir/User_File/1_Middleware/1_Driver/BSP/drv_djiboarda.cpp.obj
LOAD CMakeFiles/newcar_f407_zero.elf.dir/User_File/1_Middleware/1_Driver/CAN/drv_can.cpp.obj
LOAD CMakeFiles/newcar_f407_zero.elf.dir/User_File/1_Middleware/1_Driver/Math/drv_math.cpp.obj
LOAD CMakeFiles/newcar_f407_zero.elf.dir/User_File/1_Middleware/1_Driver/TIM/drv_tim.cpp.obj
LOAD CMakeFiles/newcar_f407_zero.elf.dir/User_File/1_Middleware/1_Driver/UART/drv_uart.cpp.obj
LOAD CMakeFiles/newcar_f407_zero.elf.dir/User_File/1_Middleware/1_Driver/WDG/drv_wdg.cpp.obj
LOAD CMakeFiles/newcar_f407_zero.elf.dir/User_File/1_Middleware/2_Algorithm/FSM/alg_fsm.cpp.obj
LOAD CMakeFiles/newcar_f407_zero.elf.dir/User_File/1_Middleware/2_Algorithm/Filter/alg_filter.cpp.obj
LOAD CMakeFiles/newcar_f407_zero.elf.dir/User_File/1_Middleware/2_Algorithm/PID/alg_pid.cpp.obj
LOAD CMakeFiles/newcar_f407_zero.elf.dir/User_File/1_Middleware/2_Algorithm/Queue/alg_queue.cpp.obj
LOAD CMakeFiles/newcar_f407_zero.elf.dir/User_File/1_Middleware/2_Algorithm/Slope/alg_slope.cpp.obj
LOAD CMakeFiles/newcar_f407_zero.elf.dir/User_File/2_Device/AHRS/AHRS_WHEELTEC/dvc_ahrs_wheeltec.cpp.obj
LOAD CMakeFiles/newcar_f407_zero.elf.dir/User_File/2_Device/AHRS/AHRS_WIT/dvc_ahrs_wit.cpp.obj
LOAD CMakeFiles/newcar_f407_zero.elf.dir/User_File/2_Device/Motor/Motor_ZDT42/Emm_V5.c.obj
LOAD CMakeFiles/newcar_f407_zero.elf.dir/User_File/2_Device/Motor/Motor_ZDT42/ZDT_X42_V2.c.obj
LOAD CMakeFiles/newcar_f407_zero.elf.dir/User_File/2_Device/Vofa/vofa.c.obj
LOAD D:\Desktop\new_carrycar\newcar_f407_zero\Middlewares\ST\ARM\DSP\Lib\libarm_cortexM4lf_math.a
LOAD C:/msys64/mingw64/bin/../lib/gcc/arm-none-eabi/13.3.0/../../../../arm-none-eabi/lib/thumb/v7e-m+fp/hard\libstdc++.a
LOAD C:/msys64/mingw64/bin/../lib/gcc/arm-none-eabi/13.3.0/../../../../arm-none-eabi/lib/thumb/v7e-m+fp/hard\libm.a
START GROUP
LOAD C:/msys64/mingw64/bin/../lib/gcc/arm-none-eabi/13.3.0/thumb/v7e-m+fp/hard\libgcc.a
LOAD C:/msys64/mingw64/bin/../lib/gcc/arm-none-eabi/13.3.0/../../../../arm-none-eabi/lib/thumb/v7e-m+fp/hard\libg.a
LOAD C:/msys64/mingw64/bin/../lib/gcc/arm-none-eabi/13.3.0/../../../../arm-none-eabi/lib/thumb/v7e-m+fp/hard\libc.a
END GROUP
LOAD C:/msys64/mingw64/bin/../lib/gcc/arm-none-eabi/13.3.0/thumb/v7e-m+fp/hard/crtend.o
LOAD C:/msys64/mingw64/bin/../lib/gcc/arm-none-eabi/13.3.0/thumb/v7e-m+fp/hard/crtn.o
                0x20020000                        _estack = (ORIGIN (RAM) + LENGTH (RAM))
                0x00000200                        _Min_Heap_Size = 0x200
                0x00000400                        _Min_Stack_Size = 0x400

.isr_vector     0x08000000      0x188
                0x08000000                        . = ALIGN (0x4)
 *(.isr_vector)
 .isr_vector    0x08000000      0x188 CMakeFiles/newcar_f407_zero.elf.dir/Core/Startup/startup_stm32f407vetx.s.obj
                0x08000000                g_pfnVectors
                0x08000188                        . = ALIGN (0x4)

.text           0x080001c0     0xb5e8
                0x080001c0                        . = ALIGN (0x4)
 *(.text)
 .text          0x080001c0      0x378 C:/msys64/mingw64/bin/../lib/gcc/arm-none-eabi/13.3.0/thumb/v7e-m+fp/hard\libgcc.a(_arm_addsubdf3.o)
                0x080001c0                __aeabi_drsub
                0x080001c8                __aeabi_dsub
                0x080001c8                __subdf3
                0x080001cc                __aeabi_dadd
                0x080001cc                __adddf3
                0x08000444                __floatunsidf
                0x08000444                __aeabi_ui2d
                0x08000464                __floatsidf
                0x08000464                __aeabi_i2d
                0x08000488                __aeabi_f2d
                0x08000488                __extendsfdf2
                0x080004cc                __floatundidf
                0x080004cc                __aeabi_ul2d
                0x080004dc                __floatdidf
                0x080004dc                __aeabi_l2d
 .text          0x08000538       0xa0 C:/msys64/mingw64/bin/../lib/gcc/arm-none-eabi/13.3.0/thumb/v7e-m+fp/hard\libgcc.a(_arm_truncdfsf2.o)
                0x08000538                __truncdfsf2
                0x08000538                __aeabi_d2f
 .text          0x080005d8       0x30 C:/msys64/mingw64/bin/../lib/gcc/arm-none-eabi/13.3.0/thumb/v7e-m+fp/hard\libgcc.a(_aeabi_uldivmod.o)
                0x080005d8                __aeabi_uldivmod
 .text          0x08000608      0x1ac C:/msys64/mingw64/bin/../lib/gcc/arm-none-eabi/13.3.0/thumb/v7e-m+fp/hard\libgcc.a(libunwind.o)
                0x08000608                __restore_core_regs
                0x08000608                restore_core_regs
                0x08000620                __gnu_Unwind_Restore_VFP
                0x08000628                __gnu_Unwind_Save_VFP
                0x08000630                __gnu_Unwind_Restore_VFP_D
                0x08000638                __gnu_Unwind_Save_VFP_D
                0x08000640                __gnu_Unwind_Restore_VFP_D_16_to_31
                0x08000648                __gnu_Unwind_Save_VFP_D_16_to_31
                0x08000650                __gnu_Unwind_Restore_WMMXD
                0x08000694                __gnu_Unwind_Save_WMMXD
                0x080006d8                __gnu_Unwind_Restore_WMMXC
                0x080006ec                __gnu_Unwind_Save_WMMXC
                0x08000700                ___Unwind_RaiseException
                0x08000700                _Unwind_RaiseException
                0x08000724                _Unwind_Resume
                0x08000724                ___Unwind_Resume
                0x08000748                _Unwind_Resume_or_Rethrow
                0x08000748                ___Unwind_Resume_or_Rethrow
                0x0800076c                _Unwind_ForcedUnwind
                0x0800076c                ___Unwind_ForcedUnwind
                0x08000790                ___Unwind_Backtrace
                0x08000790                _Unwind_Backtrace
 .text          0x080007b4        0x4 C:/msys64/mingw64/bin/../lib/gcc/arm-none-eabi/13.3.0/thumb/v7e-m+fp/hard\libgcc.a(_dvmd_tls.o)
                0x080007b4                __aeabi_idiv0
                0x080007b4                __aeabi_ldiv0
 .text          0x080007b8       0x10 C:/msys64/mingw64/bin/../lib/gcc/arm-none-eabi/13.3.0/../../../../arm-none-eabi/lib/thumb/v7e-m+fp/hard\libg.a(libc_a-abort.o)
                0x080007b8                abort
 .text          0x080007c8        0xc C:/msys64/mingw64/bin/../lib/gcc/arm-none-eabi/13.3.0/../../../../arm-none-eabi/lib/thumb/v7e-m+fp/hard\libg.a(libc_a-atexit.o)
                0x080007c8                atexit
 .text          0x080007d4      0x2dc C:/msys64/mingw64/bin/../lib/gcc/arm-none-eabi/13.3.0/../../../../arm-none-eabi/lib/thumb/v7e-m+fp/hard\libg.a(libc_a-findfp.o)
                0x08000950                __sfp
                0x08000a10                __sinit
                0x08000a50                __sfp_lock_acquire
                0x08000a5c                __sfp_lock_release
                0x08000a68                __fp_lock_all
                0x08000a8c                __fp_unlock_all
 .text          0x08000ab0       0x48 C:/msys64/mingw64/bin/../lib/gcc/arm-none-eabi/13.3.0/../../../../arm-none-eabi/lib/thumb/v7e-m+fp/hard\libg.a(libc_a-fwalk.o)
                0x08000ab0                _fwalk_sglue
 .text          0x08000af8       0x94 C:/msys64/mingw64/bin/../lib/gcc/arm-none-eabi/13.3.0/../../../../arm-none-eabi/lib/thumb/v7e-m+fp/hard\libg.a(libc_a-stdio.o)
                0x08000af8                __sread
                0x08000b1c                __seofread
                0x08000b20                __swrite
                0x08000b60                __sseek
                0x08000b84                __sclose
 .text          0x08000b8c       0xec C:/msys64/mingw64/bin/../lib/gcc/arm-none-eabi/13.3.0/../../../../arm-none-eabi/lib/thumb/v7e-m+fp/hard\libg.a(libc_a-vsnprintf.o)
                0x08000b8c                vsnprintf
                0x08000c04                _vsnprintf_r
 .text          0x08000c78       0xa4 C:/msys64/mingw64/bin/../lib/gcc/arm-none-eabi/13.3.0/../../../../arm-none-eabi/lib/thumb/v7e-m+fp/hard\libg.a(libc_a-memset.o)
                0x08000c78                memset
 .text          0x08000d1c      0x280 C:/msys64/mingw64/bin/../lib/gcc/arm-none-eabi/13.3.0/../../../../arm-none-eabi/lib/thumb/v7e-m+fp/hard\libg.a(libc_a-signal.o)
                0x08000d1c                _init_signal_r
                0x08000d4c                _signal_r
                0x08000d9c                _raise_r
                0x08000df0                __sigtramp_r
                0x08000e54                raise
                0x08000eac                signal
                0x08000efc                _init_signal
                0x08000f34                __sigtramp
 .text          0x08000f9c       0x24 C:/msys64/mingw64/bin/../lib/gcc/arm-none-eabi/13.3.0/../../../../arm-none-eabi/lib/thumb/v7e-m+fp/hard\libg.a(libc_a-closer.o)
                0x08000f9c                _close_r
 .text          0x08000fc0       0x2c C:/msys64/mingw64/bin/../lib/gcc/arm-none-eabi/13.3.0/../../../../arm-none-eabi/lib/thumb/v7e-m+fp/hard\libg.a(libc_a-lseekr.o)
                0x08000fc0                _lseek_r
 .text          0x08000fec       0x2c C:/msys64/mingw64/bin/../lib/gcc/arm-none-eabi/13.3.0/../../../../arm-none-eabi/lib/thumb/v7e-m+fp/hard\libg.a(libc_a-readr.o)
                0x08000fec                _read_r
 .text          0x08001018       0x30 C:/msys64/mingw64/bin/../lib/gcc/arm-none-eabi/13.3.0/../../../../arm-none-eabi/lib/thumb/v7e-m+fp/hard\libg.a(libc_a-signalr.o)
                0x08001018                _kill_r
                0x08001044                _getpid_r
 .text          0x08001048       0x2c C:/msys64/mingw64/bin/../lib/gcc/arm-none-eabi/13.3.0/../../../../arm-none-eabi/lib/thumb/v7e-m+fp/hard\libg.a(libc_a-writer.o)
                0x08001048                _write_r
 .text          0x08001074        0xc C:/msys64/mingw64/bin/../lib/gcc/arm-none-eabi/13.3.0/../../../../arm-none-eabi/lib/thumb/v7e-m+fp/hard\libg.a(libc_a-errno.o)
                0x08001074                __errno
 .text          0x08001080       0x50 C:/msys64/mingw64/bin/../lib/gcc/arm-none-eabi/13.3.0/../../../../arm-none-eabi/lib/thumb/v7e-m+fp/hard\libg.a(libc_a-init.o)
                0x08001080                __libc_init_array
 .text          0x080010d0       0x28 C:/msys64/mingw64/bin/../lib/gcc/arm-none-eabi/13.3.0/../../../../arm-none-eabi/lib/thumb/v7e-m+fp/hard\libg.a(libc_a-fini.o)
                0x080010d0                __libc_fini_array
 .text          0x080010f8       0x28 C:/msys64/mingw64/bin/../lib/gcc/arm-none-eabi/13.3.0/../../../../arm-none-eabi/lib/thumb/v7e-m+fp/hard\libg.a(libc_a-lock.o)
                0x080010f8                __retarget_lock_init
                0x080010fc                __retarget_lock_init_recursive
                0x08001100                __retarget_lock_close
                0x08001104                __retarget_lock_close_recursive
                0x08001108                __retarget_lock_acquire
                0x0800110c                __retarget_lock_acquire_recursive
                0x08001110                __retarget_lock_try_acquire
                0x08001114                __retarget_lock_try_acquire_recursive
                0x08001118                __retarget_lock_release
                0x0800111c                __retarget_lock_release_recursive
 .text          0x08001120      0x134 C:/msys64/mingw64/bin/../lib/gcc/arm-none-eabi/13.3.0/../../../../arm-none-eabi/lib/thumb/v7e-m+fp/hard\libg.a(libc_a-memcpy.o)
                0x08001120                memcpy
 .text          0x08001254       0x80 C:/msys64/mingw64/bin/../lib/gcc/arm-none-eabi/13.3.0/../../../../arm-none-eabi/lib/thumb/v7e-m+fp/hard\libg.a(libc_a-__atexit.o)
                0x08001254                __register_exitproc
 .text          0x080012d4      0x2b4 C:/msys64/mingw64/bin/../lib/gcc/arm-none-eabi/13.3.0/../../../../arm-none-eabi/lib/thumb/v7e-m+fp/hard\libg.a(libc_a-freer.o)
                0x080012d4                _malloc_trim_r
                0x0800138c                _free_r
 .text          0x08001588      0x574 C:/msys64/mingw64/bin/../lib/gcc/arm-none-eabi/13.3.0/../../../../arm-none-eabi/lib/thumb/v7e-m+fp/hard\libg.a(libc_a-mallocr.o)
                0x08001588                _malloc_r
 .text          0x08001afc       0x18 C:/msys64/mingw64/bin/../lib/gcc/arm-none-eabi/13.3.0/../../../../arm-none-eabi/lib/thumb/v7e-m+fp/hard\libg.a(libc_a-mlock.o)
                0x08001afc                __malloc_lock
                0x08001b08                __malloc_unlock
 *fill*         0x08001b14        0x4 
 .text          0x08001b18     0x1a3c C:/msys64/mingw64/bin/../lib/gcc/arm-none-eabi/13.3.0/../../../../arm-none-eabi/lib/thumb/v7e-m+fp/hard\libg.a(libc_a-svfprintf.o)
                0x08001b18                _svfprintf_r
 .text          0x08003554       0x58 C:/msys64/mingw64/bin/../lib/gcc/arm-none-eabi/13.3.0/../../../../arm-none-eabi/lib/thumb/v7e-m+fp/hard\libg.a(libc_a-ssprint_r.o)
                0x08003554                __ssprint_r
 .text          0x080035ac       0xd0 C:/msys64/mingw64/bin/../lib/gcc/arm-none-eabi/13.3.0/../../../../arm-none-eabi/lib/thumb/v7e-m+fp/hard\libg.a(libc_a-fclose.o)
                0x080035ac                _fclose_r
                0x0800366c                fclose
 .text          0x0800367c      0x200 C:/msys64/mingw64/bin/../lib/gcc/arm-none-eabi/13.3.0/../../../../arm-none-eabi/lib/thumb/v7e-m+fp/hard\libg.a(libc_a-fflush.o)
                0x0800367c                __sflush_r
                0x080037b4                _fflush_r
                0x08003808                fflush
 .text          0x0800387c       0x68 C:/msys64/mingw64/bin/../lib/gcc/arm-none-eabi/13.3.0/../../../../arm-none-eabi/lib/thumb/v7e-m+fp/hard\libg.a(libc_a-strncpy.o)
                0x0800387c                strncpy
 .text          0x080038e4       0x14 C:/msys64/mingw64/bin/../lib/gcc/arm-none-eabi/13.3.0/../../../../arm-none-eabi/lib/thumb/v7e-m+fp/hard\libg.a(libc_a-localeconv.o)
                0x080038e4                __localeconv_l
                0x080038e8                _localeconv_r
                0x080038f0                localeconv
 .text          0x080038f8       0x24 C:/msys64/mingw64/bin/../lib/gcc/arm-none-eabi/13.3.0/../../../../arm-none-eabi/lib/thumb/v7e-m+fp/hard\libg.a(libc_a-sbrkr.o)
                0x080038f8                _sbrk_r
 .text          0x0800391c       0x1c C:/msys64/mingw64/bin/../lib/gcc/arm-none-eabi/13.3.0/../../../../arm-none-eabi/lib/thumb/v7e-m+fp/hard\libg.a(libc_a-sysconf.o)
                0x0800391c                sysconf
 *fill*         0x08003938        0x8 
 .text          0x08003940       0xa0 C:/msys64/mingw64/bin/../lib/gcc/arm-none-eabi/13.3.0/../../../../arm-none-eabi/lib/thumb/v7e-m+fp/hard\libg.a(libc_a-memchr.o)
                0x08003940                memchr
 *fill*         0x080039e0       0x20 
 .text          0x08003a00       0xd8 C:/msys64/mingw64/bin/../lib/gcc/arm-none-eabi/13.3.0/../../../../arm-none-eabi/lib/thumb/v7e-m+fp/hard\libg.a(libc_a-strlen.o)
                0x08003a00                strlen
 .text          0x08003ad8       0x68 C:/msys64/mingw64/bin/../lib/gcc/arm-none-eabi/13.3.0/../../../../arm-none-eabi/lib/thumb/v7e-m+fp/hard\libg.a(libm_a-s_frexp.o)
                0x08003ad8                frexp
 .text          0x08003b40      0xf74 C:/msys64/mingw64/bin/../lib/gcc/arm-none-eabi/13.3.0/../../../../arm-none-eabi/lib/thumb/v7e-m+fp/hard\libg.a(libc_a-dtoa.o)
                0x08003c6c                _dtoa_r
 .text          0x08004ab4      0xa9c C:/msys64/mingw64/bin/../lib/gcc/arm-none-eabi/13.3.0/../../../../arm-none-eabi/lib/thumb/v7e-m+fp/hard\libg.a(libc_a-mprec.o)
                0x08004ab4                _Balloc
                0x08004b00                _Bfree
                0x08004b14                __multadd
                0x08004bb4                __s2b
                0x08004c64                __hi0bits
                0x08004ca8                __lo0bits
                0x08004d08                __i2b
                0x08004d64                __multiply
                0x08004ed0                __pow5mult
                0x08004f84                __lshift
                0x08005074                __mcmp
                0x080050b8                __mdiff
                0x0800521c                __ulp
                0x08005280                __b2d
                0x0800533c                __d2b
                0x080053fc                __ratio
                0x08005458                _mprec_log10
                0x08005498                __copybits
                0x080054f4                __any_on
 .text          0x08005550       0xc0 C:/msys64/mingw64/bin/../lib/gcc/arm-none-eabi/13.3.0/../../../../arm-none-eabi/lib/thumb/v7e-m+fp/hard\libg.a(libc_a-ssputs_r.o)
                0x08005550                __ssputs_r
 .text          0x08005610      0x100 C:/msys64/mingw64/bin/../lib/gcc/arm-none-eabi/13.3.0/../../../../arm-none-eabi/lib/thumb/v7e-m+fp/hard\libg.a(libc_a-memmove.o)
                0x08005610                memmove
 .text          0x08005710       0x4c C:/msys64/mingw64/bin/../lib/gcc/arm-none-eabi/13.3.0/../../../../arm-none-eabi/lib/thumb/v7e-m+fp/hard\libg.a(libc_a-assert.o)
                0x08005710                __assert_func
                0x08005750                __assert
 .text          0x0800575c       0x6c C:/msys64/mingw64/bin/../lib/gcc/arm-none-eabi/13.3.0/../../../../arm-none-eabi/lib/thumb/v7e-m+fp/hard\libg.a(libc_a-callocr.o)
                0x0800575c                _calloc_r
 .text          0x080057c8       0x40 C:/msys64/mingw64/bin/../lib/gcc/arm-none-eabi/13.3.0/../../../../arm-none-eabi/lib/thumb/v7e-m+fp/hard\libg.a(libc_a-mbtowc_r.o)
                0x080057c8                _mbtowc_r
                0x080057dc                __ascii_mbtowc
 .text          0x08005808      0x344 C:/msys64/mingw64/bin/../lib/gcc/arm-none-eabi/13.3.0/../../../../arm-none-eabi/lib/thumb/v7e-m+fp/hard\libg.a(libc_a-reallocr.o)
                0x08005808                _realloc_r
 .text          0x08005b4c       0x30 C:/msys64/mingw64/bin/../lib/gcc/arm-none-eabi/13.3.0/../../../../arm-none-eabi/lib/thumb/v7e-m+fp/hard\libg.a(libc_a-wctomb_r.o)
                0x08005b4c                _wctomb_r
                0x08005b60                __ascii_wctomb
 .text          0x08005b7c       0x44 C:/msys64/mingw64/bin/../lib/gcc/arm-none-eabi/13.3.0/../../../../arm-none-eabi/lib/thumb/v7e-m+fp/hard\libg.a(libc_a-fiprintf.o)
                0x08005b7c                _fiprintf_r
                0x08005b98                fiprintf
 .text          0x08005bc0      0xcbc C:/msys64/mingw64/bin/../lib/gcc/arm-none-eabi/13.3.0/../../../../arm-none-eabi/lib/thumb/v7e-m+fp/hard\libg.a(libc_a-vfiprintf.o)
                0x08005bc0                _vfiprintf_r
                0x080067e0                vfiprintf
 .text          0x0800687c       0x20 C:/msys64/mingw64/bin/../lib/gcc/arm-none-eabi/13.3.0/../../../../arm-none-eabi/lib/thumb/v7e-m+fp/hard\libg.a(libc_a-sprint_r.o)
                0x0800687c                __sprint_r
 .text          0x0800689c      0x300 C:/msys64/mingw64/bin/../lib/gcc/arm-none-eabi/13.3.0/../../../../arm-none-eabi/lib/thumb/v7e-m+fp/hard\libg.a(libc_a-fvwrite.o)
                0x0800689c                __sfvwrite_r
 .text          0x08006b9c       0xc0 C:/msys64/mingw64/bin/../lib/gcc/arm-none-eabi/13.3.0/../../../../arm-none-eabi/lib/thumb/v7e-m+fp/hard\libg.a(libc_a-wsetup.o)
                0x08006b9c                __swsetup_r
 .text          0x08006c5c      0x13c C:/msys64/mingw64/bin/../lib/gcc/arm-none-eabi/13.3.0/../../../../arm-none-eabi/lib/thumb/v7e-m+fp/hard\libg.a(libc_a-makebuf.o)
                0x08006c5c                __smakebuf_r
                0x08006d38                __swhatbuf_r
 .text          0x08006d98       0x2c C:/msys64/mingw64/bin/../lib/gcc/arm-none-eabi/13.3.0/../../../../arm-none-eabi/lib/thumb/v7e-m+fp/hard\libg.a(libc_a-fstatr.o)
                0x08006d98                _fstat_r
 .text          0x08006dc4       0x24 C:/msys64/mingw64/bin/../lib/gcc/arm-none-eabi/13.3.0/../../../../arm-none-eabi/lib/thumb/v7e-m+fp/hard\libg.a(libc_a-isattyr.o)
                0x08006dc4                _isatty_r
 .text          0x08006de8      0x424 C:/msys64/mingw64/bin/../lib/gcc/arm-none-eabi/13.3.0/thumb/v7e-m+fp/hard\libgcc.a(_arm_muldivdf3.o)
                0x08006de8                __aeabi_dmul
                0x08006de8                __muldf3
                0x0800703c                __divdf3
                0x0800703c                __aeabi_ddiv
 .text          0x0800720c      0x110 C:/msys64/mingw64/bin/../lib/gcc/arm-none-eabi/13.3.0/thumb/v7e-m+fp/hard\libgcc.a(_arm_cmpdf2.o)
                0x0800720c                __gtdf2
                0x0800720c                __gedf2
                0x08007214                __ltdf2
                0x08007214                __ledf2
                0x0800721c                __nedf2
                0x0800721c                __eqdf2
                0x0800721c                __cmpdf2
                0x08007298                __aeabi_cdrcmple
                0x080072a8                __aeabi_cdcmpeq
                0x080072a8                __aeabi_cdcmple
                0x080072b8                __aeabi_dcmpeq
                0x080072cc                __aeabi_dcmplt
                0x080072e0                __aeabi_dcmple
                0x080072f4                __aeabi_dcmpge
                0x08007308                __aeabi_dcmpgt
 .text          0x0800731c       0x2c C:/msys64/mingw64/bin/../lib/gcc/arm-none-eabi/13.3.0/thumb/v7e-m+fp/hard\libgcc.a(_arm_unorddf2.o)
                0x0800731c                __unorddf2
                0x0800731c                __aeabi_dcmpun
 .text          0x08007348       0x50 C:/msys64/mingw64/bin/../lib/gcc/arm-none-eabi/13.3.0/thumb/v7e-m+fp/hard\libgcc.a(_arm_fixdfsi.o)
                0x08007348                __aeabi_d2iz
                0x08007348                __fixdfsi
 *(.text*)
 .text.__do_global_dtors_aux
                0x08007398       0x24 C:/msys64/mingw64/bin/../lib/gcc/arm-none-eabi/13.3.0/thumb/v7e-m+fp/hard/crtbegin.o
 .text.frame_dummy
                0x080073bc       0x1c C:/msys64/mingw64/bin/../lib/gcc/arm-none-eabi/13.3.0/thumb/v7e-m+fp/hard/crtbegin.o
 .text.MX_CAN1_Init
                0x080073d8       0x40 CMakeFiles/newcar_f407_zero.elf.dir/Core/Src/can.c.obj
                0x080073d8                MX_CAN1_Init
 .text.HAL_CAN_MspInit
                0x08007418       0x88 CMakeFiles/newcar_f407_zero.elf.dir/Core/Src/can.c.obj
                0x08007418                HAL_CAN_MspInit
 .text.MX_DMA_Init
                0x080074a0      0x10c CMakeFiles/newcar_f407_zero.elf.dir/Core/Src/dma.c.obj
                0x080074a0                MX_DMA_Init
 .text.MX_GPIO_Init
                0x080075ac      0x104 CMakeFiles/newcar_f407_zero.elf.dir/Core/Src/gpio.c.obj
                0x080075ac                MX_GPIO_Init
 .text.MX_IWDG_Init
                0x080076b0       0x28 CMakeFiles/newcar_f407_zero.elf.dir/Core/Src/iwdg.c.obj
                0x080076b0                MX_IWDG_Init
 .text.SystemClock_Config
                0x080076d8       0xa8 CMakeFiles/newcar_f407_zero.elf.dir/Core/Src/main.c.obj
                0x080076d8                SystemClock_Config
 .text.startup.main
                0x08007780       0xf8 CMakeFiles/newcar_f407_zero.elf.dir/Core/Src/main.c.obj
                0x08007780                main
 .text.Error_Handler
                0x08007878        0x4 CMakeFiles/newcar_f407_zero.elf.dir/Core/Src/main.c.obj
                0x08007878                Error_Handler
 .text.HAL_MspInit
                0x0800787c       0x38 CMakeFiles/newcar_f407_zero.elf.dir/Core/Src/stm32f4xx_hal_msp.c.obj
                0x0800787c                HAL_MspInit
 .text.NMI_Handler
                0x080078b4        0x4 CMakeFiles/newcar_f407_zero.elf.dir/Core/Src/stm32f4xx_it.c.obj
                0x080078b4                NMI_Handler
 .text.HardFault_Handler
                0x080078b8        0x4 CMakeFiles/newcar_f407_zero.elf.dir/Core/Src/stm32f4xx_it.c.obj
                0x080078b8                HardFault_Handler
 .text.MemManage_Handler
                0x080078bc        0x4 CMakeFiles/newcar_f407_zero.elf.dir/Core/Src/stm32f4xx_it.c.obj
                0x080078bc                MemManage_Handler
 .text.BusFault_Handler
                0x080078c0        0x4 CMakeFiles/newcar_f407_zero.elf.dir/Core/Src/stm32f4xx_it.c.obj
                0x080078c0                BusFault_Handler
 .text.UsageFault_Handler
                0x080078c4        0x4 CMakeFiles/newcar_f407_zero.elf.dir/Core/Src/stm32f4xx_it.c.obj
                0x080078c4                UsageFault_Handler
 .text.SVC_Handler
                0x080078c8        0x4 CMakeFiles/newcar_f407_zero.elf.dir/Core/Src/stm32f4xx_it.c.obj
                0x080078c8                SVC_Handler
 .text.DebugMon_Handler
                0x080078cc        0x4 CMakeFiles/newcar_f407_zero.elf.dir/Core/Src/stm32f4xx_it.c.obj
                0x080078cc                DebugMon_Handler
 .text.PendSV_Handler
                0x080078d0        0x4 CMakeFiles/newcar_f407_zero.elf.dir/Core/Src/stm32f4xx_it.c.obj
                0x080078d0                PendSV_Handler
 .text.SysTick_Handler
                0x080078d4        0x4 CMakeFiles/newcar_f407_zero.elf.dir/Core/Src/stm32f4xx_it.c.obj
                0x080078d4                SysTick_Handler
 .text.DMA1_Stream0_IRQHandler
                0x080078d8        0xc CMakeFiles/newcar_f407_zero.elf.dir/Core/Src/stm32f4xx_it.c.obj
                0x080078d8                DMA1_Stream0_IRQHandler
 .text.DMA1_Stream1_IRQHandler
                0x080078e4        0xc CMakeFiles/newcar_f407_zero.elf.dir/Core/Src/stm32f4xx_it.c.obj
                0x080078e4                DMA1_Stream1_IRQHandler
 .text.DMA1_Stream2_IRQHandler
                0x080078f0        0xc CMakeFiles/newcar_f407_zero.elf.dir/Core/Src/stm32f4xx_it.c.obj
                0x080078f0                DMA1_Stream2_IRQHandler
 .text.DMA1_Stream3_IRQHandler
                0x080078fc        0xc CMakeFiles/newcar_f407_zero.elf.dir/Core/Src/stm32f4xx_it.c.obj
                0x080078fc                DMA1_Stream3_IRQHandler
 .text.DMA1_Stream4_IRQHandler
                0x08007908        0xc CMakeFiles/newcar_f407_zero.elf.dir/Core/Src/stm32f4xx_it.c.obj
                0x08007908                DMA1_Stream4_IRQHandler
 .text.DMA1_Stream5_IRQHandler
                0x08007914        0xc CMakeFiles/newcar_f407_zero.elf.dir/Core/Src/stm32f4xx_it.c.obj
                0x08007914                DMA1_Stream5_IRQHandler
 .text.DMA1_Stream6_IRQHandler
                0x08007920        0xc CMakeFiles/newcar_f407_zero.elf.dir/Core/Src/stm32f4xx_it.c.obj
                0x08007920                DMA1_Stream6_IRQHandler
 .text.CAN1_RX0_IRQHandler
                0x0800792c       0x88 CMakeFiles/newcar_f407_zero.elf.dir/Core/Src/stm32f4xx_it.c.obj
                0x0800792c                CAN1_RX0_IRQHandler
 .text.USART1_IRQHandler
                0x080079b4        0xc CMakeFiles/newcar_f407_zero.elf.dir/Core/Src/stm32f4xx_it.c.obj
                0x080079b4                USART1_IRQHandler
 .text.USART2_IRQHandler
                0x080079c0        0xc CMakeFiles/newcar_f407_zero.elf.dir/Core/Src/stm32f4xx_it.c.obj
                0x080079c0                USART2_IRQHandler
 .text.USART3_IRQHandler
                0x080079cc        0xc CMakeFiles/newcar_f407_zero.elf.dir/Core/Src/stm32f4xx_it.c.obj
                0x080079cc                USART3_IRQHandler
 .text.DMA1_Stream7_IRQHandler
                0x080079d8        0xc CMakeFiles/newcar_f407_zero.elf.dir/Core/Src/stm32f4xx_it.c.obj
                0x080079d8                DMA1_Stream7_IRQHandler
 .text.UART4_IRQHandler
                0x080079e4        0xc CMakeFiles/newcar_f407_zero.elf.dir/Core/Src/stm32f4xx_it.c.obj
                0x080079e4                UART4_IRQHandler
 .text.UART5_IRQHandler
                0x080079f0        0xc CMakeFiles/newcar_f407_zero.elf.dir/Core/Src/stm32f4xx_it.c.obj
                0x080079f0                UART5_IRQHandler
 .text.TIM6_DAC_IRQHandler
                0x080079fc        0xc CMakeFiles/newcar_f407_zero.elf.dir/Core/Src/stm32f4xx_it.c.obj
                0x080079fc                TIM6_DAC_IRQHandler
 .text.DMA2_Stream7_IRQHandler
                0x08007a08        0xc CMakeFiles/newcar_f407_zero.elf.dir/Core/Src/stm32f4xx_it.c.obj
                0x08007a08                DMA2_Stream7_IRQHandler
 .text._getpid  0x08007a14        0x4 CMakeFiles/newcar_f407_zero.elf.dir/Core/Src/syscalls.c.obj
                0x08007a14                _getpid
 .text._kill    0x08007a18       0x10 CMakeFiles/newcar_f407_zero.elf.dir/Core/Src/syscalls.c.obj
                0x08007a18                _kill
 .text._exit    0x08007a28        0xc CMakeFiles/newcar_f407_zero.elf.dir/Core/Src/syscalls.c.obj
                0x08007a28                _exit
 .text._read    0x08007a34       0x1c CMakeFiles/newcar_f407_zero.elf.dir/Core/Src/syscalls.c.obj
                0x08007a34                _read
 .text._write   0x08007a50       0x1c CMakeFiles/newcar_f407_zero.elf.dir/Core/Src/syscalls.c.obj
                0x08007a50                _write
 .text._close   0x08007a6c        0x8 CMakeFiles/newcar_f407_zero.elf.dir/Core/Src/syscalls.c.obj
                0x08007a6c                _close
 .text._fstat   0x08007a74        0xc CMakeFiles/newcar_f407_zero.elf.dir/Core/Src/syscalls.c.obj
                0x08007a74                _fstat
 .text._isatty  0x08007a80        0x4 CMakeFiles/newcar_f407_zero.elf.dir/Core/Src/syscalls.c.obj
                0x08007a80                _isatty
 .text._lseek   0x08007a84        0x4 CMakeFiles/newcar_f407_zero.elf.dir/Core/Src/syscalls.c.obj
                0x08007a84                _lseek
 .text._sbrk    0x08007a88       0x44 CMakeFiles/newcar_f407_zero.elf.dir/Core/Src/sysmem.c.obj
                0x08007a88                _sbrk
 .text.SystemInit
                0x08007acc       0x14 CMakeFiles/newcar_f407_zero.elf.dir/Core/Src/system_stm32f4xx.c.obj
                0x08007acc                SystemInit
 .text.MX_TIM6_Init
                0x08007ae0       0x58 CMakeFiles/newcar_f407_zero.elf.dir/Core/Src/tim.c.obj
                0x08007ae0                MX_TIM6_Init
 .text.HAL_TIM_Base_MspInit
                0x08007b38       0x40 CMakeFiles/newcar_f407_zero.elf.dir/Core/Src/tim.c.obj
                0x08007b38                HAL_TIM_Base_MspInit
 .text.MX_UART4_Init
                0x08007b78       0x38 CMakeFiles/newcar_f407_zero.elf.dir/Core/Src/usart.c.obj
                0x08007b78                MX_UART4_Init
 .text.MX_UART5_Init
                0x08007bb0       0x38 CMakeFiles/newcar_f407_zero.elf.dir/Core/Src/usart.c.obj
                0x08007bb0                MX_UART5_Init
 .text.MX_USART1_UART_Init
                0x08007be8       0x38 CMakeFiles/newcar_f407_zero.elf.dir/Core/Src/usart.c.obj
                0x08007be8                MX_USART1_UART_Init
 .text.MX_USART2_UART_Init
                0x08007c20       0x38 CMakeFiles/newcar_f407_zero.elf.dir/Core/Src/usart.c.obj
                0x08007c20                MX_USART2_UART_Init
 .text.MX_USART3_UART_Init
                0x08007c58       0x38 CMakeFiles/newcar_f407_zero.elf.dir/Core/Src/usart.c.obj
                0x08007c58                MX_USART3_UART_Init
 .text.HAL_UART_MspInit
                0x08007c90      0x4d0 CMakeFiles/newcar_f407_zero.elf.dir/Core/Src/usart.c.obj
                0x08007c90                HAL_UART_MspInit
 .text.Reset_Handler
                0x08008160       0x50 CMakeFiles/newcar_f407_zero.elf.dir/Core/Startup/startup_stm32f407vetx.s.obj
                0x08008160                Reset_Handler
 .text.Default_Handler
                0x080081b0        0x2 CMakeFiles/newcar_f407_zero.elf.dir/Core/Startup/startup_stm32f407vetx.s.obj
                0x080081b0                RTC_Alarm_IRQHandler
                0x080081b0                HASH_RNG_IRQHandler
                0x080081b0                EXTI2_IRQHandler
                0x080081b0                TIM8_CC_IRQHandler
                0x080081b0                TIM1_CC_IRQHandler
                0x080081b0                DMA2_Stream5_IRQHandler
                0x080081b0                PVD_IRQHandler
                0x080081b0                SDIO_IRQHandler
                0x080081b0                TAMP_STAMP_IRQHandler
                0x080081b0                CAN2_RX1_IRQHandler
                0x080081b0                EXTI3_IRQHandler
                0x080081b0                TIM8_TRG_COM_TIM14_IRQHandler
                0x080081b0                TIM1_UP_TIM10_IRQHandler
                0x080081b0                TIM8_UP_TIM13_IRQHandler
                0x080081b0                I2C3_ER_IRQHandler
                0x080081b0                EXTI0_IRQHandler
                0x080081b0                I2C2_EV_IRQHandler
                0x080081b0                FPU_IRQHandler
                0x080081b0                OTG_HS_WKUP_IRQHandler
                0x080081b0                CAN2_SCE_IRQHandler
                0x080081b0                DMA2_Stream2_IRQHandler
                0x080081b0                SPI1_IRQHandler
                0x080081b0                TIM1_BRK_TIM9_IRQHandler
                0x080081b0                DCMI_IRQHandler
                0x080081b0                CAN2_RX0_IRQHandler
                0x080081b0                DMA2_Stream3_IRQHandler
                0x080081b0                USART6_IRQHandler
                0x080081b0                CAN1_RX1_IRQHandler
                0x080081b0                DMA2_Stream0_IRQHandler
                0x080081b0                TIM4_IRQHandler
                0x080081b0                I2C1_EV_IRQHandler
                0x080081b0                TIM3_IRQHandler
                0x080081b0                RCC_IRQHandler
                0x080081b0                TIM8_BRK_TIM12_IRQHandler
                0x080081b0                Default_Handler
                0x080081b0                EXTI15_10_IRQHandler
                0x080081b0                ADC_IRQHandler
                0x080081b0                TIM7_IRQHandler
                0x080081b0                CAN2_TX_IRQHandler
                0x080081b0                TIM5_IRQHandler
                0x080081b0                I2C3_EV_IRQHandler
                0x080081b0                EXTI9_5_IRQHandler
                0x080081b0                RTC_WKUP_IRQHandler
                0x080081b0                ETH_WKUP_IRQHandler
                0x080081b0                SPI2_IRQHandler
                0x080081b0                OTG_HS_EP1_IN_IRQHandler
                0x080081b0                CAN1_TX_IRQHandler
                0x080081b0                EXTI4_IRQHandler
                0x080081b0                FSMC_IRQHandler
                0x080081b0                ETH_IRQHandler
                0x080081b0                OTG_HS_EP1_OUT_IRQHandler
                0x080081b0                WWDG_IRQHandler
                0x080081b0                TIM2_IRQHandler
                0x080081b0                OTG_FS_WKUP_IRQHandler
                0x080081b0                TIM1_TRG_COM_TIM11_IRQHandler
                0x080081b0                OTG_HS_IRQHandler
                0x080081b0                EXTI1_IRQHandler
                0x080081b0                I2C2_ER_IRQHandler
                0x080081b0                DMA2_Stream1_IRQHandler
                0x080081b0                CAN1_SCE_IRQHandler
                0x080081b0                FLASH_IRQHandler
                0x080081b0                DMA2_Stream4_IRQHandler
                0x080081b0                OTG_FS_IRQHandler
                0x080081b0                SPI3_IRQHandler
                0x080081b0                I2C1_ER_IRQHandler
                0x080081b0                DMA2_Stream6_IRQHandler
 *fill*         0x080081b2        0x2 
 .text.HAL_InitTick
                0x080081b4       0x48 CMakeFiles/newcar_f407_zero.elf.dir/Drivers/STM32F4xx_HAL_Driver/Src/stm32f4xx_hal.c.obj
                0x080081b4                HAL_InitTick
 .text.HAL_Init
                0x080081fc       0x34 CMakeFiles/newcar_f407_zero.elf.dir/Drivers/STM32F4xx_HAL_Driver/Src/stm32f4xx_hal.c.obj
                0x080081fc                HAL_Init
 .text.HAL_IncTick
                0x08008230       0x18 CMakeFiles/newcar_f407_zero.elf.dir/Drivers/STM32F4xx_HAL_Driver/Src/stm32f4xx_hal.c.obj
                0x08008230                HAL_IncTick
 .text.HAL_GetTick
                0x08008248        0xc CMakeFiles/newcar_f407_zero.elf.dir/Drivers/STM32F4xx_HAL_Driver/Src/stm32f4xx_hal.c.obj
                0x08008248                HAL_GetTick
 .text.HAL_CAN_Init
                0x08008254      0x100 CMakeFiles/newcar_f407_zero.elf.dir/Drivers/STM32F4xx_HAL_Driver/Src/stm32f4xx_hal_can.c.obj
                0x08008254                HAL_CAN_Init
 .text.HAL_CAN_ConfigFilter
                0x08008354      0x120 CMakeFiles/newcar_f407_zero.elf.dir/Drivers/STM32F4xx_HAL_Driver/Src/stm32f4xx_hal_can.c.obj
                0x08008354                HAL_CAN_ConfigFilter
 .text.HAL_CAN_Start
                0x08008474       0x5c CMakeFiles/newcar_f407_zero.elf.dir/Drivers/STM32F4xx_HAL_Driver/Src/stm32f4xx_hal_can.c.obj
                0x08008474                HAL_CAN_Start
 .text.HAL_CAN_AddTxMessage
                0x080084d0       0xa4 CMakeFiles/newcar_f407_zero.elf.dir/Drivers/STM32F4xx_HAL_Driver/Src/stm32f4xx_hal_can.c.obj
                0x080084d0                HAL_CAN_AddTxMessage
 .text.HAL_CAN_GetRxMessage
                0x08008574      0x108 CMakeFiles/newcar_f407_zero.elf.dir/Drivers/STM32F4xx_HAL_Driver/Src/stm32f4xx_hal_can.c.obj
                0x08008574                HAL_CAN_GetRxMessage
 .text.HAL_CAN_ActivateNotification
                0x0800867c       0x24 CMakeFiles/newcar_f407_zero.elf.dir/Drivers/STM32F4xx_HAL_Driver/Src/stm32f4xx_hal_can.c.obj
                0x0800867c                HAL_CAN_ActivateNotification
 .text.HAL_CAN_TxMailbox0CompleteCallback
                0x080086a0        0x4 CMakeFiles/newcar_f407_zero.elf.dir/Drivers/STM32F4xx_HAL_Driver/Src/stm32f4xx_hal_can.c.obj
                0x080086a0                HAL_CAN_TxMailbox0CompleteCallback
 .text.HAL_CAN_TxMailbox1CompleteCallback
                0x080086a4        0x4 CMakeFiles/newcar_f407_zero.elf.dir/Drivers/STM32F4xx_HAL_Driver/Src/stm32f4xx_hal_can.c.obj
                0x080086a4                HAL_CAN_TxMailbox1CompleteCallback
 .text.HAL_CAN_TxMailbox2CompleteCallback
                0x080086a8        0x4 CMakeFiles/newcar_f407_zero.elf.dir/Drivers/STM32F4xx_HAL_Driver/Src/stm32f4xx_hal_can.c.obj
                0x080086a8                HAL_CAN_TxMailbox2CompleteCallback
 .text.HAL_CAN_TxMailbox0AbortCallback
                0x080086ac        0x4 CMakeFiles/newcar_f407_zero.elf.dir/Drivers/STM32F4xx_HAL_Driver/Src/stm32f4xx_hal_can.c.obj
                0x080086ac                HAL_CAN_TxMailbox0AbortCallback
 .text.HAL_CAN_TxMailbox1AbortCallback
                0x080086b0        0x4 CMakeFiles/newcar_f407_zero.elf.dir/Drivers/STM32F4xx_HAL_Driver/Src/stm32f4xx_hal_can.c.obj
                0x080086b0                HAL_CAN_TxMailbox1AbortCallback
 .text.HAL_CAN_TxMailbox2AbortCallback
                0x080086b4        0x4 CMakeFiles/newcar_f407_zero.elf.dir/Drivers/STM32F4xx_HAL_Driver/Src/stm32f4xx_hal_can.c.obj
                0x080086b4                HAL_CAN_TxMailbox2AbortCallback
 .text.HAL_CAN_RxFifo0MsgPendingCallback
                0x080086b8        0x4 CMakeFiles/newcar_f407_zero.elf.dir/Drivers/STM32F4xx_HAL_Driver/Src/stm32f4xx_hal_can.c.obj
                0x080086b8                HAL_CAN_RxFifo0MsgPendingCallback
 .text.HAL_CAN_RxFifo0FullCallback
                0x080086bc        0x4 CMakeFiles/newcar_f407_zero.elf.dir/Drivers/STM32F4xx_HAL_Driver/Src/stm32f4xx_hal_can.c.obj
                0x080086bc                HAL_CAN_RxFifo0FullCallback
 .text.HAL_CAN_RxFifo1MsgPendingCallback
                0x080086c0        0x4 CMakeFiles/newcar_f407_zero.elf.dir/Drivers/STM32F4xx_HAL_Driver/Src/stm32f4xx_hal_can.c.obj
                0x080086c0                HAL_CAN_RxFifo1MsgPendingCallback
 .text.HAL_CAN_RxFifo1FullCallback
                0x080086c4        0x4 CMakeFiles/newcar_f407_zero.elf.dir/Drivers/STM32F4xx_HAL_Driver/Src/stm32f4xx_hal_can.c.obj
                0x080086c4                HAL_CAN_RxFifo1FullCallback
 .text.HAL_CAN_SleepCallback
                0x080086c8        0x4 CMakeFiles/newcar_f407_zero.elf.dir/Drivers/STM32F4xx_HAL_Driver/Src/stm32f4xx_hal_can.c.obj
                0x080086c8                HAL_CAN_SleepCallback
 .text.HAL_CAN_WakeUpFromRxMsgCallback
                0x080086cc        0x4 CMakeFiles/newcar_f407_zero.elf.dir/Drivers/STM32F4xx_HAL_Driver/Src/stm32f4xx_hal_can.c.obj
                0x080086cc                HAL_CAN_WakeUpFromRxMsgCallback
 .text.HAL_CAN_ErrorCallback
                0x080086d0        0x4 CMakeFiles/newcar_f407_zero.elf.dir/Drivers/STM32F4xx_HAL_Driver/Src/stm32f4xx_hal_can.c.obj
                0x080086d0                HAL_CAN_ErrorCallback
 .text.HAL_CAN_IRQHandler
                0x080086d4      0x2c4 CMakeFiles/newcar_f407_zero.elf.dir/Drivers/STM32F4xx_HAL_Driver/Src/stm32f4xx_hal_can.c.obj
                0x080086d4                HAL_CAN_IRQHandler
 .text.HAL_NVIC_SetPriorityGrouping
                0x08008998       0x24 CMakeFiles/newcar_f407_zero.elf.dir/Drivers/STM32F4xx_HAL_Driver/Src/stm32f4xx_hal_cortex.c.obj
                0x08008998                HAL_NVIC_SetPriorityGrouping
 .text.HAL_NVIC_SetPriority
                0x080089bc       0x78 CMakeFiles/newcar_f407_zero.elf.dir/Drivers/STM32F4xx_HAL_Driver/Src/stm32f4xx_hal_cortex.c.obj
                0x080089bc                HAL_NVIC_SetPriority
 .text.HAL_NVIC_EnableIRQ
                0x08008a34       0x1c CMakeFiles/newcar_f407_zero.elf.dir/Drivers/STM32F4xx_HAL_Driver/Src/stm32f4xx_hal_cortex.c.obj
                0x08008a34                HAL_NVIC_EnableIRQ
 .text.HAL_SYSTICK_Config
                0x08008a50       0x34 CMakeFiles/newcar_f407_zero.elf.dir/Drivers/STM32F4xx_HAL_Driver/Src/stm32f4xx_hal_cortex.c.obj
                0x08008a50                HAL_SYSTICK_Config
 .text.HAL_DMA_Init
                0x08008a84      0x128 CMakeFiles/newcar_f407_zero.elf.dir/Drivers/STM32F4xx_HAL_Driver/Src/stm32f4xx_hal_dma.c.obj
                0x08008a84                HAL_DMA_Init
 .text.HAL_DMA_Start_IT
                0x08008bac       0x78 CMakeFiles/newcar_f407_zero.elf.dir/Drivers/STM32F4xx_HAL_Driver/Src/stm32f4xx_hal_dma.c.obj
                0x08008bac                HAL_DMA_Start_IT
 .text.HAL_DMA_Abort
                0x08008c24       0x94 CMakeFiles/newcar_f407_zero.elf.dir/Drivers/STM32F4xx_HAL_Driver/Src/stm32f4xx_hal_dma.c.obj
                0x08008c24                HAL_DMA_Abort
 .text.HAL_DMA_Abort_IT
                0x08008cb8       0x24 CMakeFiles/newcar_f407_zero.elf.dir/Drivers/STM32F4xx_HAL_Driver/Src/stm32f4xx_hal_dma.c.obj
                0x08008cb8                HAL_DMA_Abort_IT
 .text.HAL_DMA_IRQHandler
                0x08008cdc      0x1ac CMakeFiles/newcar_f407_zero.elf.dir/Drivers/STM32F4xx_HAL_Driver/Src/stm32f4xx_hal_dma.c.obj
                0x08008cdc                HAL_DMA_IRQHandler
 .text.HAL_GPIO_Init
                0x08008e88      0x3d4 CMakeFiles/newcar_f407_zero.elf.dir/Drivers/STM32F4xx_HAL_Driver/Src/stm32f4xx_hal_gpio.c.obj
                0x08008e88                HAL_GPIO_Init
 .text.HAL_GPIO_WritePin
                0x0800925c        0x8 CMakeFiles/newcar_f407_zero.elf.dir/Drivers/STM32F4xx_HAL_Driver/Src/stm32f4xx_hal_gpio.c.obj
                0x0800925c                HAL_GPIO_WritePin
 .text.HAL_IWDG_Init
                0x08009264       0x50 CMakeFiles/newcar_f407_zero.elf.dir/Drivers/STM32F4xx_HAL_Driver/Src/stm32f4xx_hal_iwdg.c.obj
                0x08009264                HAL_IWDG_Init
 .text.HAL_IWDG_Refresh
                0x080092b4        0xc CMakeFiles/newcar_f407_zero.elf.dir/Drivers/STM32F4xx_HAL_Driver/Src/stm32f4xx_hal_iwdg.c.obj
                0x080092b4                HAL_IWDG_Refresh
 .text.HAL_RCC_OscConfig
                0x080092c0      0x3c4 CMakeFiles/newcar_f407_zero.elf.dir/Drivers/STM32F4xx_HAL_Driver/Src/stm32f4xx_hal_rcc.c.obj
                0x080092c0                HAL_RCC_OscConfig
 .text.HAL_RCC_GetSysClockFreq
                0x08009684       0x68 CMakeFiles/newcar_f407_zero.elf.dir/Drivers/STM32F4xx_HAL_Driver/Src/stm32f4xx_hal_rcc.c.obj
                0x08009684                HAL_RCC_GetSysClockFreq
 .text.HAL_RCC_ClockConfig
                0x080096ec      0x13c CMakeFiles/newcar_f407_zero.elf.dir/Drivers/STM32F4xx_HAL_Driver/Src/stm32f4xx_hal_rcc.c.obj
                0x080096ec                HAL_RCC_ClockConfig
 .text.HAL_RCC_GetPCLK1Freq
                0x08009828       0x20 CMakeFiles/newcar_f407_zero.elf.dir/Drivers/STM32F4xx_HAL_Driver/Src/stm32f4xx_hal_rcc.c.obj
                0x08009828                HAL_RCC_GetPCLK1Freq
 .text.HAL_RCC_GetPCLK2Freq
                0x08009848       0x20 CMakeFiles/newcar_f407_zero.elf.dir/Drivers/STM32F4xx_HAL_Driver/Src/stm32f4xx_hal_rcc.c.obj
                0x08009848                HAL_RCC_GetPCLK2Freq
 .text.HAL_TIM_Base_Init
                0x08009868      0x130 CMakeFiles/newcar_f407_zero.elf.dir/Drivers/STM32F4xx_HAL_Driver/Src/stm32f4xx_hal_tim.c.obj
                0x08009868                HAL_TIM_Base_Init
 .text.HAL_TIM_OC_DelayElapsedCallback
                0x08009998        0x4 CMakeFiles/newcar_f407_zero.elf.dir/Drivers/STM32F4xx_HAL_Driver/Src/stm32f4xx_hal_tim.c.obj
                0x08009998                HAL_TIM_OC_DelayElapsedCallback
 .text.HAL_TIM_IC_CaptureCallback
                0x0800999c        0x4 CMakeFiles/newcar_f407_zero.elf.dir/Drivers/STM32F4xx_HAL_Driver/Src/stm32f4xx_hal_tim.c.obj
                0x0800999c                HAL_TIM_IC_CaptureCallback
 .text.HAL_TIM_PWM_PulseFinishedCallback
                0x080099a0        0x4 CMakeFiles/newcar_f407_zero.elf.dir/Drivers/STM32F4xx_HAL_Driver/Src/stm32f4xx_hal_tim.c.obj
                0x080099a0                HAL_TIM_PWM_PulseFinishedCallback
 .text.HAL_TIM_TriggerCallback
                0x080099a4        0x4 CMakeFiles/newcar_f407_zero.elf.dir/Drivers/STM32F4xx_HAL_Driver/Src/stm32f4xx_hal_tim.c.obj
                0x080099a4                HAL_TIM_TriggerCallback
 .text.HAL_TIM_IRQHandler
                0x080099a8      0x138 CMakeFiles/newcar_f407_zero.elf.dir/Drivers/STM32F4xx_HAL_Driver/Src/stm32f4xx_hal_tim.c.obj
                0x080099a8                HAL_TIM_IRQHandler
 .text.HAL_TIMEx_MasterConfigSynchronization
                0x08009ae0       0x80 CMakeFiles/newcar_f407_zero.elf.dir/Drivers/STM32F4xx_HAL_Driver/Src/stm32f4xx_hal_tim_ex.c.obj
                0x08009ae0                HAL_TIMEx_MasterConfigSynchronization
 .text.HAL_TIMEx_CommutCallback
                0x08009b60        0x4 CMakeFiles/newcar_f407_zero.elf.dir/Drivers/STM32F4xx_HAL_Driver/Src/stm32f4xx_hal_tim_ex.c.obj
                0x08009b60                HAL_TIMEx_CommutCallback
 .text.HAL_TIMEx_BreakCallback
                0x08009b64        0x4 CMakeFiles/newcar_f407_zero.elf.dir/Drivers/STM32F4xx_HAL_Driver/Src/stm32f4xx_hal_tim_ex.c.obj
                0x08009b64                HAL_TIMEx_BreakCallback
 .text.HAL_UART_Init
                0x08009b68      0x124 CMakeFiles/newcar_f407_zero.elf.dir/Drivers/STM32F4xx_HAL_Driver/Src/stm32f4xx_hal_uart.c.obj
                0x08009b68                HAL_UART_Init
 .text.HAL_UART_Transmit_DMA
                0x08009c8c       0x78 CMakeFiles/newcar_f407_zero.elf.dir/Drivers/STM32F4xx_HAL_Driver/Src/stm32f4xx_hal_uart.c.obj
                0x08009c8c                HAL_UART_Transmit_DMA
 .text.HAL_UART_TxCpltCallback
                0x08009d04        0x4 CMakeFiles/newcar_f407_zero.elf.dir/Drivers/STM32F4xx_HAL_Driver/Src/stm32f4xx_hal_uart.c.obj
                0x08009d04                HAL_UART_TxCpltCallback
 .text.UART_DMATransmitCplt
                0x08009d08       0x4c CMakeFiles/newcar_f407_zero.elf.dir/Drivers/STM32F4xx_HAL_Driver/Src/stm32f4xx_hal_uart.c.obj
 .text.HAL_UART_TxHalfCpltCallback
                0x08009d54        0x4 CMakeFiles/newcar_f407_zero.elf.dir/Drivers/STM32F4xx_HAL_Driver/Src/stm32f4xx_hal_uart.c.obj
                0x08009d54                HAL_UART_TxHalfCpltCallback
 .text.UART_DMATxHalfCplt
                0x08009d58        0xc CMakeFiles/newcar_f407_zero.elf.dir/Drivers/STM32F4xx_HAL_Driver/Src/stm32f4xx_hal_uart.c.obj
 .text.HAL_UART_RxCpltCallback
                0x08009d64        0x4 CMakeFiles/newcar_f407_zero.elf.dir/Drivers/STM32F4xx_HAL_Driver/Src/stm32f4xx_hal_uart.c.obj
                0x08009d64                HAL_UART_RxCpltCallback
 .text.HAL_UART_RxHalfCpltCallback
                0x08009d68        0x4 CMakeFiles/newcar_f407_zero.elf.dir/Drivers/STM32F4xx_HAL_Driver/Src/stm32f4xx_hal_uart.c.obj
                0x08009d68                HAL_UART_RxHalfCpltCallback
 .text.UART_DMAError
                0x08009d6c       0xbc CMakeFiles/newcar_f407_zero.elf.dir/Drivers/STM32F4xx_HAL_Driver/Src/stm32f4xx_hal_uart.c.obj
 .text.UART_DMAAbortOnError
                0x08009e28       0x10 CMakeFiles/newcar_f407_zero.elf.dir/Drivers/STM32F4xx_HAL_Driver/Src/stm32f4xx_hal_uart.c.obj
 .text.UART_DMARxHalfCplt
                0x08009e38       0x20 CMakeFiles/newcar_f407_zero.elf.dir/Drivers/STM32F4xx_HAL_Driver/Src/stm32f4xx_hal_uart.c.obj
 .text.UART_DMAReceiveCplt
                0x08009e58       0x98 CMakeFiles/newcar_f407_zero.elf.dir/Drivers/STM32F4xx_HAL_Driver/Src/stm32f4xx_hal_uart.c.obj
 .text.UART_Receive_IT.part.0.isra.0
                0x08009ef0       0xc0 CMakeFiles/newcar_f407_zero.elf.dir/Drivers/STM32F4xx_HAL_Driver/Src/stm32f4xx_hal_uart.c.obj
 .text.HAL_UART_IRQHandler
                0x08009fb0      0x364 CMakeFiles/newcar_f407_zero.elf.dir/Drivers/STM32F4xx_HAL_Driver/Src/stm32f4xx_hal_uart.c.obj
                0x08009fb0                HAL_UART_IRQHandler
 .text.UART_Start_Receive_DMA
                0x0800a314       0x9c CMakeFiles/newcar_f407_zero.elf.dir/Drivers/STM32F4xx_HAL_Driver/Src/stm32f4xx_hal_uart.c.obj
                0x0800a314                UART_Start_Receive_DMA
 .text.HAL_UARTEx_ReceiveToIdle_DMA
                0x0800a3b0       0x60 CMakeFiles/newcar_f407_zero.elf.dir/Drivers/STM32F4xx_HAL_Driver/Src/stm32f4xx_hal_uart.c.obj
                0x0800a3b0                HAL_UARTEx_ReceiveToIdle_DMA
 .text.USER_CAN1_Filter_Init
                0x0800a410       0x8c CMakeFiles/newcar_f407_zero.elf.dir/User_File/1_Middleware/1_Driver/CAN/drv_can.cpp.obj
                0x0800a410                USER_CAN1_Filter_Init
 .text.can_SendCmd
                0x0800a49c      0x144 CMakeFiles/newcar_f407_zero.elf.dir/User_File/1_Middleware/1_Driver/CAN/drv_can.cpp.obj
                0x0800a49c                can_SendCmd
 .text.HAL_TIM_PeriodElapsedCallback
                0x0800a5e0       0x38 CMakeFiles/newcar_f407_zero.elf.dir/User_File/1_Middleware/1_Driver/TIM/drv_tim.cpp.obj
                0x0800a5e0                HAL_TIM_PeriodElapsedCallback
 .text.HAL_UARTEx_RxEventCallback
                0x0800a618      0x134 CMakeFiles/newcar_f407_zero.elf.dir/User_File/1_Middleware/1_Driver/UART/drv_uart.cpp.obj
                0x0800a618                HAL_UARTEx_RxEventCallback
 .text.HAL_UART_ErrorCallback
                0x0800a74c       0xac CMakeFiles/newcar_f407_zero.elf.dir/User_File/1_Middleware/1_Driver/UART/drv_uart.cpp.obj
                0x0800a74c                HAL_UART_ErrorCallback
 .text.ZDT_X42_V2_Traj_Position_Control
                0x0800a7f8       0xd8 CMakeFiles/newcar_f407_zero.elf.dir/User_File/2_Device/Motor/Motor_ZDT42/ZDT_X42_V2.c.obj
                0x0800a7f8                ZDT_X42_V2_Traj_Position_Control
 .text.Vofa_FireWater
                0x0800a8d0       0x30 CMakeFiles/newcar_f407_zero.elf.dir/User_File/2_Device/Vofa/vofa.c.obj
                0x0800a8d0                Vofa_FireWater
 .text.arm_sin_f32
                0x0800a900       0x8c D:\Desktop\new_carrycar\newcar_f407_zero\Middlewares\ST\ARM\DSP\Lib\libarm_cortexM4lf_math.a(arm_sin_f32.o)
                0x0800a900                arm_sin_f32
 .text.__udivmoddi4
                0x0800a98c      0x2a0 C:/msys64/mingw64/bin/../lib/gcc/arm-none-eabi/13.3.0/thumb/v7e-m+fp/hard\libgcc.a(_udivmoddi4.o)
                0x0800a98c                __udivmoddi4
 .text.selfrel_offset31
                0x0800ac2c       0x12 C:/msys64/mingw64/bin/../lib/gcc/arm-none-eabi/13.3.0/thumb/v7e-m+fp/hard\libgcc.a(unwind-arm.o)
 .text.search_EIT_table
                0x0800ac3e       0x60 C:/msys64/mingw64/bin/../lib/gcc/arm-none-eabi/13.3.0/thumb/v7e-m+fp/hard\libgcc.a(unwind-arm.o)
 *fill*         0x0800ac9e        0x2 
 .text.__gnu_unwind_get_pr_addr
                0x0800aca0       0x28 C:/msys64/mingw64/bin/../lib/gcc/arm-none-eabi/13.3.0/thumb/v7e-m+fp/hard\libgcc.a(unwind-arm.o)
 .text.get_eit_entry
                0x0800acc8       0x8c C:/msys64/mingw64/bin/../lib/gcc/arm-none-eabi/13.3.0/thumb/v7e-m+fp/hard\libgcc.a(unwind-arm.o)
 .text.restore_non_core_regs
                0x0800ad54       0x4e C:/msys64/mingw64/bin/../lib/gcc/arm-none-eabi/13.3.0/thumb/v7e-m+fp/hard\libgcc.a(unwind-arm.o)
 .text._Unwind_decode_typeinfo_ptr.constprop.0
                0x0800ada2        0xa C:/msys64/mingw64/bin/../lib/gcc/arm-none-eabi/13.3.0/thumb/v7e-m+fp/hard\libgcc.a(unwind-arm.o)
 .text._Unwind_DebugHook
                0x0800adac        0x2 C:/msys64/mingw64/bin/../lib/gcc/arm-none-eabi/13.3.0/thumb/v7e-m+fp/hard\libgcc.a(unwind-arm.o)
 .text.unwind_phase2
                0x0800adae       0x3a C:/msys64/mingw64/bin/../lib/gcc/arm-none-eabi/13.3.0/thumb/v7e-m+fp/hard\libgcc.a(unwind-arm.o)
 .text.unwind_phase2_forced
                0x0800ade8       0xba C:/msys64/mingw64/bin/../lib/gcc/arm-none-eabi/13.3.0/thumb/v7e-m+fp/hard\libgcc.a(unwind-arm.o)
 .text.__gnu_Unwind_RaiseException
                0x0800aea2       0x5a C:/msys64/mingw64/bin/../lib/gcc/arm-none-eabi/13.3.0/thumb/v7e-m+fp/hard\libgcc.a(unwind-arm.o)
                0x0800aea2                __gnu_Unwind_RaiseException
 .text.__gnu_Unwind_ForcedUnwind
                0x0800aefc       0x14 C:/msys64/mingw64/bin/../lib/gcc/arm-none-eabi/13.3.0/thumb/v7e-m+fp/hard\libgcc.a(unwind-arm.o)
                0x0800aefc                __gnu_Unwind_ForcedUnwind
 .text.__gnu_Unwind_Resume
                0x0800af10       0x40 C:/msys64/mingw64/bin/../lib/gcc/arm-none-eabi/13.3.0/thumb/v7e-m+fp/hard\libgcc.a(unwind-arm.o)
                0x0800af10                __gnu_Unwind_Resume
 .text.__gnu_Unwind_Resume_or_Rethrow
                0x0800af50       0x12 C:/msys64/mingw64/bin/../lib/gcc/arm-none-eabi/13.3.0/thumb/v7e-m+fp/hard\libgcc.a(unwind-arm.o)
                0x0800af50                __gnu_Unwind_Resume_or_Rethrow
 .text._Unwind_VRS_Get
                0x0800af62       0x30 C:/msys64/mingw64/bin/../lib/gcc/arm-none-eabi/13.3.0/thumb/v7e-m+fp/hard\libgcc.a(unwind-arm.o)
                0x0800af62                _Unwind_VRS_Get
 .text._Unwind_GetGR
                0x0800af92       0x18 C:/msys64/mingw64/bin/../lib/gcc/arm-none-eabi/13.3.0/thumb/v7e-m+fp/hard\libgcc.a(unwind-arm.o)
 .text._Unwind_VRS_Set
                0x0800afaa       0x32 C:/msys64/mingw64/bin/../lib/gcc/arm-none-eabi/13.3.0/thumb/v7e-m+fp/hard\libgcc.a(unwind-arm.o)
                0x0800afaa                _Unwind_VRS_Set
 .text._Unwind_SetGR
                0x0800afdc       0x18 C:/msys64/mingw64/bin/../lib/gcc/arm-none-eabi/13.3.0/thumb/v7e-m+fp/hard\libgcc.a(unwind-arm.o)
 .text.__gnu_Unwind_Backtrace
                0x0800aff4       0x6c C:/msys64/mingw64/bin/../lib/gcc/arm-none-eabi/13.3.0/thumb/v7e-m+fp/hard\libgcc.a(unwind-arm.o)
                0x0800aff4                __gnu_Unwind_Backtrace
 .text.__gnu_unwind_pr_common
                0x0800b060      0x24c C:/msys64/mingw64/bin/../lib/gcc/arm-none-eabi/13.3.0/thumb/v7e-m+fp/hard\libgcc.a(unwind-arm.o)
 .text.__aeabi_unwind_cpp_pr0
                0x0800b2ac        0x6 C:/msys64/mingw64/bin/../lib/gcc/arm-none-eabi/13.3.0/thumb/v7e-m+fp/hard\libgcc.a(unwind-arm.o)
                0x0800b2ac                __aeabi_unwind_cpp_pr0
 .text.__aeabi_unwind_cpp_pr1
                0x0800b2b2        0x6 C:/msys64/mingw64/bin/../lib/gcc/arm-none-eabi/13.3.0/thumb/v7e-m+fp/hard\libgcc.a(unwind-arm.o)
                0x0800b2b2                __aeabi_unwind_cpp_pr1
 .text.__aeabi_unwind_cpp_pr2
                0x0800b2b8        0x6 C:/msys64/mingw64/bin/../lib/gcc/arm-none-eabi/13.3.0/thumb/v7e-m+fp/hard\libgcc.a(unwind-arm.o)
                0x0800b2b8                __aeabi_unwind_cpp_pr2
 .text._Unwind_VRS_Pop
                0x0800b2be      0x226 C:/msys64/mingw64/bin/../lib/gcc/arm-none-eabi/13.3.0/thumb/v7e-m+fp/hard\libgcc.a(unwind-arm.o)
                0x0800b2be                _Unwind_VRS_Pop
 .text.next_unwind_byte
                0x0800b4e4       0x30 C:/msys64/mingw64/bin/../lib/gcc/arm-none-eabi/13.3.0/thumb/v7e-m+fp/hard\libgcc.a(pr-support.o)
 .text.__gnu_unwind_execute
                0x0800b514      0x268 C:/msys64/mingw64/bin/../lib/gcc/arm-none-eabi/13.3.0/thumb/v7e-m+fp/hard\libgcc.a(pr-support.o)
                0x0800b514                __gnu_unwind_execute
 .text.startup  0x0800b77c       0x14 C:/msys64/mingw64/bin/../lib/gcc/arm-none-eabi/13.3.0/../../../../arm-none-eabi/lib/thumb/v7e-m+fp/hard\libg.a(libc_a-__call_atexit.o)
 *(.glue_7)
 .glue_7        0x0800b790        0x0 linker stubs
 *(.glue_7t)
 .glue_7t       0x0800b790        0x0 linker stubs
 *(.eh_frame)
 .eh_frame      0x0800b790        0x0 C:/msys64/mingw64/bin/../lib/gcc/arm-none-eabi/13.3.0/thumb/v7e-m+fp/hard/crtbegin.o
 *(.init)
 .init          0x0800b790        0x4 C:/msys64/mingw64/bin/../lib/gcc/arm-none-eabi/13.3.0/thumb/v7e-m+fp/hard/crti.o
                0x0800b790                _init
 .init          0x0800b794        0x8 C:/msys64/mingw64/bin/../lib/gcc/arm-none-eabi/13.3.0/thumb/v7e-m+fp/hard/crtn.o
 *(.fini)
 .fini          0x0800b79c        0x4 C:/msys64/mingw64/bin/../lib/gcc/arm-none-eabi/13.3.0/thumb/v7e-m+fp/hard/crti.o
                0x0800b79c                _fini
 .fini          0x0800b7a0        0x8 C:/msys64/mingw64/bin/../lib/gcc/arm-none-eabi/13.3.0/thumb/v7e-m+fp/hard/crtn.o
                0x0800b7a8                        . = ALIGN (0x4)
                0x0800b7a8                        _etext = .

.vfp11_veneer   0x0800b7a8        0x0
 .vfp11_veneer  0x0800b7a8        0x0 linker stubs

.v4_bx          0x0800b7a8        0x0
 .v4_bx         0x0800b7a8        0x0 linker stubs

.iplt           0x0800b7a8        0x0
 .iplt          0x0800b7a8        0x0 C:/msys64/mingw64/bin/../lib/gcc/arm-none-eabi/13.3.0/thumb/v7e-m+fp/hard/crtbegin.o

.rodata         0x0800b7a8      0xbc8
                0x0800b7a8                        . = ALIGN (0x4)
 *(.rodata)
 .rodata        0x0800b7a8       0x20 C:/msys64/mingw64/bin/../lib/gcc/arm-none-eabi/13.3.0/../../../../arm-none-eabi/lib/thumb/v7e-m+fp/hard\libg.a(libc_a-svfprintf.o)
 .rodata        0x0800b7c8      0x128 C:/msys64/mingw64/bin/../lib/gcc/arm-none-eabi/13.3.0/../../../../arm-none-eabi/lib/thumb/v7e-m+fp/hard\libg.a(libc_a-mprec.o)
                0x0800b7d8                __mprec_tens
                0x0800b8a0                __mprec_tinytens
                0x0800b8c8                __mprec_bigtens
 .rodata        0x0800b8f0      0x101 C:/msys64/mingw64/bin/../lib/gcc/arm-none-eabi/13.3.0/../../../../arm-none-eabi/lib/thumb/v7e-m+fp/hard\libg.a(libc_a-ctype_.o)
                0x0800b8f0                _ctype_
 *fill*         0x0800b9f1        0x3 
 .rodata        0x0800b9f4       0x20 C:/msys64/mingw64/bin/../lib/gcc/arm-none-eabi/13.3.0/../../../../arm-none-eabi/lib/thumb/v7e-m+fp/hard\libg.a(libc_a-vfiprintf.o)
 *(.rodata*)
 .rodata.main.str1.4
                0x0800ba14      0x137 CMakeFiles/newcar_f407_zero.elf.dir/Core/Src/main.c.obj
                                  0x8 (size before relaxing)
 *fill*         0x0800bb4b        0x1 
 .rodata.APBPrescTable
                0x0800bb4c        0x8 CMakeFiles/newcar_f407_zero.elf.dir/Core/Src/system_stm32f4xx.c.obj
                0x0800bb4c                APBPrescTable
 .rodata.AHBPrescTable
                0x0800bb54       0x10 CMakeFiles/newcar_f407_zero.elf.dir/Core/Src/system_stm32f4xx.c.obj
                0x0800bb54                AHBPrescTable
 .rodata.flagBitshiftOffset.0
                0x0800bb64        0x8 CMakeFiles/newcar_f407_zero.elf.dir/Drivers/STM32F4xx_HAL_Driver/Src/stm32f4xx_hal_dma.c.obj
 .rodata.sinTable_f32
                0x0800bb6c      0x804 D:\Desktop\new_carrycar\newcar_f407_zero\Middlewares\ST\ARM\DSP\Lib\libarm_cortexM4lf_math.a(arm_common_tables.o)
                0x0800bb6c                sinTable_f32
 .rodata.str1.4
                0x0800c370       0x42 C:/msys64/mingw64/bin/../lib/gcc/arm-none-eabi/13.3.0/../../../../arm-none-eabi/lib/thumb/v7e-m+fp/hard\libg.a(libc_a-svfprintf.o)
 .rodata.str1.4
                0x0800c370       0x63 C:/msys64/mingw64/bin/../lib/gcc/arm-none-eabi/13.3.0/../../../../arm-none-eabi/lib/thumb/v7e-m+fp/hard\libg.a(libc_a-dtoa.o)
 .rodata.str1.4
                0x0800c370       0x50 C:/msys64/mingw64/bin/../lib/gcc/arm-none-eabi/13.3.0/../../../../arm-none-eabi/lib/thumb/v7e-m+fp/hard\libg.a(libc_a-mprec.o)
 .rodata.str1.4
                0x0800c370       0x12 C:/msys64/mingw64/bin/../lib/gcc/arm-none-eabi/13.3.0/../../../../arm-none-eabi/lib/thumb/v7e-m+fp/hard\libg.a(libc_a-locale.o)
 .rodata.str1.4
                0x0800c370       0x43 C:/msys64/mingw64/bin/../lib/gcc/arm-none-eabi/13.3.0/../../../../arm-none-eabi/lib/thumb/v7e-m+fp/hard\libg.a(libc_a-assert.o)
 .rodata.str1.4
                0x0800c370       0x2f C:/msys64/mingw64/bin/../lib/gcc/arm-none-eabi/13.3.0/../../../../arm-none-eabi/lib/thumb/v7e-m+fp/hard\libg.a(libc_a-vfiprintf.o)
                0x0800c3d4                        . = ALIGN (0x4)

.ARM.extab      0x0800c370        0x0
                0x0800c370                        . = ALIGN (0x4)
 *(.ARM.extab* .gnu.linkonce.armextab.*)
                0x0800c370                        . = ALIGN (0x4)

.ARM            0x0800c370       0xb0
                0x0800c370                        . = ALIGN (0x4)
                0x0800c370                        __exidx_start = .
 *(.ARM.exidx*)
 .ARM.exidx     0x0800c370        0x8 C:/msys64/mingw64/bin/../lib/gcc/arm-none-eabi/13.3.0/../../../../arm-none-eabi/lib/thumb/v7e-m+fp/hard\libg.a(libc_a-memcpy.o)
 .ARM.exidx     0x0800c378        0x0 C:/msys64/mingw64/bin/../lib/gcc/arm-none-eabi/13.3.0/../../../../arm-none-eabi/lib/thumb/v7e-m+fp/hard\libg.a(libc_a-memchr.o)
                                  0x8 (size before relaxing)
 .ARM.exidx     0x0800c378        0x0 C:/msys64/mingw64/bin/../lib/gcc/arm-none-eabi/13.3.0/../../../../arm-none-eabi/lib/thumb/v7e-m+fp/hard\libg.a(libc_a-strlen.o)
                                  0x8 (size before relaxing)
 .ARM.exidx.text.USER_CAN1_Filter_Init
                0x0800c378        0x8 CMakeFiles/newcar_f407_zero.elf.dir/User_File/1_Middleware/1_Driver/CAN/drv_can.cpp.obj
 .ARM.exidx.text.can_SendCmd
                0x0800c380        0x8 CMakeFiles/newcar_f407_zero.elf.dir/User_File/1_Middleware/1_Driver/CAN/drv_can.cpp.obj
 .ARM.exidx.text.HAL_TIM_PeriodElapsedCallback
                0x0800c388        0x8 CMakeFiles/newcar_f407_zero.elf.dir/User_File/1_Middleware/1_Driver/TIM/drv_tim.cpp.obj
 .ARM.exidx.text.HAL_UARTEx_RxEventCallback
                0x0800c390        0x8 CMakeFiles/newcar_f407_zero.elf.dir/User_File/1_Middleware/1_Driver/UART/drv_uart.cpp.obj
 .ARM.exidx.text.HAL_UART_ErrorCallback
                0x0800c398        0x8 CMakeFiles/newcar_f407_zero.elf.dir/User_File/1_Middleware/1_Driver/UART/drv_uart.cpp.obj
 .ARM.exidx.text.__udivmoddi4
                0x0800c3a0        0x0 C:/msys64/mingw64/bin/../lib/gcc/arm-none-eabi/13.3.0/thumb/v7e-m+fp/hard\libgcc.a(_udivmoddi4.o)
                                  0x8 (size before relaxing)
 .ARM.exidx.text.selfrel_offset31
                0x0800c3a0        0x0 C:/msys64/mingw64/bin/../lib/gcc/arm-none-eabi/13.3.0/thumb/v7e-m+fp/hard\libgcc.a(unwind-arm.o)
                                  0x8 (size before relaxing)
 .ARM.exidx.text.search_EIT_table
                0x0800c3a0        0x0 C:/msys64/mingw64/bin/../lib/gcc/arm-none-eabi/13.3.0/thumb/v7e-m+fp/hard\libgcc.a(unwind-arm.o)
                                  0x8 (size before relaxing)
 .ARM.exidx.text.__gnu_unwind_get_pr_addr
                0x0800c3a0        0x0 C:/msys64/mingw64/bin/../lib/gcc/arm-none-eabi/13.3.0/thumb/v7e-m+fp/hard\libgcc.a(unwind-arm.o)
                                  0x8 (size before relaxing)
 .ARM.exidx.text.get_eit_entry
                0x0800c3a0        0x8 C:/msys64/mingw64/bin/../lib/gcc/arm-none-eabi/13.3.0/thumb/v7e-m+fp/hard\libgcc.a(unwind-arm.o)
 .ARM.exidx.text.restore_non_core_regs
                0x0800c3a8        0x8 C:/msys64/mingw64/bin/../lib/gcc/arm-none-eabi/13.3.0/thumb/v7e-m+fp/hard\libgcc.a(unwind-arm.o)
 .ARM.exidx.text._Unwind_decode_typeinfo_ptr.constprop.0
                0x0800c3b0        0x8 C:/msys64/mingw64/bin/../lib/gcc/arm-none-eabi/13.3.0/thumb/v7e-m+fp/hard\libgcc.a(unwind-arm.o)
 .ARM.exidx.text._Unwind_DebugHook
                0x0800c3b8        0x0 C:/msys64/mingw64/bin/../lib/gcc/arm-none-eabi/13.3.0/thumb/v7e-m+fp/hard\libgcc.a(unwind-arm.o)
                                  0x8 (size before relaxing)
 .ARM.exidx.text.unwind_phase2
                0x0800c3b8        0x8 C:/msys64/mingw64/bin/../lib/gcc/arm-none-eabi/13.3.0/thumb/v7e-m+fp/hard\libgcc.a(unwind-arm.o)
 .ARM.exidx.text.unwind_phase2_forced
                0x0800c3c0        0x8 C:/msys64/mingw64/bin/../lib/gcc/arm-none-eabi/13.3.0/thumb/v7e-m+fp/hard\libgcc.a(unwind-arm.o)
 .ARM.exidx.text.__gnu_Unwind_RaiseException
                0x0800c3c8        0x8 C:/msys64/mingw64/bin/../lib/gcc/arm-none-eabi/13.3.0/thumb/v7e-m+fp/hard\libgcc.a(unwind-arm.o)
 .ARM.exidx.text.__gnu_Unwind_ForcedUnwind
                0x0800c3d0        0x8 C:/msys64/mingw64/bin/../lib/gcc/arm-none-eabi/13.3.0/thumb/v7e-m+fp/hard\libgcc.a(unwind-arm.o)
 .ARM.exidx.text.__gnu_Unwind_Resume
                0x0800c3d8        0x8 C:/msys64/mingw64/bin/../lib/gcc/arm-none-eabi/13.3.0/thumb/v7e-m+fp/hard\libgcc.a(unwind-arm.o)
 .ARM.exidx.text.__gnu_Unwind_Resume_or_Rethrow
                0x0800c3e0        0x8 C:/msys64/mingw64/bin/../lib/gcc/arm-none-eabi/13.3.0/thumb/v7e-m+fp/hard\libgcc.a(unwind-arm.o)
 .ARM.exidx.text._Unwind_VRS_Get
                0x0800c3e8        0x0 C:/msys64/mingw64/bin/../lib/gcc/arm-none-eabi/13.3.0/thumb/v7e-m+fp/hard\libgcc.a(unwind-arm.o)
                                  0x8 (size before relaxing)
 .ARM.exidx.text._Unwind_GetGR
                0x0800c3e8        0x0 C:/msys64/mingw64/bin/../lib/gcc/arm-none-eabi/13.3.0/thumb/v7e-m+fp/hard\libgcc.a(unwind-arm.o)
                                  0x8 (size before relaxing)
 .ARM.exidx.text._Unwind_VRS_Set
                0x0800c3e8        0x0 C:/msys64/mingw64/bin/../lib/gcc/arm-none-eabi/13.3.0/thumb/v7e-m+fp/hard\libgcc.a(unwind-arm.o)
                                  0x8 (size before relaxing)
 .ARM.exidx.text._Unwind_SetGR
                0x0800c3e8        0x0 C:/msys64/mingw64/bin/../lib/gcc/arm-none-eabi/13.3.0/thumb/v7e-m+fp/hard\libgcc.a(unwind-arm.o)
                                  0x8 (size before relaxing)
 .ARM.exidx.text.__gnu_Unwind_Backtrace
                0x0800c3e8        0x8 C:/msys64/mingw64/bin/../lib/gcc/arm-none-eabi/13.3.0/thumb/v7e-m+fp/hard\libgcc.a(unwind-arm.o)
 .ARM.exidx.text.__gnu_unwind_pr_common
                0x0800c3f0        0x8 C:/msys64/mingw64/bin/../lib/gcc/arm-none-eabi/13.3.0/thumb/v7e-m+fp/hard\libgcc.a(unwind-arm.o)
 .ARM.exidx.text.__aeabi_unwind_cpp_pr0
                0x0800c3f8        0x8 C:/msys64/mingw64/bin/../lib/gcc/arm-none-eabi/13.3.0/thumb/v7e-m+fp/hard\libgcc.a(unwind-arm.o)
 .ARM.exidx.text.__aeabi_unwind_cpp_pr1
                0x0800c400        0x0 C:/msys64/mingw64/bin/../lib/gcc/arm-none-eabi/13.3.0/thumb/v7e-m+fp/hard\libgcc.a(unwind-arm.o)
                                  0x8 (size before relaxing)
 .ARM.exidx.text.__aeabi_unwind_cpp_pr2
                0x0800c400        0x0 C:/msys64/mingw64/bin/../lib/gcc/arm-none-eabi/13.3.0/thumb/v7e-m+fp/hard\libgcc.a(unwind-arm.o)
                                  0x8 (size before relaxing)
 .ARM.exidx.text._Unwind_VRS_Pop
                0x0800c400        0x8 C:/msys64/mingw64/bin/../lib/gcc/arm-none-eabi/13.3.0/thumb/v7e-m+fp/hard\libgcc.a(unwind-arm.o)
 .ARM.exidx.text.next_unwind_byte
                0x0800c408        0x8 C:/msys64/mingw64/bin/../lib/gcc/arm-none-eabi/13.3.0/thumb/v7e-m+fp/hard\libgcc.a(pr-support.o)
 .ARM.exidx.text.__gnu_unwind_execute
                0x0800c410       0x10 C:/msys64/mingw64/bin/../lib/gcc/arm-none-eabi/13.3.0/thumb/v7e-m+fp/hard\libgcc.a(pr-support.o)
                                  0x8 (size before relaxing)
                0x0800c420                        __exidx_end = .
                0x0800c420                        . = ALIGN (0x4)

.preinit_array  0x0800c420        0x0
                0x0800c420                        . = ALIGN (0x4)
                0x0800c420                        PROVIDE (__preinit_array_start = .)
 *(.preinit_array*)
                0x0800c420                        PROVIDE (__preinit_array_end = .)
                0x0800c420                        . = ALIGN (0x4)

.init_array     0x0800c420        0x8
                0x0800c420                        . = ALIGN (0x4)
                0x0800c420                        PROVIDE (__init_array_start = .)
 *(SORT_BY_NAME(.init_array.*))
 .init_array.00000
                0x0800c420        0x4 C:/msys64/mingw64/bin/../lib/gcc/arm-none-eabi/13.3.0/../../../../arm-none-eabi/lib/thumb/v7e-m+fp/hard\libg.a(libc_a-__call_atexit.o)
 *(.init_array*)
 .init_array    0x0800c424        0x4 C:/msys64/mingw64/bin/../lib/gcc/arm-none-eabi/13.3.0/thumb/v7e-m+fp/hard/crtbegin.o
                0x0800c428                        PROVIDE (__init_array_end = .)
                0x0800c428                        . = ALIGN (0x4)

.fini_array     0x0800c428        0x4
                0x0800c428                        . = ALIGN (0x4)
                0x0800c428                        PROVIDE (__fini_array_start = .)
 *(SORT_BY_NAME(.fini_array.*))
 *(.fini_array*)
 .fini_array    0x0800c428        0x4 C:/msys64/mingw64/bin/../lib/gcc/arm-none-eabi/13.3.0/thumb/v7e-m+fp/hard/crtbegin.o
                0x0800c42c                        PROVIDE (__fini_array_end = .)
                0x0800c42c                        . = ALIGN (0x4)
                0x0800c42c                        _sidata = LOADADDR (.data)

.rel.dyn        0x0800c42c        0x0
 .rel.iplt      0x0800c42c        0x0 C:/msys64/mingw64/bin/../lib/gcc/arm-none-eabi/13.3.0/thumb/v7e-m+fp/hard/crtbegin.o

.data           0x20000000      0x6c8 load address 0x0800c42c
                0x20000000                        . = ALIGN (0x4)
                0x20000000                        _sdata = .
 *(.data)
 .data          0x20000000        0xc C:/msys64/mingw64/bin/../lib/gcc/arm-none-eabi/13.3.0/../../../../arm-none-eabi/lib/thumb/v7e-m+fp/hard\libg.a(libc_a-findfp.o)
                0x20000000                __sglue
 *fill*         0x2000000c        0x4 
 .data          0x20000010      0x128 C:/msys64/mingw64/bin/../lib/gcc/arm-none-eabi/13.3.0/../../../../arm-none-eabi/lib/thumb/v7e-m+fp/hard\libg.a(libc_a-impure.o)
                0x20000010                _impure_ptr
                0x20000018                _impure_data
 .data          0x20000138        0x4 C:/msys64/mingw64/bin/../lib/gcc/arm-none-eabi/13.3.0/../../../../arm-none-eabi/lib/thumb/v7e-m+fp/hard\libg.a(libc_a-__call_atexit.o)
                0x20000138                __atexit_recursive_mutex
 *fill*         0x2000013c        0x4 
 .data          0x20000140      0x410 C:/msys64/mingw64/bin/../lib/gcc/arm-none-eabi/13.3.0/../../../../arm-none-eabi/lib/thumb/v7e-m+fp/hard\libg.a(libc_a-mallocr.o)
                0x20000140                __malloc_av_
                0x20000548                __malloc_sbrk_base
                0x2000054c                __malloc_trim_threshold
 .data          0x20000550      0x16c C:/msys64/mingw64/bin/../lib/gcc/arm-none-eabi/13.3.0/../../../../arm-none-eabi/lib/thumb/v7e-m+fp/hard\libg.a(libc_a-locale.o)
                0x20000550                __global_locale
 *(.data*)
 .data.SystemCoreClock
                0x200006bc        0x4 CMakeFiles/newcar_f407_zero.elf.dir/Core/Src/system_stm32f4xx.c.obj
                0x200006bc                SystemCoreClock
 .data.uwTickFreq
                0x200006c0        0x1 CMakeFiles/newcar_f407_zero.elf.dir/Drivers/STM32F4xx_HAL_Driver/Src/stm32f4xx_hal.c.obj
                0x200006c0                uwTickFreq
 *fill*         0x200006c1        0x3 
 .data.uwTickPrio
                0x200006c4        0x4 CMakeFiles/newcar_f407_zero.elf.dir/Drivers/STM32F4xx_HAL_Driver/Src/stm32f4xx_hal.c.obj
                0x200006c4                uwTickPrio
 *(.RamFunc)
 *(.RamFunc*)
                0x200006c8                        . = ALIGN (0x4)
                0x200006c8                        _edata = .
                0x0800caf4                        _siccmram = LOADADDR (.ccmram)

.igot.plt       0x200006c8        0x0 load address 0x0800caf4
 .igot.plt      0x200006c8        0x0 C:/msys64/mingw64/bin/../lib/gcc/arm-none-eabi/13.3.0/thumb/v7e-m+fp/hard/crtbegin.o

.ccmram         0x10000000        0x0 load address 0x0800caf4
                0x10000000                        . = ALIGN (0x4)
                0x10000000                        _sccmram = .
 *(.ccmram)
 *(.ccmram*)
                0x10000000                        . = ALIGN (0x4)
                0x10000000                        _eccmram = .
                0x10000000                        . = ALIGN (0x4)

.bss            0x200006c8     0x21d4
                0x200006c8                        _sbss = .
                0x200006c8                        __bss_start__ = _sbss
 *(.bss)
 .bss           0x200006c8      0x13c C:/msys64/mingw64/bin/../lib/gcc/arm-none-eabi/13.3.0/../../../../arm-none-eabi/lib/thumb/v7e-m+fp/hard\libg.a(libc_a-findfp.o)
                0x200006c8                __sf
                0x20000800                __stdio_exit_handler
 .bss           0x20000804        0x4 C:/msys64/mingw64/bin/../lib/gcc/arm-none-eabi/13.3.0/../../../../arm-none-eabi/lib/thumb/v7e-m+fp/hard\libg.a(libc_a-reent.o)
                0x20000804                errno
 .bss           0x20000808       0x1d C:/msys64/mingw64/bin/../lib/gcc/arm-none-eabi/13.3.0/../../../../arm-none-eabi/lib/thumb/v7e-m+fp/hard\libg.a(libc_a-lock.o)
                0x20000808                __lock___arc4random_mutex
                0x2000080c                __lock___dd_hash_mutex
                0x20000810                __lock___tz_mutex
                0x20000814                __lock___env_recursive_mutex
                0x20000818                __lock___malloc_recursive_mutex
                0x2000081c                __lock___at_quick_exit_mutex
                0x20000820                __lock___atexit_recursive_mutex
                0x20000824                __lock___sfp_recursive_mutex
 *fill*         0x20000825        0x3 
 .bss           0x20000828      0x190 C:/msys64/mingw64/bin/../lib/gcc/arm-none-eabi/13.3.0/../../../../arm-none-eabi/lib/thumb/v7e-m+fp/hard\libg.a(libc_a-__atexit.o)
                0x20000828                __atexit0
 .bss           0x200009b8        0x4 C:/msys64/mingw64/bin/../lib/gcc/arm-none-eabi/13.3.0/../../../../arm-none-eabi/lib/thumb/v7e-m+fp/hard\libg.a(libc_a-__call_atexit.o)
                0x200009b8                __atexit
 .bss           0x200009bc       0x34 C:/msys64/mingw64/bin/../lib/gcc/arm-none-eabi/13.3.0/../../../../arm-none-eabi/lib/thumb/v7e-m+fp/hard\libg.a(libc_a-mallocr.o)
                0x200009bc                __malloc_top_pad
                0x200009c0                __malloc_current_mallinfo
                0x200009e8                __malloc_max_sbrked_mem
                0x200009ec                __malloc_max_total_mem
 *(.bss*)
 .bss.completed.1
                0x200009f0        0x1 C:/msys64/mingw64/bin/../lib/gcc/arm-none-eabi/13.3.0/thumb/v7e-m+fp/hard/crtbegin.o
 *fill*         0x200009f1        0x3 
 .bss.object.0  0x200009f4       0x18 C:/msys64/mingw64/bin/../lib/gcc/arm-none-eabi/13.3.0/thumb/v7e-m+fp/hard/crtbegin.o
 .bss.hcan1     0x20000a0c       0x28 CMakeFiles/newcar_f407_zero.elf.dir/Core/Src/can.c.obj
                0x20000a0c                hcan1
 *fill*         0x20000a34        0x4 
 .bss.hdma_memtomem_dma2_stream0
                0x20000a38       0x60 CMakeFiles/newcar_f407_zero.elf.dir/Core/Src/dma.c.obj
                0x20000a38                hdma_memtomem_dma2_stream0
 .bss.hiwdg     0x20000a98        0xc CMakeFiles/newcar_f407_zero.elf.dir/Core/Src/iwdg.c.obj
                0x20000a98                hiwdg
 .bss.b         0x20000aa4        0x4 CMakeFiles/newcar_f407_zero.elf.dir/Core/Src/main.c.obj
                0x20000aa4                b
 .bss.a         0x20000aa8        0x4 CMakeFiles/newcar_f407_zero.elf.dir/Core/Src/main.c.obj
                0x20000aa8                a
 .bss.init_finished
                0x20000aac        0x1 CMakeFiles/newcar_f407_zero.elf.dir/Core/Src/main.c.obj
                0x20000aac                init_finished
 *fill*         0x20000aad        0x3 
 .bss.__sbrk_heap_end
                0x20000ab0        0x4 CMakeFiles/newcar_f407_zero.elf.dir/Core/Src/sysmem.c.obj
 *fill*         0x20000ab4        0x4 
 .bss.htim6     0x20000ab8       0x48 CMakeFiles/newcar_f407_zero.elf.dir/Core/Src/tim.c.obj
                0x20000ab8                htim6
 .bss.hdma_usart3_tx
                0x20000b00       0x60 CMakeFiles/newcar_f407_zero.elf.dir/Core/Src/usart.c.obj
                0x20000b00                hdma_usart3_tx
 .bss.hdma_usart3_rx
                0x20000b60       0x60 CMakeFiles/newcar_f407_zero.elf.dir/Core/Src/usart.c.obj
                0x20000b60                hdma_usart3_rx
 .bss.hdma_usart2_tx
                0x20000bc0       0x60 CMakeFiles/newcar_f407_zero.elf.dir/Core/Src/usart.c.obj
                0x20000bc0                hdma_usart2_tx
 .bss.hdma_usart2_rx
                0x20000c20       0x60 CMakeFiles/newcar_f407_zero.elf.dir/Core/Src/usart.c.obj
                0x20000c20                hdma_usart2_rx
 .bss.hdma_usart1_tx
                0x20000c80       0x60 CMakeFiles/newcar_f407_zero.elf.dir/Core/Src/usart.c.obj
                0x20000c80                hdma_usart1_tx
 .bss.hdma_uart5_tx
                0x20000ce0       0x60 CMakeFiles/newcar_f407_zero.elf.dir/Core/Src/usart.c.obj
                0x20000ce0                hdma_uart5_tx
 .bss.hdma_uart5_rx
                0x20000d40       0x60 CMakeFiles/newcar_f407_zero.elf.dir/Core/Src/usart.c.obj
                0x20000d40                hdma_uart5_rx
 .bss.hdma_uart4_tx
                0x20000da0       0x60 CMakeFiles/newcar_f407_zero.elf.dir/Core/Src/usart.c.obj
                0x20000da0                hdma_uart4_tx
 .bss.hdma_uart4_rx
                0x20000e00       0x60 CMakeFiles/newcar_f407_zero.elf.dir/Core/Src/usart.c.obj
                0x20000e00                hdma_uart4_rx
 .bss.huart3    0x20000e60       0x48 CMakeFiles/newcar_f407_zero.elf.dir/Core/Src/usart.c.obj
                0x20000e60                huart3
 .bss.huart2    0x20000ea8       0x48 CMakeFiles/newcar_f407_zero.elf.dir/Core/Src/usart.c.obj
                0x20000ea8                huart2
 .bss.huart1    0x20000ef0       0x48 CMakeFiles/newcar_f407_zero.elf.dir/Core/Src/usart.c.obj
                0x20000ef0                huart1
 .bss.huart5    0x20000f38       0x48 CMakeFiles/newcar_f407_zero.elf.dir/Core/Src/usart.c.obj
                0x20000f38                huart5
 .bss.huart4    0x20000f80       0x48 CMakeFiles/newcar_f407_zero.elf.dir/Core/Src/usart.c.obj
                0x20000f80                huart4
 .bss.uwTick    0x20000fc8        0x4 CMakeFiles/newcar_f407_zero.elf.dir/Drivers/STM32F4xx_HAL_Driver/Src/stm32f4xx_hal.c.obj
                0x20000fc8                uwTick
 .bss._ZZ11can_SendCmdE9TxMailbox
                0x20000fcc        0x4 CMakeFiles/newcar_f407_zero.elf.dir/User_File/1_Middleware/1_Driver/CAN/drv_can.cpp.obj
 .bss.can       0x20000fd0       0x78 CMakeFiles/newcar_f407_zero.elf.dir/User_File/1_Middleware/1_Driver/CAN/drv_can.cpp.obj
                0x20000fd0                can
 .bss.TIM_1ms   0x20001048        0xc CMakeFiles/newcar_f407_zero.elf.dir/User_File/1_Middleware/1_Driver/TIM/drv_tim.cpp.obj
                0x20001048                TIM_1ms
 .bss.UART6_Manage_Object
                0x20001054      0x40c CMakeFiles/newcar_f407_zero.elf.dir/User_File/1_Middleware/1_Driver/UART/drv_uart.cpp.obj
                0x20001054                UART6_Manage_Object
 .bss.UART5_Manage_Object
                0x20001460      0x40c CMakeFiles/newcar_f407_zero.elf.dir/User_File/1_Middleware/1_Driver/UART/drv_uart.cpp.obj
                0x20001460                UART5_Manage_Object
 .bss.UART4_Manage_Object
                0x2000186c      0x40c CMakeFiles/newcar_f407_zero.elf.dir/User_File/1_Middleware/1_Driver/UART/drv_uart.cpp.obj
                0x2000186c                UART4_Manage_Object
 .bss.UART3_Manage_Object
                0x20001c78      0x40c CMakeFiles/newcar_f407_zero.elf.dir/User_File/1_Middleware/1_Driver/UART/drv_uart.cpp.obj
                0x20001c78                UART3_Manage_Object
 .bss.UART2_Manage_Object
                0x20002084      0x40c CMakeFiles/newcar_f407_zero.elf.dir/User_File/1_Middleware/1_Driver/UART/drv_uart.cpp.obj
                0x20002084                UART2_Manage_Object
 .bss.UART1_Manage_Object
                0x20002490      0x40c CMakeFiles/newcar_f407_zero.elf.dir/User_File/1_Middleware/1_Driver/UART/drv_uart.cpp.obj
                0x20002490                UART1_Manage_Object
 *(COMMON)
                0x2000289c                        . = ALIGN (0x4)
                0x2000289c                        _ebss = .
                0x2000289c                        __bss_end__ = _ebss

._user_heap_stack
                0x2000289c      0x604
                0x200028a0                        . = ALIGN (0x8)
 *fill*         0x2000289c        0x4 
                [!provide]                        PROVIDE (end = .)
                0x200028a0                        PROVIDE (_end = .)
                0x20002aa0                        . = (. + _Min_Heap_Size)
 *fill*         0x200028a0      0x200 
                0x20002ea0                        . = (. + _Min_Stack_Size)
 *fill*         0x20002aa0      0x400 
                0x20002ea0                        . = ALIGN (0x8)

/DISCARD/
 libc.a(*)
 libm.a(*)
 libgcc.a(*)

.ARM.attributes
                0x00000000       0x30
 *(.ARM.attributes)
 .ARM.attributes
                0x00000000       0x22 C:/msys64/mingw64/bin/../lib/gcc/arm-none-eabi/13.3.0/thumb/v7e-m+fp/hard/crti.o
 .ARM.attributes
                0x00000022       0x34 C:/msys64/mingw64/bin/../lib/gcc/arm-none-eabi/13.3.0/thumb/v7e-m+fp/hard/crtbegin.o
 .ARM.attributes
                0x00000056       0x30 CMakeFiles/newcar_f407_zero.elf.dir/Core/Src/can.c.obj
 .ARM.attributes
                0x00000086       0x30 CMakeFiles/newcar_f407_zero.elf.dir/Core/Src/dma.c.obj
 .ARM.attributes
                0x000000b6       0x30 CMakeFiles/newcar_f407_zero.elf.dir/Core/Src/gpio.c.obj
 .ARM.attributes
                0x000000e6       0x30 CMakeFiles/newcar_f407_zero.elf.dir/Core/Src/iwdg.c.obj
 .ARM.attributes
                0x00000116       0x30 CMakeFiles/newcar_f407_zero.elf.dir/Core/Src/main.c.obj
 .ARM.attributes
                0x00000146       0x30 CMakeFiles/newcar_f407_zero.elf.dir/Core/Src/stm32f4xx_hal_msp.c.obj
 .ARM.attributes
                0x00000176       0x30 CMakeFiles/newcar_f407_zero.elf.dir/Core/Src/stm32f4xx_it.c.obj
 .ARM.attributes
                0x000001a6       0x30 CMakeFiles/newcar_f407_zero.elf.dir/Core/Src/syscalls.c.obj
 .ARM.attributes
                0x000001d6       0x30 CMakeFiles/newcar_f407_zero.elf.dir/Core/Src/sysmem.c.obj
 .ARM.attributes
                0x00000206       0x30 CMakeFiles/newcar_f407_zero.elf.dir/Core/Src/system_stm32f4xx.c.obj
 .ARM.attributes
                0x00000236       0x30 CMakeFiles/newcar_f407_zero.elf.dir/Core/Src/tim.c.obj
 .ARM.attributes
                0x00000266       0x30 CMakeFiles/newcar_f407_zero.elf.dir/Core/Src/usart.c.obj
 .ARM.attributes
                0x00000296       0x21 CMakeFiles/newcar_f407_zero.elf.dir/Core/Startup/startup_stm32f407vetx.s.obj
 .ARM.attributes
                0x000002b7       0x30 CMakeFiles/newcar_f407_zero.elf.dir/Drivers/STM32F4xx_HAL_Driver/Src/stm32f4xx_hal.c.obj
 .ARM.attributes
                0x000002e7       0x30 CMakeFiles/newcar_f407_zero.elf.dir/Drivers/STM32F4xx_HAL_Driver/Src/stm32f4xx_hal_can.c.obj
 .ARM.attributes
                0x00000317       0x30 CMakeFiles/newcar_f407_zero.elf.dir/Drivers/STM32F4xx_HAL_Driver/Src/stm32f4xx_hal_cortex.c.obj
 .ARM.attributes
                0x00000347       0x30 CMakeFiles/newcar_f407_zero.elf.dir/Drivers/STM32F4xx_HAL_Driver/Src/stm32f4xx_hal_dma.c.obj
 .ARM.attributes
                0x00000377       0x30 CMakeFiles/newcar_f407_zero.elf.dir/Drivers/STM32F4xx_HAL_Driver/Src/stm32f4xx_hal_gpio.c.obj
 .ARM.attributes
                0x000003a7       0x30 CMakeFiles/newcar_f407_zero.elf.dir/Drivers/STM32F4xx_HAL_Driver/Src/stm32f4xx_hal_iwdg.c.obj
 .ARM.attributes
                0x000003d7       0x30 CMakeFiles/newcar_f407_zero.elf.dir/Drivers/STM32F4xx_HAL_Driver/Src/stm32f4xx_hal_rcc.c.obj
 .ARM.attributes
                0x00000407       0x30 CMakeFiles/newcar_f407_zero.elf.dir/Drivers/STM32F4xx_HAL_Driver/Src/stm32f4xx_hal_tim.c.obj
 .ARM.attributes
                0x00000437       0x30 CMakeFiles/newcar_f407_zero.elf.dir/Drivers/STM32F4xx_HAL_Driver/Src/stm32f4xx_hal_tim_ex.c.obj
 .ARM.attributes
                0x00000467       0x30 CMakeFiles/newcar_f407_zero.elf.dir/Drivers/STM32F4xx_HAL_Driver/Src/stm32f4xx_hal_uart.c.obj
 .ARM.attributes
                0x00000497       0x30 CMakeFiles/newcar_f407_zero.elf.dir/User_File/1_Middleware/1_Driver/CAN/drv_can.cpp.obj
 .ARM.attributes
                0x000004c7       0x30 CMakeFiles/newcar_f407_zero.elf.dir/User_File/1_Middleware/1_Driver/TIM/drv_tim.cpp.obj
 .ARM.attributes
                0x000004f7       0x30 CMakeFiles/newcar_f407_zero.elf.dir/User_File/1_Middleware/1_Driver/UART/drv_uart.cpp.obj
 .ARM.attributes
                0x00000527       0x30 CMakeFiles/newcar_f407_zero.elf.dir/User_File/2_Device/Motor/Motor_ZDT42/ZDT_X42_V2.c.obj
 .ARM.attributes
                0x00000557       0x30 CMakeFiles/newcar_f407_zero.elf.dir/User_File/2_Device/Vofa/vofa.c.obj
 .ARM.attributes
                0x00000587       0x34 D:\Desktop\new_carrycar\newcar_f407_zero\Middlewares\ST\ARM\DSP\Lib\libarm_cortexM4lf_math.a(arm_sin_f32.o)
 .ARM.attributes
                0x000005bb       0x39 D:\Desktop\new_carrycar\newcar_f407_zero\Middlewares\ST\ARM\DSP\Lib\libarm_cortexM4lf_math.a(arm_common_tables.o)
 .ARM.attributes
                0x000005f4       0x22 C:/msys64/mingw64/bin/../lib/gcc/arm-none-eabi/13.3.0/thumb/v7e-m+fp/hard\libgcc.a(_arm_addsubdf3.o)
 .ARM.attributes
                0x00000616       0x22 C:/msys64/mingw64/bin/../lib/gcc/arm-none-eabi/13.3.0/thumb/v7e-m+fp/hard\libgcc.a(_arm_truncdfsf2.o)
 .ARM.attributes
                0x00000638       0x22 C:/msys64/mingw64/bin/../lib/gcc/arm-none-eabi/13.3.0/thumb/v7e-m+fp/hard\libgcc.a(_aeabi_uldivmod.o)
 .ARM.attributes
                0x0000065a       0x34 C:/msys64/mingw64/bin/../lib/gcc/arm-none-eabi/13.3.0/thumb/v7e-m+fp/hard\libgcc.a(_udivmoddi4.o)
 .ARM.attributes
                0x0000068e       0x34 C:/msys64/mingw64/bin/../lib/gcc/arm-none-eabi/13.3.0/thumb/v7e-m+fp/hard\libgcc.a(unwind-arm.o)
 .ARM.attributes
                0x000006c2       0x22 C:/msys64/mingw64/bin/../lib/gcc/arm-none-eabi/13.3.0/thumb/v7e-m+fp/hard\libgcc.a(libunwind.o)
 .ARM.attributes
                0x000006e4       0x34 C:/msys64/mingw64/bin/../lib/gcc/arm-none-eabi/13.3.0/thumb/v7e-m+fp/hard\libgcc.a(pr-support.o)
 .ARM.attributes
                0x00000718       0x22 C:/msys64/mingw64/bin/../lib/gcc/arm-none-eabi/13.3.0/thumb/v7e-m+fp/hard\libgcc.a(_dvmd_tls.o)
 .ARM.attributes
                0x0000073a       0x34 C:/msys64/mingw64/bin/../lib/gcc/arm-none-eabi/13.3.0/../../../../arm-none-eabi/lib/thumb/v7e-m+fp/hard\libg.a(libc_a-abort.o)
 .ARM.attributes
                0x0000076e       0x34 C:/msys64/mingw64/bin/../lib/gcc/arm-none-eabi/13.3.0/../../../../arm-none-eabi/lib/thumb/v7e-m+fp/hard\libg.a(libc_a-atexit.o)
 .ARM.attributes
                0x000007a2       0x34 C:/msys64/mingw64/bin/../lib/gcc/arm-none-eabi/13.3.0/../../../../arm-none-eabi/lib/thumb/v7e-m+fp/hard\libg.a(libc_a-findfp.o)
 .ARM.attributes
                0x000007d6       0x34 C:/msys64/mingw64/bin/../lib/gcc/arm-none-eabi/13.3.0/../../../../arm-none-eabi/lib/thumb/v7e-m+fp/hard\libg.a(libc_a-fwalk.o)
 .ARM.attributes
                0x0000080a       0x34 C:/msys64/mingw64/bin/../lib/gcc/arm-none-eabi/13.3.0/../../../../arm-none-eabi/lib/thumb/v7e-m+fp/hard\libg.a(libc_a-stdio.o)
 .ARM.attributes
                0x0000083e       0x34 C:/msys64/mingw64/bin/../lib/gcc/arm-none-eabi/13.3.0/../../../../arm-none-eabi/lib/thumb/v7e-m+fp/hard\libg.a(libc_a-vsnprintf.o)
 .ARM.attributes
                0x00000872       0x34 C:/msys64/mingw64/bin/../lib/gcc/arm-none-eabi/13.3.0/../../../../arm-none-eabi/lib/thumb/v7e-m+fp/hard\libg.a(libc_a-memset.o)
 .ARM.attributes
                0x000008a6       0x34 C:/msys64/mingw64/bin/../lib/gcc/arm-none-eabi/13.3.0/../../../../arm-none-eabi/lib/thumb/v7e-m+fp/hard\libg.a(libc_a-signal.o)
 .ARM.attributes
                0x000008da       0x34 C:/msys64/mingw64/bin/../lib/gcc/arm-none-eabi/13.3.0/../../../../arm-none-eabi/lib/thumb/v7e-m+fp/hard\libg.a(libc_a-closer.o)
 .ARM.attributes
                0x0000090e       0x34 C:/msys64/mingw64/bin/../lib/gcc/arm-none-eabi/13.3.0/../../../../arm-none-eabi/lib/thumb/v7e-m+fp/hard\libg.a(libc_a-reent.o)
 .ARM.attributes
                0x00000942       0x34 C:/msys64/mingw64/bin/../lib/gcc/arm-none-eabi/13.3.0/../../../../arm-none-eabi/lib/thumb/v7e-m+fp/hard\libg.a(libc_a-impure.o)
 .ARM.attributes
                0x00000976       0x34 C:/msys64/mingw64/bin/../lib/gcc/arm-none-eabi/13.3.0/../../../../arm-none-eabi/lib/thumb/v7e-m+fp/hard\libg.a(libc_a-lseekr.o)
 .ARM.attributes